 PhysXCooking_64

 Timestamp is 68e05dd9 (Fri Oct  3 16:35:53 2025)

 Preferred load address is 0000000180000000

 Start         Length     Name                   Class
 0001:00000000 00000060H .text$di                CODE
 0001:00000060 00001de0H .text$mn                CODE
 0001:00001e40 00000036H .text$mn$00             CODE
 0001:00001e76 00000092H .text$x                 CODE
 0002:00000000 00000150H .idata$5                DATA
 0002:00000150 00000028H .00cfg                  DATA
 0002:00000178 00000008H .CRT$XCA                DATA
 0002:00000180 00000030H .CRT$XCU                DATA
 0002:000001b0 00000008H .CRT$XCZ                DATA
 0002:000001b8 00000008H .CRT$XIA                DATA
 0002:000001c0 00000008H .CRT$XIZ                DATA
 0002:000001c8 00000008H .CRT$XPA                DATA
 0002:000001d0 00000008H .CRT$XPZ                DATA
 0002:000001d8 00000008H .CRT$XTA                DATA
 0002:000001e0 00000010H .CRT$XTZ                DATA
 0002:000001e8 00000000H .gehcont$y              DATA
 0002:000001e8 00000000H .gfids$y                DATA
 0002:000001f0 00000490H .rdata                  DATA
 0002:00000680 00000000H .rdata$CastGuardVftablesA DATA
 0002:00000680 00000000H .rdata$CastGuardVftablesC DATA
 0002:00000680 00000074H .rdata$r                DATA
 0002:000006f4 00000020H .rdata$voltmd           DATA
 0002:00000714 000003d4H .rdata$zzzdbg           DATA
 0002:00000ae8 00000008H .rtc$IAA                DATA
 0002:00000af0 00000008H .rtc$IZZ                DATA
 0002:00000af8 00000008H .rtc$TAA                DATA
 0002:00000b00 00000008H .rtc$TZZ                DATA
 0002:00000b08 000002dcH .xdata                  DATA
 0002:00000de4 00000040H .didat$2                DATA
 0002:00000e24 00000024H .didat$3                DATA
 0002:00000e48 000000d0H .didat$4                DATA
 0002:00000f18 00000280H .didat$6                DATA
 0002:00001198 000000d8H .didat$7                DATA
 0002:00001270 00000af8H .edata                  DATA
 0002:00001d68 00000050H .idata$2                DATA
 0002:00001db8 00000018H .idata$3                DATA
 0002:00001dd0 00000150H .idata$4                DATA
 0002:00001f20 00000368H .idata$6                DATA
 0003:00000000 00000040H .data                   DATA
 0003:00000040 00000090H .data$r                 DATA
 0003:000000d0 00000020H .data$rs                DATA
 0003:000000f0 000000d0H .didat$5                DATA
 0003:000001c0 00000138H .bss                    DATA
 0004:00000000 0000030cH .pdata                  DATA
 0005:00000000 000000a0H .rsrc$01                DATA
 0005:000000a0 000004b0H .rsrc$02                DATA

  Address         Publics by Value              Rva+Base               Lib:Object

 0000:00000000       __x64_code_ranges_to_entry_points_count 0000000000000000     <absolute>
 0000:00000000       __guard_iat_count          0000000000000000     <absolute>
 0000:00000000       __hybrid_auxiliary_iat     0000000000000000     <absolute>
 0000:00000000       __hybrid_auxiliary_iat_copy 0000000000000000     <absolute>
 0000:00000000       __guard_iat_table          0000000000000000     <absolute>
 0000:00000000       __arm64x_redirection_metadata 0000000000000000     <absolute>
 0000:00000000       __guard_longjmp_count      0000000000000000     <absolute>
 0000:00000000       ___safe_se_handler_table   0000000000000000     <absolute>
 0000:00000000       __hybrid_code_map_count    0000000000000000     <absolute>
 0000:00000000       __AbsoluteZero             0000000000000000     <absolute>
 0000:00000000       __dynamic_value_reloc_table 0000000000000000     <absolute>
 0000:00000000       __guard_check_icall_a64n_fptr 0000000000000000     <absolute>
 0000:00000000       __guard_fids_table         0000000000000000     <absolute>
 0000:00000000       __guard_longjmp_table      0000000000000000     <absolute>
 0000:00000000       __x64_code_ranges_to_entry_points 0000000000000000     <absolute>
 0000:00000000       __guard_fids_count         0000000000000000     <absolute>
 0000:00000000       __arm64x_extra_rfe_table   0000000000000000     <absolute>
 0000:00000000       __hybrid_code_map          0000000000000000     <absolute>
 0000:00000000       __arm64x_native_entrypoint 0000000000000000     <absolute>
 0000:00000000       __arm64x_extra_rfe_table_size 0000000000000000     <absolute>
 0000:00000000       __guard_eh_cont_table      0000000000000000     <absolute>
 0000:00000000       __guard_eh_cont_count      0000000000000000     <absolute>
 0000:00000000       ___safe_se_handler_count   0000000000000000     <absolute>
 0000:00000000       __arm64x_redirection_metadata_count 0000000000000000     <absolute>
 0000:00000000       __enclave_config           0000000000000000     <absolute>
 0000:00000100       __guard_flags              0000000000000100     <absolute>
 0000:00000000       __ImageBase                0000000180000000     <linker-defined>
 0001:00000060       ??$copy@V?$PxReflectionAllocator@USlab@NodeAllocator@Gu@physx@@@physx@@@?$PxArray@USlab@NodeAllocator@Gu@physx@@V?$PxReflectionAllocator@USlab@NodeAllocator@Gu@physx@@@4@@physx@@IEAAXAEBV01@@Z 0000000180001060 f i Cooking.obj
 0001:000000e0       ??0AABBTreeBounds@Gu@physx@@QEAA@XZ 00000001800010e0 f i Cooking.obj
 0001:000000f0       ??0AABBTreeBuildNode@Gu@physx@@QEAA@AEBV012@@Z 00000001800010f0 f i Cooking.obj
 0001:000000f0       ??4AABBTreeBuildNode@Gu@physx@@QEAAAEAV012@AEBV012@@Z 00000001800010f0 f i Cooking.obj
 0001:00000130       ??0AABBTreeBuildNode@Gu@physx@@QEAA@XZ 0000000180001130 f i Cooking.obj
 0001:00000130       ?getAABB@AABBTreeBuildNode@Gu@physx@@QEBAAEBVPxBounds3@3@XZ 0000000180001130 f i Cooking.obj
 0001:00000130       ??4PxFoundation@physx@@QEAAAEAV01@AEBV01@@Z 0000000180001130 f i Cooking.obj
 0001:00000140       ??0AABBTreeBuildParams@Gu@physx@@QEAA@IIPEBVAABBTreeBounds@12@W4BVHBuildStrategy@12@@Z 0000000180001140 f i Cooking.obj
 0001:00000160       ??0NodeAllocator@Gu@physx@@QEAA@AEBV012@@Z 0000000180001160 f i Cooking.obj
 0001:000001a0       ??0PxFoundation@physx@@QEAA@XZ 00000001800011a0 f i Cooking.obj
 0001:000001a0       ??0PxFoundation@physx@@QEAA@AEBV01@@Z 00000001800011a0 f i Cooking.obj
 0001:000001b0       ??1AABBTreeBounds@Gu@physx@@QEAA@XZ 00000001800011b0 f i Cooking.obj
 0001:000001c0       _guard_check_icall_nop     00000001800011c0 f i MSVCRT:guard_support.obj
 0001:000001c0       ??1AABBTreeBuildNode@Gu@physx@@QEAA@XZ 00000001800011c0 f i Cooking.obj
 0001:000001d0       ?reset@AABBTreeBuildParams@Gu@physx@@QEAAXXZ 00000001800011d0 f i Cooking.obj
 0001:000001d0       ??1AABBTreeBuildParams@Gu@physx@@QEAA@XZ 00000001800011d0 f i Cooking.obj
 0001:00000220       ??1PxFoundation@physx@@MEAA@XZ 0000000180001220 f i Cooking.obj
 0001:00000230       ??4AABBTreeBounds@Gu@physx@@QEAAAEAV012@AEBV012@@Z 0000000180001230 f i Cooking.obj
 0001:00000240       ??4AABBTreeBuildParams@Gu@physx@@QEAAAEAV012@AEBV012@@Z 0000000180001240 f i Cooking.obj
 0001:00000260       ??4NodeAllocator@Gu@physx@@QEAAAEAV012@AEBV012@@Z 0000000180001260 f i Cooking.obj
 0001:00000310       ??_EPxFoundation@physx@@MEAAPEAXI@Z 0000000180001310 f i Cooking.obj
 0001:000003a0       ??_FAABBTreeBuildParams@Gu@physx@@QEAAXXZ 00000001800013a0 f i Cooking.obj
 0001:000003c0       ?allocate@?$PxArray@USlab@NodeAllocator@Gu@physx@@V?$PxReflectionAllocator@USlab@NodeAllocator@Gu@physx@@@4@@physx@@IEAAPEAUSlab@NodeAllocator@Gu@2@IPEAI@Z 00000001800013c0 f i Cooking.obj
 0001:00000450       ?getBounds@AABBTreeBounds@Gu@physx@@QEBAPEBVPxBounds3@3@XZ 0000000180001450 f i Cooking.obj
 0001:00000450       ?getBounds@AABBTreeBounds@Gu@physx@@QEAAPEAVPxBounds3@3@XZ 0000000180001450 f i Cooking.obj
 0001:00000460       ?getNbRuntimePrimitives@AABBTreeBuildNode@Gu@physx@@QEBAIXZ 0000000180001460 f i Cooking.obj
 0001:00000460       ?getNbPrimitives@AABBTreeBuildNode@Gu@physx@@QEBAIXZ 0000000180001460 f i Cooking.obj
 0001:00000470       ?getNeg@AABBTreeBuildNode@Gu@physx@@QEBAPEBV123@XZ 0000000180001470 f i Cooking.obj
 0001:00000490       ?getPos@AABBTreeBuildNode@Gu@physx@@QEBAPEBV123@XZ 0000000180001490 f i Cooking.obj
 0001:000004a0       ?getPrimitives@AABBTreeBuildNode@Gu@physx@@QEBAPEBIPEBI@Z 00000001800014a0 f i Cooking.obj
 0001:000004a0       ?getPrimitives@AABBTreeBuildNode@Gu@physx@@QEAAPEAIPEAI@Z 00000001800014a0 f i Cooking.obj
 0001:000004b0       ?isLeaf@AABBTreeBuildNode@Gu@physx@@QEBA_NXZ 00000001800014b0 f i Cooking.obj
 0001:000004c0       ?moveFrom@AABBTreeBounds@Gu@physx@@QEAAXAEAV123@@Z 00000001800014c0 f i Cooking.obj
 0001:000004d0       ?ownsMemory@AABBTreeBounds@Gu@physx@@QEBA_NXZ 00000001800014d0 f i Cooking.obj
 0001:000004e0       ?recreate@?$PxArray@USlab@NodeAllocator@Gu@physx@@V?$PxReflectionAllocator@USlab@NodeAllocator@Gu@physx@@@4@@physx@@IEAAXI@Z 00000001800014e0 f i Cooking.obj
 0001:000005d0       ?setBounds@AABBTreeBounds@Gu@physx@@QEAAXPEAVPxBounds3@3@@Z 00000001800015d0 f i Cooking.obj
 0001:000005e0       ?setNbRunTimePrimitives@AABBTreeBuildNode@Gu@physx@@QEAAXI@Z 00000001800015e0 f i Cooking.obj
 0001:000005f0       ?takeOwnership@AABBTreeBounds@Gu@physx@@QEAAXXZ 00000001800015f0 f i Cooking.obj
 0001:00000600       PxAssembleDeformableVolumeMesh 0000000180001600 f   Cooking.obj
 0001:00000610       PxComputeCollisionData     0000000180001610 f   Cooking.obj
 0001:00000620       PxComputeHullPolygons      0000000180001620 f   Cooking.obj
 0001:00000630       PxComputeModelsMapping     0000000180001630 f   Cooking.obj
 0001:00000640       PxComputeSimulationData    0000000180001640 f   Cooking.obj
 0001:00000650       PxCookBVH                  0000000180001650 f   Cooking.obj
 0001:00000660       PxCookConvexMesh           0000000180001660 f   Cooking.obj
 0001:00000670       PxCookDeformableVolumeMesh 0000000180001670 f   Cooking.obj
 0001:00000680       PxCookHeightField          0000000180001680 f   Cooking.obj
 0001:00000690       PxCookTetrahedronMesh      0000000180001690 f   Cooking.obj
 0001:000006a0       PxCookTriangleMesh         00000001800016a0 f   Cooking.obj
 0001:000006b0       PxCreateBVH                00000001800016b0 f   Cooking.obj
 0001:000006c0       PxCreateBVHInternal        00000001800016c0 f   Cooking.obj
 0001:00000750       PxCreateConvexMesh         0000000180001750 f   Cooking.obj
 0001:00000760       PxCreateDeformableVolumeMesh 0000000180001760 f   Cooking.obj
 0001:00000770       PxCreateHeightField        0000000180001770 f   Cooking.obj
 0001:00000780       PxCreateTetrahedronMesh    0000000180001780 f   Cooking.obj
 0001:00000790       PxCreateTriangleMesh       0000000180001790 f   Cooking.obj
 0001:000007a0       PxCreateTriangleMeshInternal 00000001800017a0 f   Cooking.obj
 0001:00000830       PxGetStandaloneInsertionCallback 0000000180001830 f   Cooking.obj
 0001:00000840       PxValidateConvexMesh       0000000180001840 f   Cooking.obj
 0001:00000850       PxValidateTriangleMesh     0000000180001850 f   Cooking.obj
 0001:00000860       ?cookingDelayHook@@YAP6A_JXZIPEAUDelayLoadInfo@@@Z 0000000180001860 f   WindowsCookingDelayLoadHook.obj
 0001:00000940       PxSetPhysXCookingDelayLoadHook 0000000180001940 f   WindowsCookingDelayLoadHook.obj
 0001:00000948       __imp_load_getInsertionCallback 0000000180001948 f   PhysXCommon_64:PhysXCommon_64.dll
 0001:00000954       getInsertionCallback       0000000180001954 f   PhysXCommon_64:PhysXCommon_64.dll
 0001:0000095a       __tailMerge_physxcommon_64_dll 000000018000195a     PhysXCommon_64:PhysXCommon_64.dll
 0001:000009d3       __imp_load_cookBVH         00000001800019d3 f   PhysXCommon_64:PhysXCommon_64.dll
 0001:000009df       cookBVH                    00000001800019df f   PhysXCommon_64:PhysXCommon_64.dll
 0001:000009e5       __imp_load_createBVH       00000001800019e5 f   PhysXCommon_64:PhysXCommon_64.dll
 0001:000009f1       createBVH                  00000001800019f1 f   PhysXCommon_64:PhysXCommon_64.dll
 0001:000009f7       __imp_load_cookHeightField 00000001800019f7 f   PhysXCommon_64:PhysXCommon_64.dll
 0001:00000a03       cookHeightField            0000000180001a03 f   PhysXCommon_64:PhysXCommon_64.dll
 0001:00000a09       __imp_load_createHeightField 0000000180001a09 f   PhysXCommon_64:PhysXCommon_64.dll
 0001:00000a15       createHeightField          0000000180001a15 f   PhysXCommon_64:PhysXCommon_64.dll
 0001:00000a1b       __imp_load_cookConvexMesh  0000000180001a1b f   PhysXCommon_64:PhysXCommon_64.dll
 0001:00000a27       cookConvexMesh             0000000180001a27 f   PhysXCommon_64:PhysXCommon_64.dll
 0001:00000a2d       __imp_load_createConvexMesh 0000000180001a2d f   PhysXCommon_64:PhysXCommon_64.dll
 0001:00000a39       createConvexMesh           0000000180001a39 f   PhysXCommon_64:PhysXCommon_64.dll
 0001:00000a3f       __imp_load_validateConvexMesh 0000000180001a3f f   PhysXCommon_64:PhysXCommon_64.dll
 0001:00000a4b       validateConvexMesh         0000000180001a4b f   PhysXCommon_64:PhysXCommon_64.dll
 0001:00000a51       __imp_load_computeHullPolygons 0000000180001a51 f   PhysXCommon_64:PhysXCommon_64.dll
 0001:00000a5d       computeHullPolygons        0000000180001a5d f   PhysXCommon_64:PhysXCommon_64.dll
 0001:00000a63       __imp_load_validateTriangleMesh 0000000180001a63 f   PhysXCommon_64:PhysXCommon_64.dll
 0001:00000a6f       validateTriangleMesh       0000000180001a6f f   PhysXCommon_64:PhysXCommon_64.dll
 0001:00000a75       __imp_load_createTriangleMesh 0000000180001a75 f   PhysXCommon_64:PhysXCommon_64.dll
 0001:00000a81       createTriangleMesh         0000000180001a81 f   PhysXCommon_64:PhysXCommon_64.dll
 0001:00000a87       __imp_load_cookTriangleMesh 0000000180001a87 f   PhysXCommon_64:PhysXCommon_64.dll
 0001:00000a93       cookTriangleMesh           0000000180001a93 f   PhysXCommon_64:PhysXCommon_64.dll
 0001:00000a99       __imp_load_cookTetrahedronMesh 0000000180001a99 f   PhysXCommon_64:PhysXCommon_64.dll
 0001:00000aa5       cookTetrahedronMesh        0000000180001aa5 f   PhysXCommon_64:PhysXCommon_64.dll
 0001:00000aab       __imp_load_createTetrahedronMesh 0000000180001aab f   PhysXCommon_64:PhysXCommon_64.dll
 0001:00000ab7       createTetrahedronMesh      0000000180001ab7 f   PhysXCommon_64:PhysXCommon_64.dll
 0001:00000abd       __imp_load_cookDeformableVolumeMesh 0000000180001abd f   PhysXCommon_64:PhysXCommon_64.dll
 0001:00000ac9       cookDeformableVolumeMesh   0000000180001ac9 f   PhysXCommon_64:PhysXCommon_64.dll
 0001:00000acf       __imp_load_createDeformableVolumeMesh 0000000180001acf f   PhysXCommon_64:PhysXCommon_64.dll
 0001:00000adb       createDeformableVolumeMesh 0000000180001adb f   PhysXCommon_64:PhysXCommon_64.dll
 0001:00000ae1       __imp_load_computeModelsMapping 0000000180001ae1 f   PhysXCommon_64:PhysXCommon_64.dll
 0001:00000aed       computeModelsMapping       0000000180001aed f   PhysXCommon_64:PhysXCommon_64.dll
 0001:00000af3       __imp_load_computeCollisionData 0000000180001af3 f   PhysXCommon_64:PhysXCommon_64.dll
 0001:00000aff       computeCollisionData       0000000180001aff f   PhysXCommon_64:PhysXCommon_64.dll
 0001:00000b05       __imp_load_computeSimulationData 0000000180001b05 f   PhysXCommon_64:PhysXCommon_64.dll
 0001:00000b11       computeSimulationData      0000000180001b11 f   PhysXCommon_64:PhysXCommon_64.dll
 0001:00000b17       __imp_load_assembleDeformableVolumeMesh 0000000180001b17 f   PhysXCommon_64:PhysXCommon_64.dll
 0001:00000b23       assembleDeformableVolumeMesh 0000000180001b23 f   PhysXCommon_64:PhysXCommon_64.dll
 0001:00000b29       __imp_load_?release@AABBTreeBounds@Gu@physx@@QEAAXXZ 0000000180001b29 f   PhysXCommon_64:PhysXCommon_64.dll
 0001:00000b35       ?release@AABBTreeBounds@Gu@physx@@QEAAXXZ 0000000180001b35 f   PhysXCommon_64:PhysXCommon_64.dll
 0001:00000b3b       __imp_load_??0BVH@Gu@physx@@QEAA@AEBUPxBVHInternalData@2@@Z 0000000180001b3b f   PhysXCommon_64:PhysXCommon_64.dll
 0001:00000b47       ??0BVH@Gu@physx@@QEAA@AEBUPxBVHInternalData@2@@Z 0000000180001b47 f   PhysXCommon_64:PhysXCommon_64.dll
 0001:00000b4d       __imp_load_??0BV4TriangleMesh@Gu@physx@@QEAA@AEBUPxTriangleMeshInternalData@2@@Z 0000000180001b4d f   PhysXCommon_64:PhysXCommon_64.dll
 0001:00000b59       ??0BV4TriangleMesh@Gu@physx@@QEAA@AEBUPxTriangleMeshInternalData@2@@Z 0000000180001b59 f   PhysXCommon_64:PhysXCommon_64.dll
 0001:00000b5f       __imp_load_PxGetBroadcastAllocator 0000000180001b5f f   PhysXFoundation_64:PhysXFoundation_64.dll
 0001:00000b6b       PxGetBroadcastAllocator    0000000180001b6b f   PhysXFoundation_64:PhysXFoundation_64.dll
 0001:00000b71       __tailMerge_physxfoundation_64_dll 0000000180001b71     PhysXFoundation_64:PhysXFoundation_64.dll
 0001:00000bec       ?DloadAcquireSectionWriteAccess@@YAXXZ 0000000180001bec f i Delayimp:delayhlp.obj
 0001:00000c98       ?DloadGetSRWLockFunctionPointers@@YAEXZ 0000000180001c98 f i Delayimp:delayhlp.obj
 0001:00000d34       ?DloadMakePermanentImageCommit@@YAXPEAX_K@Z 0000000180001d34 f i Delayimp:delayhlp.obj
 0001:00000dcc       ?DloadObtainSection@@YAPEAXPEAK0@Z 0000000180001dcc f i Delayimp:delayhlp.obj
 0001:00000e68       ?DloadProtectSection@@YAXKPEAK@Z 0000000180001e68 f i Delayimp:delayhlp.obj
 0001:00000ef8       ?DloadReleaseSectionWriteAccess@@YAXXZ 0000000180001ef8 f i Delayimp:delayhlp.obj
 0001:00000f8c       __delayLoadHelper2         0000000180001f8c f   Delayimp:delayhlp.obj
 0001:00001260       ??3@YAXPEAX@Z              0000000180002260 f   MSVCRT:delete_scalar.obj
 0001:00001268       ??3@YAXPEAX_K@Z            0000000180002268 f   MSVCRT:delete_scalar_size.obj
 0001:00001268       ??_V@YAXPEAX@Z             0000000180002268 f   MSVCRT:delete_array.obj
 0001:00001270       ??_V@YAXPEAX_K@Z           0000000180002270 f   MSVCRT:delete_array_size.obj
 0001:00001278       ??_Etype_info@@UEAAPEAXI@Z 0000000180002278 f i MSVCRT:std_type_info_static.obj
 0001:00001278       ??_Gtype_info@@UEAAPEAXI@Z 0000000180002278 f i MSVCRT:std_type_info_static.obj
 0001:000012a4       ?__scrt_initialize_type_info@@YAXXZ 00000001800022a4 f   MSVCRT:tncleanup.obj
 0001:000012b4       ?__scrt_uninitialize_type_info@@YAXXZ 00000001800022b4 f   MSVCRT:tncleanup.obj
 0001:000015e0       _DllMainCRTStartup         00000001800025e0 f   MSVCRT:dll_dllmain.obj
 0001:00001620       __security_init_cookie     0000000180002620 f   MSVCRT:gs_support.obj
 0001:000016cc       DllMain                    00000001800026cc f   MSVCRT:dll_dllmain_stub.obj
 0001:000016f0       __local_stdio_printf_options 00000001800026f0 f i MSVCRT:default_local_stdio_options.obj
 0001:000016f8       __local_stdio_scanf_options 00000001800026f8 f i MSVCRT:default_local_stdio_options.obj
 0001:00001700       __scrt_initialize_default_local_stdio_options 0000000180002700 f   MSVCRT:default_local_stdio_options.obj
 0001:0000171c       __scrt_acquire_startup_lock 000000018000271c f   MSVCRT:utility.obj
 0001:00001758       __scrt_dllmain_after_initialize_c 0000000180002758 f   MSVCRT:utility.obj
 0001:0000178c       __scrt_dllmain_before_initialize_c 000000018000278c f   MSVCRT:utility.obj
 0001:000017a4       __scrt_dllmain_crt_thread_attach 00000001800027a4 f   MSVCRT:utility.obj
 0001:000017cc       __scrt_dllmain_crt_thread_detach 00000001800027cc f   MSVCRT:utility.obj
 0001:000017e4       __scrt_dllmain_exception_filter 00000001800027e4 f   MSVCRT:utility.obj
 0001:00001844       __scrt_dllmain_uninitialize_c 0000000180002844 f   MSVCRT:utility.obj
 0001:00001874       __scrt_dllmain_uninitialize_critical 0000000180002874 f   MSVCRT:utility.obj
 0001:00001888       __scrt_initialize_crt      0000000180002888 f   MSVCRT:utility.obj
 0001:000018d4       __scrt_initialize_onexit_tables 00000001800028d4 f   MSVCRT:utility.obj
 0001:00001960       __scrt_is_nonwritable_in_current_image 0000000180002960 f   MSVCRT:utility.obj
 0001:000019f8       __scrt_release_startup_lock 00000001800029f8 f   MSVCRT:utility.obj
 0001:00001a1c       __scrt_uninitialize_crt    0000000180002a1c f   MSVCRT:utility.obj
 0001:00001a48       __scrt_get_dyn_tls_init_callback 0000000180002a48 f   MSVCRT:dyn_tls_init.obj
 0001:00001a50       __crt_debugger_hook        0000000180002a50 f   MSVCRT:utility_desktop.obj
 0001:00001a58       __scrt_fastfail            0000000180002a58 f   MSVCRT:utility_desktop.obj
 0001:00001ba4       _RTC_Initialize            0000000180002ba4 f   MSVCRT:initsect.obj
 0001:00001be0       _RTC_Terminate             0000000180002be0 f   MSVCRT:initsect.obj
 0001:00001c20       __isa_available_init       0000000180002c20 f   MSVCRT:cpu_disp.obj
 0001:00001dc4       _get_startup_argv_mode     0000000180002dc4 f   MSVCRT:argv_mode.obj
 0001:00001dcc       __scrt_is_ucrt_dll_in_use  0000000180002dcc f   MSVCRT:ucrt_detection.obj
 0001:00001dd8       _purecall                  0000000180002dd8 f   vcruntime:VCRUNTIME140.dll
 0001:00001dde       __std_type_info_name       0000000180002dde f   vcruntime:VCRUNTIME140.dll
 0001:00001de4       strstr                     0000000180002de4 f   vcruntime:VCRUNTIME140.dll
 0001:00001dea       __std_type_info_destroy_list 0000000180002dea f   vcruntime:VCRUNTIME140.dll
 0001:00001df0       __C_specific_handler       0000000180002df0 f   vcruntime:VCRUNTIME140.dll
 0001:00001df6       memset                     0000000180002df6 f   vcruntime:VCRUNTIME140.dll
 0001:00001dfc       free                       0000000180002dfc f   ucrt:api-ms-win-crt-heap-l1-1-0.dll
 0001:00001e02       _initterm                  0000000180002e02 f   ucrt:api-ms-win-crt-runtime-l1-1-0.dll
 0001:00001e08       _initterm_e                0000000180002e08 f   ucrt:api-ms-win-crt-runtime-l1-1-0.dll
 0001:00001e0e       _seh_filter_dll            0000000180002e0e f   ucrt:api-ms-win-crt-runtime-l1-1-0.dll
 0001:00001e14       _configure_narrow_argv     0000000180002e14 f   ucrt:api-ms-win-crt-runtime-l1-1-0.dll
 0001:00001e1a       _initialize_narrow_environment 0000000180002e1a f   ucrt:api-ms-win-crt-runtime-l1-1-0.dll
 0001:00001e20       _initialize_onexit_table   0000000180002e20 f   ucrt:api-ms-win-crt-runtime-l1-1-0.dll
 0001:00001e26       _execute_onexit_table      0000000180002e26 f   ucrt:api-ms-win-crt-runtime-l1-1-0.dll
 0001:00001e2c       _cexit                     0000000180002e2c f   ucrt:api-ms-win-crt-runtime-l1-1-0.dll
 0001:00001e34       __vcrt_thread_detach       0000000180002e34 f   MSVCRT:ucrt_stubs.obj
 0001:00001e34       __acrt_uninitialize        0000000180002e34 f   MSVCRT:ucrt_stubs.obj
 0001:00001e34       __scrt_stub_for_acrt_thread_attach 0000000180002e34 f   MSVCRT:ucrt_stubs.obj
 0001:00001e34       __vcrt_initialize          0000000180002e34 f   MSVCRT:ucrt_stubs.obj
 0001:00001e34       __acrt_initialize          0000000180002e34 f   MSVCRT:ucrt_stubs.obj
 0001:00001e34       __scrt_stub_for_acrt_thread_detach 0000000180002e34 f   MSVCRT:ucrt_stubs.obj
 0001:00001e34       __acrt_thread_detach       0000000180002e34 f   MSVCRT:ucrt_stubs.obj
 0001:00001e34       __vcrt_uninitialize        0000000180002e34 f   MSVCRT:ucrt_stubs.obj
 0001:00001e34       __acrt_uninitialize_critical 0000000180002e34 f   MSVCRT:ucrt_stubs.obj
 0001:00001e34       __vcrt_thread_attach       0000000180002e34 f   MSVCRT:ucrt_stubs.obj
 0001:00001e34       __acrt_thread_attach       0000000180002e34 f   MSVCRT:ucrt_stubs.obj
 0001:00001e34       __scrt_stub_for_acrt_uninitialize 0000000180002e34 f   MSVCRT:ucrt_stubs.obj
 0001:00001e34       __scrt_stub_for_acrt_uninitialize_critical 0000000180002e34 f   MSVCRT:ucrt_stubs.obj
 0001:00001e34       __scrt_stub_for_acrt_initialize 0000000180002e34 f   MSVCRT:ucrt_stubs.obj
 0001:00001e34       __vcrt_uninitialize_critical 0000000180002e34 f   MSVCRT:ucrt_stubs.obj
 0001:00001e38       __scrt_stub_for_is_c_termination_complete 0000000180002e38 f   MSVCRT:ucrt_stubs.obj
 0001:00001e38       _is_c_termination_complete 0000000180002e38 f   MSVCRT:ucrt_stubs.obj
 0001:00001e50       _guard_dispatch_icall_nop  0000000180002e50 f   MSVCRT:guard_dispatch.obj
 0001:00001e70       _guard_xfg_dispatch_icall_nop 0000000180002e70 f   MSVCRT:guard_xfg_dispatch.obj
 0002:00000000       __imp_LoadLibraryA         0000000180003000     kernel32:KERNEL32.dll
 0002:00000008       __imp_SetUnhandledExceptionFilter 0000000180003008     kernel32:KERNEL32.dll
 0002:00000010       __imp_UnhandledExceptionFilter 0000000180003010     kernel32:KERNEL32.dll
 0002:00000018       __imp_IsDebuggerPresent    0000000180003018     kernel32:KERNEL32.dll
 0002:00000020       __imp_RtlVirtualUnwind     0000000180003020     kernel32:KERNEL32.dll
 0002:00000028       __imp_RtlLookupFunctionEntry 0000000180003028     kernel32:KERNEL32.dll
 0002:00000030       __imp_RtlCaptureContext    0000000180003030     kernel32:KERNEL32.dll
 0002:00000038       __imp_DisableThreadLibraryCalls 0000000180003038     kernel32:KERNEL32.dll
 0002:00000040       __imp_GetSystemTimeAsFileTime 0000000180003040     kernel32:KERNEL32.dll
 0002:00000048       __imp_GetCurrentThreadId   0000000180003048     kernel32:KERNEL32.dll
 0002:00000050       __imp_GetCurrentProcessId  0000000180003050     kernel32:KERNEL32.dll
 0002:00000058       __imp_QueryPerformanceCounter 0000000180003058     kernel32:KERNEL32.dll
 0002:00000060       __imp_InitializeSListHead  0000000180003060     kernel32:KERNEL32.dll
 0002:00000068       __imp_LoadLibraryExA       0000000180003068     kernel32:KERNEL32.dll
 0002:00000070       __imp_GetProcAddress       0000000180003070     kernel32:KERNEL32.dll
 0002:00000078       __imp_GetModuleHandleW     0000000180003078     kernel32:KERNEL32.dll
 0002:00000080       __imp_FreeLibrary          0000000180003080     kernel32:KERNEL32.dll
 0002:00000088       __imp_VirtualQuery         0000000180003088     kernel32:KERNEL32.dll
 0002:00000090       __imp_VirtualProtect       0000000180003090     kernel32:KERNEL32.dll
 0002:00000098       __imp_GetSystemInfo        0000000180003098     kernel32:KERNEL32.dll
 0002:000000a0       __imp_GetLastError         00000001800030a0     kernel32:KERNEL32.dll
 0002:000000a8       __imp_RaiseException       00000001800030a8     kernel32:KERNEL32.dll
 0002:000000b0       __imp_IsProcessorFeaturePresent 00000001800030b0     kernel32:KERNEL32.dll
 0002:000000b8       \177KERNEL32_NULL_THUNK_DATA 00000001800030b8     kernel32:KERNEL32.dll
 0002:000000c0       __imp__purecall            00000001800030c0     vcruntime:VCRUNTIME140.dll
 0002:000000c8       __imp___std_type_info_name 00000001800030c8     vcruntime:VCRUNTIME140.dll
 0002:000000d0       __imp_strstr               00000001800030d0     vcruntime:VCRUNTIME140.dll
 0002:000000d8       __imp___std_type_info_destroy_list 00000001800030d8     vcruntime:VCRUNTIME140.dll
 0002:000000e0       __imp___C_specific_handler 00000001800030e0     vcruntime:VCRUNTIME140.dll
 0002:000000e8       __imp_memset               00000001800030e8     vcruntime:VCRUNTIME140.dll
 0002:000000f0       \177VCRUNTIME140_NULL_THUNK_DATA 00000001800030f0     vcruntime:VCRUNTIME140.dll
 0002:000000f8       __imp_free                 00000001800030f8     ucrt:api-ms-win-crt-heap-l1-1-0.dll
 0002:00000100       \177api-ms-win-crt-heap-l1-1-0_NULL_THUNK_DATA 0000000180003100     ucrt:api-ms-win-crt-heap-l1-1-0.dll
 0002:00000108       __imp__initterm            0000000180003108     ucrt:api-ms-win-crt-runtime-l1-1-0.dll
 0002:00000110       __imp__seh_filter_dll      0000000180003110     ucrt:api-ms-win-crt-runtime-l1-1-0.dll
 0002:00000118       __imp__configure_narrow_argv 0000000180003118     ucrt:api-ms-win-crt-runtime-l1-1-0.dll
 0002:00000120       __imp__initialize_narrow_environment 0000000180003120     ucrt:api-ms-win-crt-runtime-l1-1-0.dll
 0002:00000128       __imp__initialize_onexit_table 0000000180003128     ucrt:api-ms-win-crt-runtime-l1-1-0.dll
 0002:00000130       __imp__execute_onexit_table 0000000180003130     ucrt:api-ms-win-crt-runtime-l1-1-0.dll
 0002:00000138       __imp__cexit               0000000180003138     ucrt:api-ms-win-crt-runtime-l1-1-0.dll
 0002:00000140       __imp__initterm_e          0000000180003140     ucrt:api-ms-win-crt-runtime-l1-1-0.dll
 0002:00000148       \177api-ms-win-crt-runtime-l1-1-0_NULL_THUNK_DATA 0000000180003148     ucrt:api-ms-win-crt-runtime-l1-1-0.dll
 0002:00000150       __guard_check_icall_fptr   0000000180003150     MSVCRT:guard_support.obj
 0002:00000158       __guard_xfg_check_icall_fptr 0000000180003158     MSVCRT:guard_support.obj
 0002:00000160       __guard_dispatch_icall_fptr 0000000180003160     MSVCRT:guard_support.obj
 0002:00000168       __guard_xfg_dispatch_icall_fptr 0000000180003168     MSVCRT:guard_support.obj
 0002:00000170       __guard_xfg_table_dispatch_icall_fptr 0000000180003170     MSVCRT:guard_support.obj
 0002:00000178       __xc_a                     0000000180003178     MSVCRT:initializers.obj
 0002:000001b0       __xc_z                     00000001800031b0     MSVCRT:initializers.obj
 0002:000001b8       __xi_a                     00000001800031b8     MSVCRT:initializers.obj
 0002:000001c0       __xi_z                     00000001800031c0     MSVCRT:initializers.obj
 0002:000001c8       __xp_a                     00000001800031c8     MSVCRT:initializers.obj
 0002:000001d0       __xp_z                     00000001800031d0     MSVCRT:initializers.obj
 0002:000001d8       __xt_a                     00000001800031d8     MSVCRT:initializers.obj
 0002:000001e0       __xt_z                     00000001800031e0     MSVCRT:initializers.obj
 0002:00000210       ??_7PxFoundation@physx@@6B@ 0000000180003210     Cooking.obj
 0002:00000280       ??_C@_0GD@FGLPACCG@C?3?2Users?2Brandon?2CudaGame?2vendo@ 0000000180003280     Cooking.obj
 0002:000002f0       ??_C@_0FM@GJGILJCO@C?3?2Users?2Brandon?2CudaGame?2vendo@ 00000001800032f0     Cooking.obj
 0002:00000350       ??_C@_0BM@OIFKLHDN@?$DMallocation?5names?5disabled?$DO@ 0000000180003350     Cooking.obj
 0002:00000370       __xmm@000000003a83126f3a83126f3a83126f 0000000180003370     Cooking.obj
 0002:00000380       __xmm@00000000ba83126fba83126fba83126f 0000000180003380     Cooking.obj
 0002:00000390       __xmm@3a83126f3a83126f3a83126f3a83126f 0000000180003390     Cooking.obj
 0002:000003a0       __xmm@ba83126fba83126fba83126fba83126f 00000001800033a0     Cooking.obj
 0002:000003b0       ??_C@_0BA@EGLNOO@PhysXFoundation@ 00000001800033b0     WindowsCookingDelayLoadHook.obj
 0002:000003c0       ??_C@_0M@ILKNCJKN@PhysXCommon@ 00000001800033c0     WindowsCookingDelayLoadHook.obj
 0002:000003d0       __sz_PhysXCommon_64_dll    00000001800033d0     PhysXCommon_64:PhysXCommon_64.dll
 0002:000003f0       __sz_PhysXFoundation_64_dll 00000001800033f0     PhysXFoundation_64:PhysXFoundation_64.dll
 0002:00000408       ??_C@_1BK@DBDEIDLH@?$AAK?$AAE?$AAR?$AAN?$AAE?$AAL?$AA3?$AA2?$AA?4?$AAD?$AAL?$AAL@ 0000000180003408     Delayimp:delayhlp.obj
 0002:00000428       ??_C@_0BI@OMNLIJDB@AcquireSRWLockExclusive@ 0000000180003428     Delayimp:delayhlp.obj
 0002:00000440       ??_C@_0BI@HMIEPCNJ@ReleaseSRWLockExclusive@ 0000000180003440     Delayimp:delayhlp.obj
 0002:00000458       __pfnDliFailureHook2       0000000180003458     Delayimp:delayhk1.obj
 0002:00000468       ??_7type_info@@6B@         0000000180003468     MSVCRT:std_type_info_static.obj
 0002:00000470       _pDefaultRawDllMain        0000000180003470     MSVCRT:dll_dllmain.obj
 0002:00000470       _pRawDllMain               0000000180003470     MSVCRT:dll_dllmain.obj
 0002:00000480       _load_config_used          0000000180003480     MSVCRT:loadcfg.obj
 0002:000005c0       __xmm@ffffffffffffffffffffffffffffffff 00000001800035c0     MSVCRT:utility.obj
 0002:00000680       ??_R4type_info@@6B@        0000000180003680     MSVCRT:std_type_info_static.obj
 0002:000006a8       ??_R3type_info@@8          00000001800036a8     MSVCRT:std_type_info_static.obj
 0002:000006c0       ??_R2type_info@@8          00000001800036c0     MSVCRT:std_type_info_static.obj
 0002:000006d0       ??_R1A@?0A@EA@type_info@@8 00000001800036d0     MSVCRT:std_type_info_static.obj
 0002:000006f4       __volatile_metadata        00000001800036f4     <linker-defined>
 0002:00000ae8       __rtc_iaa                  0000000180003ae8     MSVCRT:initsect.obj
 0002:00000af0       __rtc_izz                  0000000180003af0     MSVCRT:initsect.obj
 0002:00000af8       __rtc_taa                  0000000180003af8     MSVCRT:initsect.obj
 0002:00000b00       __rtc_tzz                  0000000180003b00     MSVCRT:initsect.obj
 0002:00000de4       __DELAY_IMPORT_DESCRIPTOR_physxcommon_64_dll 0000000180003de4     PhysXCommon_64:PhysXCommon_64.dll
 0002:00000e04       __DELAY_IMPORT_DESCRIPTOR_physxfoundation_64_dll 0000000180003e04     PhysXFoundation_64:PhysXFoundation_64.dll
 0002:00000e24       __NULL_DELAY_IMPORT_DESCRIPTOR 0000000180003e24     PhysXCommon_64:PhysXCommon_64.dll
 0002:00000f00       \177PhysXCommon_64_NULL_THUNK_DATA_DLN 0000000180003f00     PhysXCommon_64:PhysXCommon_64.dll
 0002:00000f10       \177PhysXFoundation_64_NULL_THUNK_DATA_DLN 0000000180003f10     PhysXFoundation_64:PhysXFoundation_64.dll
 0002:000011a0       \177PhysXCommon_64_NULL_THUNK_DATA_DLB 00000001800041a0     PhysXCommon_64:PhysXCommon_64.dll
 0002:00001260       \177PhysXFoundation_64_NULL_THUNK_DATA_DLB 0000000180004260     PhysXFoundation_64:PhysXFoundation_64.dll
 0002:00001d68       __IMPORT_DESCRIPTOR_KERNEL32 0000000180004d68     kernel32:KERNEL32.dll
 0002:00001d7c       __IMPORT_DESCRIPTOR_VCRUNTIME140 0000000180004d7c     vcruntime:VCRUNTIME140.dll
 0002:00001d90       __IMPORT_DESCRIPTOR_api-ms-win-crt-heap-l1-1-0 0000000180004d90     ucrt:api-ms-win-crt-heap-l1-1-0.dll
 0002:00001da4       __IMPORT_DESCRIPTOR_api-ms-win-crt-runtime-l1-1-0 0000000180004da4     ucrt:api-ms-win-crt-runtime-l1-1-0.dll
 0002:00001db8       __NULL_IMPORT_DESCRIPTOR   0000000180004db8     kernel32:KERNEL32.dll
 0003:00000000       __pfnDliNotifyHook2        0000000180006000     WindowsCookingDelayLoadHook.obj
 0003:00000008       _fltused                   0000000180006008     MSVCRT:fltused.obj
 0003:0000000c       __scrt_native_dllmain_reason 000000018000600c     MSVCRT:utility.obj
 0003:00000010       __security_cookie_complement 0000000180006010     MSVCRT:gs_cookie.obj
 0003:00000018       __security_cookie          0000000180006018     MSVCRT:gs_cookie.obj
 0003:00000020       __isa_available            0000000180006020     MSVCRT:cpu_disp.obj
 0003:00000024       __isa_enabled              0000000180006024     MSVCRT:cpu_disp.obj
 0003:00000028       __memcpy_nt_iters          0000000180006028     MSVCRT:cpu_disp.obj
 0003:00000030       __memset_nt_iters          0000000180006030     MSVCRT:cpu_disp.obj
 0003:00000038       __scrt_ucrt_dll_is_in_use  0000000180006038     MSVCRT:ucrt_stubs.obj
 0003:00000040       ??_R0?AVBVH@Gu@physx@@@8   0000000180006040     Cooking.obj
 0003:00000068       ??_R0?AVBV4TriangleMesh@Gu@physx@@@8 0000000180006068     Cooking.obj
 0003:00000098       ??_R0?AUSlab@NodeAllocator@Gu@physx@@@8 0000000180006098     Cooking.obj
 0003:000000d0       ??_R0?AVtype_info@@@8      00000001800060d0     MSVCRT:std_type_info_static.obj
 0003:000000f0       __imp_getInsertionCallback 00000001800060f0     PhysXCommon_64:PhysXCommon_64.dll
 0003:000000f8       __imp_??0BV4TriangleMesh@Gu@physx@@QEAA@AEBUPxTriangleMeshInternalData@2@@Z 00000001800060f8     PhysXCommon_64:PhysXCommon_64.dll
 0003:00000100       __imp_cookBVH              0000000180006100     PhysXCommon_64:PhysXCommon_64.dll
 0003:00000108       __imp_createBVH            0000000180006108     PhysXCommon_64:PhysXCommon_64.dll
 0003:00000110       __imp_cookHeightField      0000000180006110     PhysXCommon_64:PhysXCommon_64.dll
 0003:00000118       __imp_createHeightField    0000000180006118     PhysXCommon_64:PhysXCommon_64.dll
 0003:00000120       __imp_cookConvexMesh       0000000180006120     PhysXCommon_64:PhysXCommon_64.dll
 0003:00000128       __imp_createConvexMesh     0000000180006128     PhysXCommon_64:PhysXCommon_64.dll
 0003:00000130       __imp_validateConvexMesh   0000000180006130     PhysXCommon_64:PhysXCommon_64.dll
 0003:00000138       __imp_computeHullPolygons  0000000180006138     PhysXCommon_64:PhysXCommon_64.dll
 0003:00000140       __imp_validateTriangleMesh 0000000180006140     PhysXCommon_64:PhysXCommon_64.dll
 0003:00000148       __imp_createTriangleMesh   0000000180006148     PhysXCommon_64:PhysXCommon_64.dll
 0003:00000150       __imp_cookTriangleMesh     0000000180006150     PhysXCommon_64:PhysXCommon_64.dll
 0003:00000158       __imp_cookTetrahedronMesh  0000000180006158     PhysXCommon_64:PhysXCommon_64.dll
 0003:00000160       __imp_createTetrahedronMesh 0000000180006160     PhysXCommon_64:PhysXCommon_64.dll
 0003:00000168       __imp_cookDeformableVolumeMesh 0000000180006168     PhysXCommon_64:PhysXCommon_64.dll
 0003:00000170       __imp_createDeformableVolumeMesh 0000000180006170     PhysXCommon_64:PhysXCommon_64.dll
 0003:00000178       __imp_computeModelsMapping 0000000180006178     PhysXCommon_64:PhysXCommon_64.dll
 0003:00000180       __imp_computeCollisionData 0000000180006180     PhysXCommon_64:PhysXCommon_64.dll
 0003:00000188       __imp_computeSimulationData 0000000180006188     PhysXCommon_64:PhysXCommon_64.dll
 0003:00000190       __imp_assembleDeformableVolumeMesh 0000000180006190     PhysXCommon_64:PhysXCommon_64.dll
 0003:00000198       __imp_?release@AABBTreeBounds@Gu@physx@@QEAAXXZ 0000000180006198     PhysXCommon_64:PhysXCommon_64.dll
 0003:000001a0       __imp_??0BVH@Gu@physx@@QEAA@AEBUPxBVHInternalData@2@@Z 00000001800061a0     PhysXCommon_64:PhysXCommon_64.dll
 0003:000001a8       \177PhysXCommon_64_NULL_THUNK_DATA_DLA 00000001800061a8     PhysXCommon_64:PhysXCommon_64.dll
 0003:000001b0       __imp_PxGetBroadcastAllocator 00000001800061b0     PhysXFoundation_64:PhysXFoundation_64.dll
 0003:000001b8       \177PhysXFoundation_64_NULL_THUNK_DATA_DLA 00000001800061b8     PhysXFoundation_64:PhysXFoundation_64.dll
 0003:00000228       __hmod__PhysXCommon_64_dll 0000000180006228     PhysXCommon_64:PhysXCommon_64.dll
 0003:00000230       __hmod__PhysXFoundation_64_dll 0000000180006230     PhysXFoundation_64:PhysXFoundation_64.dll
 0003:00000238       ?DloadKernel32@@3PEAUHINSTANCE__@@EA 0000000180006238     Delayimp:delayhlp.obj
 0003:00000240       ?DloadAcquireSRWLockExclusive@@3P6AXPEA_K@ZEA 0000000180006240     Delayimp:delayhlp.obj
 0003:00000248       ?DloadReleaseSRWLockExclusive@@3P6AXPEA_K@ZEA 0000000180006248     Delayimp:delayhlp.obj
 0003:00000250       ?DloadSrwLock@@3_KA        0000000180006250     Delayimp:delayhlp.obj
 0003:00000258       ?DloadSectionLockCount@@3KA 0000000180006258     Delayimp:delayhlp.obj
 0003:0000025c       ?DloadSectionOldProtection@@3KA 000000018000625c     Delayimp:delayhlp.obj
 0003:00000260       ?DloadSectionCommitPermanent@@3KA 0000000180006260     Delayimp:delayhlp.obj
 0003:00000270       ?__type_info_root_node@@3U__type_info_node@@A 0000000180006270     MSVCRT:tncleanup.obj
 0003:00000288       __castguard_check_failure_os_handled_fptr 0000000180006288     MSVCRT:guard_support.obj
 0003:00000290       ?_OptionsStorage@?1??__local_stdio_printf_options@@9@4_KA 0000000180006290     MSVCRT:default_local_stdio_options.obj
 0003:00000298       ?_OptionsStorage@?1??__local_stdio_scanf_options@@9@4_KA 0000000180006298     MSVCRT:default_local_stdio_options.obj
 0003:000002a0       __scrt_current_native_startup_state 00000001800062a0     MSVCRT:utility.obj
 0003:000002a8       __scrt_native_startup_lock 00000001800062a8     MSVCRT:utility.obj
 0003:000002e8       __scrt_debugger_hook_flag  00000001800062e8     MSVCRT:utility_desktop.obj
 0003:000002ec       __favor                    00000001800062ec     MSVCRT:cpu_disp.obj
 0003:000002f0       __dyn_tls_init_callback    00000001800062f0     <common>

 entry point at        0001:000015e0

 Static symbols

 0000:ffff6000       .debug$S                   0000000180000000     PhysXCooking_64.exp
 0000:ffff6000       .debug$S                   0000000180000000     vcruntime:VCRUNTIME140.dll
 0000:ffff6000       .debug$S                   0000000180000000     vcruntime:VCRUNTIME140.dll
 0000:ffff6000       .debug$S                   0000000180000000     vcruntime:VCRUNTIME140.dll
 0000:ffff6000       .debug$S                   0000000180000000     vcruntime:VCRUNTIME140.dll
 0000:ffff6000       .debug$S                   0000000180000000     vcruntime:VCRUNTIME140.dll
 0000:ffff6000       .debug$S                   0000000180000000     vcruntime:VCRUNTIME140.dll
 0000:ffff6000       .debug$S                   0000000180000000     vcruntime:VCRUNTIME140.dll
 0000:ffff6000       .debug$S                   0000000180000000     vcruntime:VCRUNTIME140.dll
 0000:ffff6000       .debug$S                   0000000180000000     ucrt:api-ms-win-crt-heap-l1-1-0.dll
 0000:ffff6000       .debug$S                   0000000180000000     ucrt:api-ms-win-crt-runtime-l1-1-0.dll
 0000:ffff6000       .debug$S                   0000000180000000     ucrt:api-ms-win-crt-runtime-l1-1-0.dll
 0000:ffff6000       .debug$S                   0000000180000000     ucrt:api-ms-win-crt-runtime-l1-1-0.dll
 0000:ffff6000       .debug$S                   0000000180000000     ucrt:api-ms-win-crt-runtime-l1-1-0.dll
 0000:ffff6000       .debug$S                   0000000180000000     ucrt:api-ms-win-crt-runtime-l1-1-0.dll
 0000:ffff6000       .debug$S                   0000000180000000     ucrt:api-ms-win-crt-runtime-l1-1-0.dll
 0000:ffff6000       .debug$S                   0000000180000000     ucrt:api-ms-win-crt-runtime-l1-1-0.dll
 0000:ffff6000       .debug$S                   0000000180000000     ucrt:api-ms-win-crt-runtime-l1-1-0.dll
 0000:ffff6000       .debug$S                   0000000180000000     ucrt:api-ms-win-crt-runtime-l1-1-0.dll
 0000:ffff6000       .debug$S                   0000000180000000     ucrt:api-ms-win-crt-runtime-l1-1-0.dll
 0000:ffff6000       .debug$S                   0000000180000000     ucrt:api-ms-win-crt-runtime-l1-1-0.dll
 0000:ffff6000       .debug$S                   0000000180000000     ucrt:api-ms-win-crt-runtime-l1-1-0.dll
 0000:ffff6000       .debug$S                   0000000180000000     kernel32:KERNEL32.dll
 0000:ffff6000       .debug$S                   0000000180000000     kernel32:KERNEL32.dll
 0000:ffff6000       .debug$S                   0000000180000000     kernel32:KERNEL32.dll
 0000:ffff6000       .debug$S                   0000000180000000     kernel32:KERNEL32.dll
 0000:ffff6000       .debug$S                   0000000180000000     kernel32:KERNEL32.dll
 0000:ffff6000       .debug$S                   0000000180000000     kernel32:KERNEL32.dll
 0000:ffff6000       .debug$S                   0000000180000000     kernel32:KERNEL32.dll
 0000:ffff6000       .debug$S                   0000000180000000     kernel32:KERNEL32.dll
 0000:ffff6000       .debug$S                   0000000180000000     kernel32:KERNEL32.dll
 0000:ffff6000       .debug$S                   0000000180000000     kernel32:KERNEL32.dll
 0000:ffff6000       .debug$S                   0000000180000000     kernel32:KERNEL32.dll
 0000:ffff6000       .debug$S                   0000000180000000     kernel32:KERNEL32.dll
 0000:ffff6000       .debug$S                   0000000180000000     kernel32:KERNEL32.dll
 0000:ffff6000       .debug$S                   0000000180000000     kernel32:KERNEL32.dll
 0000:ffff6000       .debug$S                   0000000180000000     kernel32:KERNEL32.dll
 0000:ffff6000       .debug$S                   0000000180000000     kernel32:KERNEL32.dll
 0000:ffff6000       .debug$S                   0000000180000000     kernel32:KERNEL32.dll
 0000:ffff6000       .debug$S                   0000000180000000     kernel32:KERNEL32.dll
 0000:ffff6000       .debug$S                   0000000180000000     kernel32:KERNEL32.dll
 0000:ffff6000       .debug$S                   0000000180000000     kernel32:KERNEL32.dll
 0000:ffff6000       .debug$S                   0000000180000000     kernel32:KERNEL32.dll
 0000:ffff6000       .debug$S                   0000000180000000     kernel32:KERNEL32.dll
 0000:ffff6000       .debug$S                   0000000180000000     kernel32:KERNEL32.dll
 0000:ffff6000       .debug$S                   0000000180000000     kernel32:KERNEL32.dll
 0000:ffff6000       .debug$S                   0000000180000000     PhysXCommon_64:PhysXCommon_64.dll
 0000:ffff6000       .debug$S                   0000000180000000     PhysXCommon_64:PhysXCommon_64.dll
 0000:ffff6000       .debug$S                   0000000180000000     PhysXCommon_64:PhysXCommon_64.dll
 0000:ffff6000       .debug$S                   0000000180000000     PhysXCommon_64:PhysXCommon_64.dll
 0000:ffff6000       .debug$S                   0000000180000000     PhysXCommon_64:PhysXCommon_64.dll
 0000:ffff6000       .debug$S                   0000000180000000     PhysXCommon_64:PhysXCommon_64.dll
 0000:ffff6000       .debug$S                   0000000180000000     PhysXCommon_64:PhysXCommon_64.dll
 0000:ffff6000       .debug$S                   0000000180000000     PhysXCommon_64:PhysXCommon_64.dll
 0000:ffff6000       .debug$S                   0000000180000000     PhysXCommon_64:PhysXCommon_64.dll
 0000:ffff6000       .debug$S                   0000000180000000     PhysXCommon_64:PhysXCommon_64.dll
 0000:ffff6000       .debug$S                   0000000180000000     PhysXCommon_64:PhysXCommon_64.dll
 0000:ffff6000       .debug$S                   0000000180000000     PhysXCommon_64:PhysXCommon_64.dll
 0000:ffff6000       .debug$S                   0000000180000000     PhysXCommon_64:PhysXCommon_64.dll
 0000:ffff6000       .debug$S                   0000000180000000     PhysXCommon_64:PhysXCommon_64.dll
 0000:ffff6000       .debug$S                   0000000180000000     PhysXCommon_64:PhysXCommon_64.dll
 0000:ffff6000       .debug$S                   0000000180000000     PhysXCommon_64:PhysXCommon_64.dll
 0000:ffff6000       .debug$S                   0000000180000000     PhysXCommon_64:PhysXCommon_64.dll
 0000:ffff6000       .debug$S                   0000000180000000     PhysXCommon_64:PhysXCommon_64.dll
 0000:ffff6000       .debug$S                   0000000180000000     PhysXCommon_64:PhysXCommon_64.dll
 0000:ffff6000       .debug$S                   0000000180000000     PhysXCommon_64:PhysXCommon_64.dll
 0000:ffff6000       .debug$S                   0000000180000000     PhysXCommon_64:PhysXCommon_64.dll
 0000:ffff6000       .debug$S                   0000000180000000     PhysXCommon_64:PhysXCommon_64.dll
 0000:ffff6000       .debug$S                   0000000180000000     PhysXCommon_64:PhysXCommon_64.dll
 0000:ffff6000       .debug$S                   0000000180000000     PhysXFoundation_64:PhysXFoundation_64.dll
 0001:00000000       ??__EmaxFError@vecMathTests@aos@physx@@YAXXZ 0000000180001000 f   Cooking.obj
 0001:00000010       ??__EmaxV3Error@vecMathTests@aos@physx@@YAXXZ 0000000180001010 f   Cooking.obj
 0001:00000020       ??__EmaxV4Error@vecMathTests@aos@physx@@YAXXZ 0000000180001020 f   Cooking.obj
 0001:00000030       ??__EminFError@vecMathTests@aos@physx@@YAXXZ 0000000180001030 f   Cooking.obj
 0001:00000040       ??__EminV3Error@vecMathTests@aos@physx@@YAXXZ 0000000180001040 f   Cooking.obj
 0001:00000050       ??__EminV4Error@vecMathTests@aos@physx@@YAXXZ 0000000180001050 f   Cooking.obj
 0001:00000920       $LN24                      0000000180001920     WindowsCookingDelayLoadHook.obj
 0001:000012c0       ?dllmain_crt_dispatch@@YAHQEAUHINSTANCE__@@KQEAX@Z 00000001800022c0 f   MSVCRT:dll_dllmain.obj
 0001:00001310       ?dllmain_crt_process_attach@@YAHQEAUHINSTANCE__@@QEAX@Z 0000000180002310 f   MSVCRT:dll_dllmain.obj
 0001:00001428       ?dllmain_crt_process_detach@@YAH_N@Z 0000000180002428 f   MSVCRT:dll_dllmain.obj
 0001:000014ac       ?dllmain_dispatch@@YAHQEAUHINSTANCE__@@KQEAX@Z 00000001800024ac f   MSVCRT:dll_dllmain.obj
 0001:00001e40       $$000000                   0000000180002e40     MSVCRT:guard_dispatch.obj
 0001:00001e60       $$000000                   0000000180002e60     MSVCRT:guard_xfg_dispatch.obj
 0001:00001e76       ?fin$0@?0??dllmain_crt_process_attach@@YAHQEAUHINSTANCE__@@QEAX@Z@4HA 0000000180002e76 f   MSVCRT:dll_dllmain.obj
 0001:00001e8d       ?fin$0@?0??dllmain_crt_process_detach@@YAH_N@Z@4HA 0000000180002e8d f   MSVCRT:dll_dllmain.obj
 0001:00001ea6       ?fin$1@?0??dllmain_crt_process_detach@@YAH_N@Z@4HA 0000000180002ea6 f   MSVCRT:dll_dllmain.obj
 0001:00001eba       ?filt$0@?0??dllmain_dispatch@@YAHQEAUHINSTANCE__@@KQEAX@Z@4HA 0000000180002eba f   MSVCRT:dll_dllmain.obj
 0001:00001ef0       __scrt_is_nonwritable_in_current_image$filt$0 0000000180002ef0 f   MSVCRT:utility.obj
 0002:00000180       ?minFError$initializer$@vecMathTests@aos@physx@@3P6AXXZEA 0000000180003180     Cooking.obj
 0002:00000188       ?maxFError$initializer$@vecMathTests@aos@physx@@3P6AXXZEA 0000000180003188     Cooking.obj
 0002:00000190       ?minV3Error$initializer$@vecMathTests@aos@physx@@3P6AXXZEA 0000000180003190     Cooking.obj
 0002:00000198       ?maxV3Error$initializer$@vecMathTests@aos@physx@@3P6AXXZEA 0000000180003198     Cooking.obj
 0002:000001a0       ?minV4Error$initializer$@vecMathTests@aos@physx@@3P6AXXZEA 00000001800031a0     Cooking.obj
 0002:000001a8       ?maxV4Error$initializer$@vecMathTests@aos@physx@@3P6AXXZEA 00000001800031a8     Cooking.obj
 0002:000001f0       ?minus1w@?A0x8fffa95e@aos@physx@@3QBMB 00000001800031f0     Cooking.obj
 0002:00000200       ?gMaskXYZ@internalSimd@aos@physx@@3QBIB 0000000180003200     Cooking.obj
 0002:00000b08       $unwind$??_EPxFoundation@physx@@MEAAPEAXI@Z 0000000180003b08     Cooking.obj
 0002:00000b08       $unwind$?DloadAcquireSectionWriteAccess@@YAXXZ 0000000180003b08     Delayimp:delayhlp.obj
 0002:00000b08       $unwind$??_Gtype_info@@UEAAPEAXI@Z 0000000180003b08     MSVCRT:std_type_info_static.obj
 0002:00000b08       $unwind$__scrt_initialize_crt 0000000180003b08     MSVCRT:utility.obj
 0002:00000b08       $unwind$__scrt_initialize_onexit_tables 0000000180003b08     MSVCRT:utility.obj
 0002:00000b08       $unwind$__scrt_release_startup_lock 0000000180003b08     MSVCRT:utility.obj
 0002:00000b08       $unwind$__scrt_uninitialize_crt 0000000180003b08     MSVCRT:utility.obj
 0002:00000b10       $chain$0$??_EPxFoundation@physx@@MEAAPEAXI@Z 0000000180003b10     Cooking.obj
 0002:00000b24       $chain$1$??_EPxFoundation@physx@@MEAAPEAXI@Z 0000000180003b24     Cooking.obj
 0002:00000b34       $unwind$??1AABBTreeBuildParams@Gu@physx@@QEAA@XZ 0000000180003b34     Cooking.obj
 0002:00000b34       $unwind$?reset@AABBTreeBuildParams@Gu@physx@@QEAAXXZ 0000000180003b34     Cooking.obj
 0002:00000b34       $unwind$_DllMainCRTStartup 0000000180003b34     MSVCRT:dll_dllmain.obj
 0002:00000b44       $unwind$?allocate@?$PxArray@USlab@NodeAllocator@Gu@physx@@V?$PxReflectionAllocator@USlab@NodeAllocator@Gu@physx@@@4@@physx@@IEAAPEAUSlab@NodeAllocator@Gu@2@IPEAI@Z 0000000180003b44     Cooking.obj
 0002:00000b4c       $chain$0$?allocate@?$PxArray@USlab@NodeAllocator@Gu@physx@@V?$PxReflectionAllocator@USlab@NodeAllocator@Gu@physx@@@4@@physx@@IEAAPEAUSlab@NodeAllocator@Gu@2@IPEAI@Z 0000000180003b4c     Cooking.obj
 0002:00000b60       $chain$3$?allocate@?$PxArray@USlab@NodeAllocator@Gu@physx@@V?$PxReflectionAllocator@USlab@NodeAllocator@Gu@physx@@@4@@physx@@IEAAPEAUSlab@NodeAllocator@Gu@2@IPEAI@Z 0000000180003b60     Cooking.obj
 0002:00000b78       $chain$4$?allocate@?$PxArray@USlab@NodeAllocator@Gu@physx@@V?$PxReflectionAllocator@USlab@NodeAllocator@Gu@physx@@@4@@physx@@IEAAPEAUSlab@NodeAllocator@Gu@2@IPEAI@Z 0000000180003b78     Cooking.obj
 0002:00000b88       $unwind$?recreate@?$PxArray@USlab@NodeAllocator@Gu@physx@@V?$PxReflectionAllocator@USlab@NodeAllocator@Gu@physx@@@4@@physx@@IEAAXI@Z 0000000180003b88     Cooking.obj
 0002:00000b94       $chain$0$?recreate@?$PxArray@USlab@NodeAllocator@Gu@physx@@V?$PxReflectionAllocator@USlab@NodeAllocator@Gu@physx@@@4@@physx@@IEAAXI@Z 0000000180003b94     Cooking.obj
 0002:00000ba8       $chain$1$?recreate@?$PxArray@USlab@NodeAllocator@Gu@physx@@V?$PxReflectionAllocator@USlab@NodeAllocator@Gu@physx@@@4@@physx@@IEAAXI@Z 0000000180003ba8     Cooking.obj
 0002:00000bb8       $chain$2$?recreate@?$PxArray@USlab@NodeAllocator@Gu@physx@@V?$PxReflectionAllocator@USlab@NodeAllocator@Gu@physx@@@4@@physx@@IEAAXI@Z 0000000180003bb8     Cooking.obj
 0002:00000bcc       $chain$3$?recreate@?$PxArray@USlab@NodeAllocator@Gu@physx@@V?$PxReflectionAllocator@USlab@NodeAllocator@Gu@physx@@@4@@physx@@IEAAXI@Z 0000000180003bcc     Cooking.obj
 0002:00000bdc       $unwind$??$copy@V?$PxReflectionAllocator@USlab@NodeAllocator@Gu@physx@@@physx@@@?$PxArray@USlab@NodeAllocator@Gu@physx@@V?$PxReflectionAllocator@USlab@NodeAllocator@Gu@physx@@@4@@physx@@IEAAXAEBV01@@Z 0000000180003bdc     Cooking.obj
 0002:00000bdc       $unwind$??0NodeAllocator@Gu@physx@@QEAA@AEBV012@@Z 0000000180003bdc     Cooking.obj
 0002:00000bdc       $unwind$?DloadGetSRWLockFunctionPointers@@YAEXZ 0000000180003bdc     Delayimp:delayhlp.obj
 0002:00000bdc       $unwind$_RTC_Initialize    0000000180003bdc     MSVCRT:initsect.obj
 0002:00000bdc       $unwind$_RTC_Terminate     0000000180003bdc     MSVCRT:initsect.obj
 0002:00000be8       $unwind$??4NodeAllocator@Gu@physx@@QEAAAEAV012@AEBV012@@Z 0000000180003be8     Cooking.obj
 0002:00000bfc       $unwind$PxCreateBVHInternal 0000000180003bfc     Cooking.obj
 0002:00000bfc       $unwind$PxCreateTriangleMeshInternal 0000000180003bfc     Cooking.obj
 0002:00000c08       $unwind$?cookingDelayHook@@YAP6A_JXZIPEAUDelayLoadInfo@@@Z 0000000180003c08     WindowsCookingDelayLoadHook.obj
 0002:00000c08       $unwind$?DloadReleaseSectionWriteAccess@@YAXXZ 0000000180003c08     Delayimp:delayhlp.obj
 0002:00000c08       $unwind$__scrt_initialize_default_local_stdio_options 0000000180003c08     MSVCRT:default_local_stdio_options.obj
 0002:00000c08       $unwind$?dllmain_crt_dispatch@@YAHQEAUHINSTANCE__@@KQEAX@Z 0000000180003c08     MSVCRT:dll_dllmain.obj
 0002:00000c08       $unwind$DllMain            0000000180003c08     MSVCRT:dll_dllmain_stub.obj
 0002:00000c08       $unwind$__scrt_acquire_startup_lock 0000000180003c08     MSVCRT:utility.obj
 0002:00000c08       $unwind$__scrt_dllmain_after_initialize_c 0000000180003c08     MSVCRT:utility.obj
 0002:00000c08       $unwind$__scrt_dllmain_before_initialize_c 0000000180003c08     MSVCRT:utility.obj
 0002:00000c08       $unwind$__scrt_dllmain_crt_thread_attach 0000000180003c08     MSVCRT:utility.obj
 0002:00000c08       $unwind$__scrt_dllmain_crt_thread_detach 0000000180003c08     MSVCRT:utility.obj
 0002:00000c08       $unwind$__scrt_dllmain_uninitialize_c 0000000180003c08     MSVCRT:utility.obj
 0002:00000c08       $unwind$__scrt_dllmain_uninitialize_critical 0000000180003c08     MSVCRT:utility.obj
 0002:00000c10       $chain$1$?cookingDelayHook@@YAP6A_JXZIPEAUDelayLoadInfo@@@Z 0000000180003c10     WindowsCookingDelayLoadHook.obj
 0002:00000c28       $chain$3$?cookingDelayHook@@YAP6A_JXZIPEAUDelayLoadInfo@@@Z 0000000180003c28     WindowsCookingDelayLoadHook.obj
 0002:00000c28       $chain$5$?cookingDelayHook@@YAP6A_JXZIPEAUDelayLoadInfo@@@Z 0000000180003c28     WindowsCookingDelayLoadHook.obj
 0002:00000c40       $chain$6$?cookingDelayHook@@YAP6A_JXZIPEAUDelayLoadInfo@@@Z 0000000180003c40     WindowsCookingDelayLoadHook.obj
 0002:00000c50       xdata                      0000000180003c50     PhysXCommon_64:PhysXCommon_64.dll
 0002:00000c58       xdata                      0000000180003c58     PhysXFoundation_64:PhysXFoundation_64.dll
 0002:00000c60       $unwind$?DloadObtainSection@@YAPEAXPEAK0@Z 0000000180003c60     Delayimp:delayhlp.obj
 0002:00000c70       $unwind$?DloadMakePermanentImageCommit@@YAXPEAX_K@Z 0000000180003c70     Delayimp:delayhlp.obj
 0002:00000c7c       $unwind$?DloadProtectSection@@YAXKPEAK@Z 0000000180003c7c     Delayimp:delayhlp.obj
 0002:00000c8c       $unwind$__delayLoadHelper2 0000000180003c8c     Delayimp:delayhlp.obj
 0002:00000ca8       $unwind$?dllmain_crt_process_attach@@YAHQEAUHINSTANCE__@@QEAX@Z 0000000180003ca8     MSVCRT:dll_dllmain.obj
 0002:00000ce4       $unwind$?fin$0@?0??dllmain_crt_process_attach@@YAHQEAUHINSTANCE__@@QEAX@Z@4HA 0000000180003ce4     MSVCRT:dll_dllmain.obj
 0002:00000ce4       $unwind$?fin$0@?0??dllmain_crt_process_detach@@YAH_N@Z@4HA 0000000180003ce4     MSVCRT:dll_dllmain.obj
 0002:00000ce4       $unwind$?fin$1@?0??dllmain_crt_process_detach@@YAH_N@Z@4HA 0000000180003ce4     MSVCRT:dll_dllmain.obj
 0002:00000cec       $unwind$?dllmain_crt_process_detach@@YAH_N@Z 0000000180003cec     MSVCRT:dll_dllmain.obj
 0002:00000d40       $unwind$?dllmain_dispatch@@YAHQEAUHINSTANCE__@@KQEAX@Z 0000000180003d40     MSVCRT:dll_dllmain.obj
 0002:00000d68       $unwind$?filt$0@?0??dllmain_dispatch@@YAHQEAUHINSTANCE__@@KQEAX@Z@4HA 0000000180003d68     MSVCRT:dll_dllmain.obj
 0002:00000d70       $unwind$__security_init_cookie 0000000180003d70     MSVCRT:gs_support.obj
 0002:00000d7c       $unwind$__scrt_is_nonwritable_in_current_image 0000000180003d7c     MSVCRT:utility.obj
 0002:00000d9c       $unwind$__scrt_is_nonwritable_in_current_image$filt$0 0000000180003d9c     MSVCRT:utility.obj
 0002:00000da4       $unwind$__scrt_dllmain_exception_filter 0000000180003da4     MSVCRT:utility.obj
 0002:00000db8       $unwind$__scrt_fastfail    0000000180003db8     MSVCRT:utility_desktop.obj
 0002:00000dc8       $xdatasym                  0000000180003dc8     MSVCRT:guard_dispatch.obj
 0002:00000dd0       $xdatasym                  0000000180003dd0     MSVCRT:guard_xfg_dispatch.obj
 0002:00000dd4       $unwind$__isa_available_init 0000000180003dd4     MSVCRT:cpu_disp.obj
 0002:00001270       .edata                     0000000180004270     PhysXCooking_64.exp
 0002:00001298       rgpv                       0000000180004298     PhysXCooking_64.exp
 0002:0000137c       rgszName                   000000018000437c     PhysXCooking_64.exp
 0002:00001460       rgwOrd                     0000000180004460     PhysXCooking_64.exp
 0002:000014d2       szName                     00000001800044d2     PhysXCooking_64.exp
 0002:000014e6       $N00001                    00000001800044e6     PhysXCooking_64.exp
 0002:0000150a       $N00002                    000000018000450a     PhysXCooking_64.exp
 0002:00001539       $N00003                    0000000180004539     PhysXCooking_64.exp
 0002:00001560       $N00004                    0000000180004560     PhysXCooking_64.exp
 0002:000015b7       $N00005                    00000001800045b7     PhysXCooking_64.exp
 0002:000015e2       $N00006                    00000001800045e2     PhysXCooking_64.exp
 0002:00001608       $N00007                    0000000180004608     PhysXCooking_64.exp
 0002:00001627       $N00008                    0000000180004627     PhysXCooking_64.exp
 0002:0000164b       $N00009                    000000018000464b     PhysXCooking_64.exp
 0002:00001672       $N00010                    0000000180004672     PhysXCooking_64.exp
 0002:0000169b       $N00011                    000000018000469b     PhysXCooking_64.exp
 0002:000016ba       $N00012                    00000001800046ba     PhysXCooking_64.exp
 0002:000016ed       $N00013                    00000001800046ed     PhysXCooking_64.exp
 0002:00001723       $N00014                    0000000180004723     PhysXCooking_64.exp
 0002:0000175b       $N00015                    000000018000475b     PhysXCooking_64.exp
 0002:0000178d       $N00016                    000000018000478d     PhysXCooking_64.exp
 0002:000017b9       $N00017                    00000001800047b9     PhysXCooking_64.exp
 0002:000017d5       $N00018                    00000001800047d5     PhysXCooking_64.exp
 0002:000017ff       $N00019                    00000001800047ff     PhysXCooking_64.exp
 0002:0000183b       $N00020                    000000018000483b     PhysXCooking_64.exp
 0002:00001876       $N00021                    0000000180004876     PhysXCooking_64.exp
 0002:000018b1       $N00022                    00000001800048b1     PhysXCooking_64.exp
 0002:000018e6       $N00023                    00000001800048e6     PhysXCooking_64.exp
 0002:00001922       $N00024                    0000000180004922     PhysXCooking_64.exp
 0002:00001955       $N00025                    0000000180004955     PhysXCooking_64.exp
 0002:00001988       $N00026                    0000000180004988     PhysXCooking_64.exp
 0002:000019c2       $N00027                    00000001800049c2     PhysXCooking_64.exp
 0002:000019fc       $N00028                    00000001800049fc     PhysXCooking_64.exp
 0002:00001a29       $N00029                    0000000180004a29     PhysXCooking_64.exp
 0002:00001a5c       $N00030                    0000000180004a5c     PhysXCooking_64.exp
 0002:00001a8a       $N00031                    0000000180004a8a     PhysXCooking_64.exp
 0002:00001ab7       $N00032                    0000000180004ab7     PhysXCooking_64.exp
 0002:00001af3       $N00033                    0000000180004af3     PhysXCooking_64.exp
 0002:00001b30       $N00034                    0000000180004b30     PhysXCooking_64.exp
 0002:00001b60       $N00035                    0000000180004b60     PhysXCooking_64.exp
 0002:00001b7f       $N00036                    0000000180004b7f     PhysXCooking_64.exp
 0002:00001b96       $N00037                    0000000180004b96     PhysXCooking_64.exp
 0002:00001bac       $N00038                    0000000180004bac     PhysXCooking_64.exp
 0002:00001bc3       $N00039                    0000000180004bc3     PhysXCooking_64.exp
 0002:00001bdb       $N00040                    0000000180004bdb     PhysXCooking_64.exp
 0002:00001be5       $N00041                    0000000180004be5     PhysXCooking_64.exp
 0002:00001bf6       $N00042                    0000000180004bf6     PhysXCooking_64.exp
 0002:00001c11       $N00043                    0000000180004c11     PhysXCooking_64.exp
 0002:00001c23       $N00044                    0000000180004c23     PhysXCooking_64.exp
 0002:00001c39       $N00045                    0000000180004c39     PhysXCooking_64.exp
 0002:00001c4c       $N00046                    0000000180004c4c     PhysXCooking_64.exp
 0002:00001c58       $N00047                    0000000180004c58     PhysXCooking_64.exp
 0002:00001c6c       $N00048                    0000000180004c6c     PhysXCooking_64.exp
 0002:00001c7f       $N00049                    0000000180004c7f     PhysXCooking_64.exp
 0002:00001c9c       $N00050                    0000000180004c9c     PhysXCooking_64.exp
 0002:00001cb0       $N00051                    0000000180004cb0     PhysXCooking_64.exp
 0002:00001cc8       $N00052                    0000000180004cc8     PhysXCooking_64.exp
 0002:00001cdd       $N00053                    0000000180004cdd     PhysXCooking_64.exp
 0002:00001cfa       $N00054                    0000000180004cfa     PhysXCooking_64.exp
 0002:00001d1b       $N00055                    0000000180004d1b     PhysXCooking_64.exp
 0002:00001d3a       $N00056                    0000000180004d3a     PhysXCooking_64.exp
 0002:00001d4f       $N00057                    0000000180004d4f     PhysXCooking_64.exp
 0002:00001f30       .idata$6                   0000000180004f30     kernel32:KERNEL32.dll
 0002:00001fae       .idata$6                   0000000180004fae     vcruntime:VCRUNTIME140.dll
 0002:0000206e       .idata$6                   000000018000506e     ucrt:api-ms-win-crt-heap-l1-1-0.dll
 0002:0000208e       .idata$6                   000000018000508e     ucrt:api-ms-win-crt-runtime-l1-1-0.dll
 0003:000001c0       ?maxV3Error@vecMathTests@aos@physx@@3T__m128@@B 00000001800061c0     Cooking.obj
 0003:000001d0       ?minFError@vecMathTests@aos@physx@@3T__m128@@B 00000001800061d0     Cooking.obj
 0003:000001e0       ?maxV4Error@vecMathTests@aos@physx@@3T__m128@@B 00000001800061e0     Cooking.obj
 0003:000001f0       ?minV4Error@vecMathTests@aos@physx@@3T__m128@@B 00000001800061f0     Cooking.obj
 0003:00000200       ?minV3Error@vecMathTests@aos@physx@@3T__m128@@B 0000000180006200     Cooking.obj
 0003:00000210       ?maxFError@vecMathTests@aos@physx@@3T__m128@@B 0000000180006210     Cooking.obj
 0003:00000220       ?gCookingDelayLoadHook@@3PEBVPxDelayLoadHook@physx@@EB 0000000180006220     WindowsCookingDelayLoadHook.obj
 0003:00000280       ?__proc_attached@@3HA      0000000180006280     MSVCRT:dll_dllmain.obj
 0003:000002b0       ?is_initialized_as_dll@@3_NA 00000001800062b0     MSVCRT:utility.obj
 0003:000002b1       ?module_local_atexit_table_initialized@@3_NA 00000001800062b1     MSVCRT:utility.obj
 0003:000002b8       ?module_local_atexit_table@@3U_onexit_table_t@@A 00000001800062b8     MSVCRT:utility.obj
 0003:000002d0       ?module_local_at_quick_exit_table@@3U_onexit_table_t@@A 00000001800062d0     MSVCRT:utility.obj
 0005:000000a0       $R000000                   00000001800080a0     PhysXCooking.res
 0005:000003d0       $R000330                   00000001800083d0     PhysXCooking.res
