 PhysXCooking_64

 Timestamp is 68e058cf (Fri Oct  3 16:14:23 2025)

 Preferred load address is 0000000180000000

 Start         Length     Name                   Class
 0001:00000000 00000060H .text$di                CODE
 0001:00000060 0001e260H .text$mn                CODE
 0001:0001e2c0 00000040H .text$mn$00             CODE
 0001:0001e300 00000620H .text$x                 CODE
 0002:00000000 00000278H .idata$5                DATA
 0002:00000278 00000028H .00cfg                  DATA
 0002:000002a0 00000008H .CRT$XCA                DATA
 0002:000002a8 00000030H .CRT$XCU                DATA
 0002:000002d8 00000008H .CRT$XCZ                DATA
 0002:000002e0 00000008H .CRT$XIA                DATA
 0002:000002e8 00000018H .CRT$XIC                DATA
 0002:00000300 00000008H .CRT$XIZ                DATA
 0002:00000308 00000008H .CRT$XPA                DATA
 0002:00000310 00000010H .CRT$XPX                DATA
 0002:00000320 00000008H .CRT$XPXA               DATA
 0002:00000328 00000008H .CRT$XPZ                DATA
 0002:00000330 00000008H .CRT$XTA                DATA
 0002:00000338 00000008H .CRT$XTZ                DATA
 0002:00000340 00000000H .gehcont$y              DATA
 0002:00000340 00000000H .gfids$y                DATA
 0002:00000340 00008cc0H .rdata                  DATA
 0002:00009000 00000000H .rdata$CastGuardVftablesA DATA
 0002:00009000 00000000H .rdata$CastGuardVftablesC DATA
 0002:00009000 0000043cH .rdata$r                DATA
 0002:0000943c 0000016cH .rdata$voltmd           DATA
 0002:000095a8 00000430H .rdata$zzzdbg           DATA
 0002:000099d8 00000008H .rtc$IAA                DATA
 0002:000099e0 00000008H .rtc$IZZ                DATA
 0002:000099e8 00000008H .rtc$TAA                DATA
 0002:000099f0 00000008H .rtc$TZZ                DATA
 0002:000099f8 000015e0H .xdata                  DATA
 0002:0000afd8 00000084H .xdata$x                DATA
 0002:0000b05c 00000040H .didat$2                DATA
 0002:0000b09c 00000024H .didat$3                DATA
 0002:0000b0c0 000000d0H .didat$4                DATA
 0002:0000b190 00000280H .didat$6                DATA
 0002:0000b410 000000d0H .didat$7                DATA
 0002:0000b4e0 00000af8H .edata                  DATA
 0002:0000bfd8 00000014H .idata$2                DATA
 0002:0000bfec 00000014H .idata$3                DATA
 0002:0000c000 00000278H .idata$4                DATA
 0002:0000c278 000005aeH .idata$6                DATA
 0003:00000000 00000a00H .data                   DATA
 0003:00000a00 000000e0H .data$r                 DATA
 0003:00000ae0 000000f0H .data$rs                DATA
 0003:00000bd0 000000d0H .didat$5                DATA
 0003:00000ca0 00001280H .bss                    DATA
 0004:00000000 000018ccH .pdata                  DATA
 0005:00000000 000000fcH _RDATA                  DATA
 0006:00000000 000000a0H .rsrc$01                DATA
 0006:000000a0 000004b0H .rsrc$02                DATA

  Address         Publics by Value              Rva+Base               Lib:Object

 0000:00000000       ___safe_se_handler_table   0000000000000000     <absolute>
 0000:00000000       __arm64x_redirection_metadata 0000000000000000     <absolute>
 0000:00000000       __guard_iat_table          0000000000000000     <absolute>
 0000:00000000       __guard_longjmp_table      0000000000000000     <absolute>
 0000:00000000       __x64_code_ranges_to_entry_points 0000000000000000     <absolute>
 0000:00000000       __guard_fids_count         0000000000000000     <absolute>
 0000:00000000       __guard_iat_count          0000000000000000     <absolute>
 0000:00000000       __guard_longjmp_count      0000000000000000     <absolute>
 0000:00000000       __dynamic_value_reloc_table 0000000000000000     <absolute>
 0000:00000000       __arm64x_extra_rfe_table   0000000000000000     <absolute>
 0000:00000000       __x64_code_ranges_to_entry_points_count 0000000000000000     <absolute>
 0000:00000000       __hybrid_auxiliary_iat     0000000000000000     <absolute>
 0000:00000000       __hybrid_auxiliary_iat_copy 0000000000000000     <absolute>
 0000:00000000       __hybrid_code_map          0000000000000000     <absolute>
 0000:00000000       __arm64x_extra_rfe_table_size 0000000000000000     <absolute>
 0000:00000000       ___safe_se_handler_count   0000000000000000     <absolute>
 0000:00000000       __AbsoluteZero             0000000000000000     <absolute>
 0000:00000000       __guard_check_icall_a64n_fptr 0000000000000000     <absolute>
 0000:00000000       __guard_fids_table         0000000000000000     <absolute>
 0000:00000000       __guard_eh_cont_count      0000000000000000     <absolute>
 0000:00000000       __arm64x_redirection_metadata_count 0000000000000000     <absolute>
 0000:00000000       __enclave_config           0000000000000000     <absolute>
 0000:00000000       __guard_eh_cont_table      0000000000000000     <absolute>
 0000:00000000       __arm64x_native_entrypoint 0000000000000000     <absolute>
 0000:00000000       __hybrid_code_map_count    0000000000000000     <absolute>
 0000:00000100       __guard_flags              0000000000000100     <absolute>
 0000:00000000       __ImageBase                0000000180000000     <linker-defined>
 0001:00000060       ??$copy@V?$PxReflectionAllocator@USlab@NodeAllocator@Gu@physx@@@physx@@@?$PxArray@USlab@NodeAllocator@Gu@physx@@V?$PxReflectionAllocator@USlab@NodeAllocator@Gu@physx@@@4@@physx@@IEAAXAEBV01@@Z 0000000180001060 f i Cooking.obj
 0001:000000e0       ??0AABBTreeBounds@Gu@physx@@QEAA@XZ 00000001800010e0 f i Cooking.obj
 0001:000000f0       ??4AABBTreeBuildNode@Gu@physx@@QEAAAEAV012@AEBV012@@Z 00000001800010f0 f i Cooking.obj
 0001:000000f0       ??0AABBTreeBuildNode@Gu@physx@@QEAA@AEBV012@@Z 00000001800010f0 f i Cooking.obj
 0001:00000130       ??0AABBTreeBuildNode@Gu@physx@@QEAA@XZ 0000000180001130 f i Cooking.obj
 0001:00000130       ??$forward@_K@std@@YA$$QEA_KAEA_K@Z 0000000180001130 f i libvcruntime:undname.obj
 0001:00000130       ??4PxFoundation@physx@@QEAAAEAV01@AEBV01@@Z 0000000180001130 f i Cooking.obj
 0001:00000130       ?getAABB@AABBTreeBuildNode@Gu@physx@@QEBAAEBVPxBounds3@3@XZ 0000000180001130 f i Cooking.obj
 0001:00000140       ??0AABBTreeBuildParams@Gu@physx@@QEAA@IIPEBVAABBTreeBounds@12@W4BVHBuildStrategy@12@@Z 0000000180001140 f i Cooking.obj
 0001:00000160       ??0NodeAllocator@Gu@physx@@QEAA@AEBV012@@Z 0000000180001160 f i Cooking.obj
 0001:000001a0       ??0PxFoundation@physx@@QEAA@XZ 00000001800011a0 f i Cooking.obj
 0001:000001a0       ??0PxFoundation@physx@@QEAA@AEBV01@@Z 00000001800011a0 f i Cooking.obj
 0001:000001b0       ??1AABBTreeBounds@Gu@physx@@QEAA@XZ 00000001800011b0 f i Cooking.obj
 0001:000001c0       ??1AABBTreeBuildNode@Gu@physx@@QEAA@XZ 00000001800011c0 f i Cooking.obj
 0001:000001c0       _guard_check_icall_nop     00000001800011c0 f i LIBCMT:guard_support.obj
 0001:000001d0       ??1AABBTreeBuildParams@Gu@physx@@QEAA@XZ 00000001800011d0 f i Cooking.obj
 0001:000001d0       ?reset@AABBTreeBuildParams@Gu@physx@@QEAAXXZ 00000001800011d0 f i Cooking.obj
 0001:00000220       ??1PxFoundation@physx@@MEAA@XZ 0000000180001220 f i Cooking.obj
 0001:00000230       ??4AABBTreeBounds@Gu@physx@@QEAAAEAV012@AEBV012@@Z 0000000180001230 f i Cooking.obj
 0001:00000240       ??4AABBTreeBuildParams@Gu@physx@@QEAAAEAV012@AEBV012@@Z 0000000180001240 f i Cooking.obj
 0001:00000260       ??4NodeAllocator@Gu@physx@@QEAAAEAV012@AEBV012@@Z 0000000180001260 f i Cooking.obj
 0001:00000310       ??_EPxFoundation@physx@@MEAAPEAXI@Z 0000000180001310 f i Cooking.obj
 0001:000003a0       ??_FAABBTreeBuildParams@Gu@physx@@QEAAXXZ 00000001800013a0 f i Cooking.obj
 0001:000003c0       ?allocate@?$PxArray@USlab@NodeAllocator@Gu@physx@@V?$PxReflectionAllocator@USlab@NodeAllocator@Gu@physx@@@4@@physx@@IEAAPEAUSlab@NodeAllocator@Gu@2@IPEAI@Z 00000001800013c0 f i Cooking.obj
 0001:00000450       ?getBounds@AABBTreeBounds@Gu@physx@@QEBAPEBVPxBounds3@3@XZ 0000000180001450 f i Cooking.obj
 0001:00000450       ?getBounds@AABBTreeBounds@Gu@physx@@QEAAPEAVPxBounds3@3@XZ 0000000180001450 f i Cooking.obj
 0001:00000460       ?getNbPrimitives@AABBTreeBuildNode@Gu@physx@@QEBAIXZ 0000000180001460 f i Cooking.obj
 0001:00000460       ?getNbRuntimePrimitives@AABBTreeBuildNode@Gu@physx@@QEBAIXZ 0000000180001460 f i Cooking.obj
 0001:00000470       ?getNeg@AABBTreeBuildNode@Gu@physx@@QEBAPEBV123@XZ 0000000180001470 f i Cooking.obj
 0001:00000490       ?getPos@AABBTreeBuildNode@Gu@physx@@QEBAPEBV123@XZ 0000000180001490 f i Cooking.obj
 0001:000004a0       ?getPrimitives@AABBTreeBuildNode@Gu@physx@@QEBAPEBIPEBI@Z 00000001800014a0 f i Cooking.obj
 0001:000004a0       ?getPrimitives@AABBTreeBuildNode@Gu@physx@@QEAAPEAIPEAI@Z 00000001800014a0 f i Cooking.obj
 0001:000004b0       ?isLeaf@AABBTreeBuildNode@Gu@physx@@QEBA_NXZ 00000001800014b0 f i Cooking.obj
 0001:000004c0       ?moveFrom@AABBTreeBounds@Gu@physx@@QEAAXAEAV123@@Z 00000001800014c0 f i Cooking.obj
 0001:000004d0       ?ownsMemory@AABBTreeBounds@Gu@physx@@QEBA_NXZ 00000001800014d0 f i Cooking.obj
 0001:000004e0       ?recreate@?$PxArray@USlab@NodeAllocator@Gu@physx@@V?$PxReflectionAllocator@USlab@NodeAllocator@Gu@physx@@@4@@physx@@IEAAXI@Z 00000001800014e0 f i Cooking.obj
 0001:000005d0       ?setBounds@AABBTreeBounds@Gu@physx@@QEAAXPEAVPxBounds3@3@@Z 00000001800015d0 f i Cooking.obj
 0001:000005e0       ?setNbRunTimePrimitives@AABBTreeBuildNode@Gu@physx@@QEAAXI@Z 00000001800015e0 f i Cooking.obj
 0001:000005f0       ?takeOwnership@AABBTreeBounds@Gu@physx@@QEAAXXZ 00000001800015f0 f i Cooking.obj
 0001:00000600       PxAssembleDeformableVolumeMesh 0000000180001600 f   Cooking.obj
 0001:00000610       PxComputeCollisionData     0000000180001610 f   Cooking.obj
 0001:00000620       PxComputeHullPolygons      0000000180001620 f   Cooking.obj
 0001:00000630       PxComputeModelsMapping     0000000180001630 f   Cooking.obj
 0001:00000640       PxComputeSimulationData    0000000180001640 f   Cooking.obj
 0001:00000650       PxCookBVH                  0000000180001650 f   Cooking.obj
 0001:00000660       PxCookConvexMesh           0000000180001660 f   Cooking.obj
 0001:00000670       PxCookDeformableVolumeMesh 0000000180001670 f   Cooking.obj
 0001:00000680       PxCookHeightField          0000000180001680 f   Cooking.obj
 0001:00000690       PxCookTetrahedronMesh      0000000180001690 f   Cooking.obj
 0001:000006a0       PxCookTriangleMesh         00000001800016a0 f   Cooking.obj
 0001:000006b0       PxCreateBVH                00000001800016b0 f   Cooking.obj
 0001:000006c0       PxCreateBVHInternal        00000001800016c0 f   Cooking.obj
 0001:00000750       PxCreateConvexMesh         0000000180001750 f   Cooking.obj
 0001:00000760       PxCreateDeformableVolumeMesh 0000000180001760 f   Cooking.obj
 0001:00000770       PxCreateHeightField        0000000180001770 f   Cooking.obj
 0001:00000780       PxCreateTetrahedronMesh    0000000180001780 f   Cooking.obj
 0001:00000790       PxCreateTriangleMesh       0000000180001790 f   Cooking.obj
 0001:000007a0       PxCreateTriangleMeshInternal 00000001800017a0 f   Cooking.obj
 0001:00000830       PxGetStandaloneInsertionCallback 0000000180001830 f   Cooking.obj
 0001:00000840       PxValidateConvexMesh       0000000180001840 f   Cooking.obj
 0001:00000850       PxValidateTriangleMesh     0000000180001850 f   Cooking.obj
 0001:00000860       ?cookingDelayHook@@YAP6A_JXZIPEAUDelayLoadInfo@@@Z 0000000180001860 f   WindowsCookingDelayLoadHook.obj
 0001:00000940       PxSetPhysXCookingDelayLoadHook 0000000180001940 f   WindowsCookingDelayLoadHook.obj
 0001:00000948       __imp_load_getInsertionCallback 0000000180001948 f   PhysXCommon_64:PhysXCommon_64.dll
 0001:00000954       getInsertionCallback       0000000180001954 f   PhysXCommon_64:PhysXCommon_64.dll
 0001:0000095a       __tailMerge_physxcommon_64_dll 000000018000195a     PhysXCommon_64:PhysXCommon_64.dll
 0001:000009d3       __imp_load_cookBVH         00000001800019d3 f   PhysXCommon_64:PhysXCommon_64.dll
 0001:000009df       cookBVH                    00000001800019df f   PhysXCommon_64:PhysXCommon_64.dll
 0001:000009e5       __imp_load_createBVH       00000001800019e5 f   PhysXCommon_64:PhysXCommon_64.dll
 0001:000009f1       createBVH                  00000001800019f1 f   PhysXCommon_64:PhysXCommon_64.dll
 0001:000009f7       __imp_load_cookHeightField 00000001800019f7 f   PhysXCommon_64:PhysXCommon_64.dll
 0001:00000a03       cookHeightField            0000000180001a03 f   PhysXCommon_64:PhysXCommon_64.dll
 0001:00000a09       __imp_load_createHeightField 0000000180001a09 f   PhysXCommon_64:PhysXCommon_64.dll
 0001:00000a15       createHeightField          0000000180001a15 f   PhysXCommon_64:PhysXCommon_64.dll
 0001:00000a1b       __imp_load_cookConvexMesh  0000000180001a1b f   PhysXCommon_64:PhysXCommon_64.dll
 0001:00000a27       cookConvexMesh             0000000180001a27 f   PhysXCommon_64:PhysXCommon_64.dll
 0001:00000a2d       __imp_load_createConvexMesh 0000000180001a2d f   PhysXCommon_64:PhysXCommon_64.dll
 0001:00000a39       createConvexMesh           0000000180001a39 f   PhysXCommon_64:PhysXCommon_64.dll
 0001:00000a3f       __imp_load_validateConvexMesh 0000000180001a3f f   PhysXCommon_64:PhysXCommon_64.dll
 0001:00000a4b       validateConvexMesh         0000000180001a4b f   PhysXCommon_64:PhysXCommon_64.dll
 0001:00000a51       __imp_load_computeHullPolygons 0000000180001a51 f   PhysXCommon_64:PhysXCommon_64.dll
 0001:00000a5d       computeHullPolygons        0000000180001a5d f   PhysXCommon_64:PhysXCommon_64.dll
 0001:00000a63       __imp_load_validateTriangleMesh 0000000180001a63 f   PhysXCommon_64:PhysXCommon_64.dll
 0001:00000a6f       validateTriangleMesh       0000000180001a6f f   PhysXCommon_64:PhysXCommon_64.dll
 0001:00000a75       __imp_load_createTriangleMesh 0000000180001a75 f   PhysXCommon_64:PhysXCommon_64.dll
 0001:00000a81       createTriangleMesh         0000000180001a81 f   PhysXCommon_64:PhysXCommon_64.dll
 0001:00000a87       __imp_load_cookTriangleMesh 0000000180001a87 f   PhysXCommon_64:PhysXCommon_64.dll
 0001:00000a93       cookTriangleMesh           0000000180001a93 f   PhysXCommon_64:PhysXCommon_64.dll
 0001:00000a99       __imp_load_cookTetrahedronMesh 0000000180001a99 f   PhysXCommon_64:PhysXCommon_64.dll
 0001:00000aa5       cookTetrahedronMesh        0000000180001aa5 f   PhysXCommon_64:PhysXCommon_64.dll
 0001:00000aab       __imp_load_createTetrahedronMesh 0000000180001aab f   PhysXCommon_64:PhysXCommon_64.dll
 0001:00000ab7       createTetrahedronMesh      0000000180001ab7 f   PhysXCommon_64:PhysXCommon_64.dll
 0001:00000abd       __imp_load_cookDeformableVolumeMesh 0000000180001abd f   PhysXCommon_64:PhysXCommon_64.dll
 0001:00000ac9       cookDeformableVolumeMesh   0000000180001ac9 f   PhysXCommon_64:PhysXCommon_64.dll
 0001:00000acf       __imp_load_createDeformableVolumeMesh 0000000180001acf f   PhysXCommon_64:PhysXCommon_64.dll
 0001:00000adb       createDeformableVolumeMesh 0000000180001adb f   PhysXCommon_64:PhysXCommon_64.dll
 0001:00000ae1       __imp_load_computeModelsMapping 0000000180001ae1 f   PhysXCommon_64:PhysXCommon_64.dll
 0001:00000aed       computeModelsMapping       0000000180001aed f   PhysXCommon_64:PhysXCommon_64.dll
 0001:00000af3       __imp_load_computeCollisionData 0000000180001af3 f   PhysXCommon_64:PhysXCommon_64.dll
 0001:00000aff       computeCollisionData       0000000180001aff f   PhysXCommon_64:PhysXCommon_64.dll
 0001:00000b05       __imp_load_computeSimulationData 0000000180001b05 f   PhysXCommon_64:PhysXCommon_64.dll
 0001:00000b11       computeSimulationData      0000000180001b11 f   PhysXCommon_64:PhysXCommon_64.dll
 0001:00000b17       __imp_load_assembleDeformableVolumeMesh 0000000180001b17 f   PhysXCommon_64:PhysXCommon_64.dll
 0001:00000b23       assembleDeformableVolumeMesh 0000000180001b23 f   PhysXCommon_64:PhysXCommon_64.dll
 0001:00000b29       __imp_load_?release@AABBTreeBounds@Gu@physx@@QEAAXXZ 0000000180001b29 f   PhysXCommon_64:PhysXCommon_64.dll
 0001:00000b35       ?release@AABBTreeBounds@Gu@physx@@QEAAXXZ 0000000180001b35 f   PhysXCommon_64:PhysXCommon_64.dll
 0001:00000b3b       __imp_load_??0BVH@Gu@physx@@QEAA@AEBUPxBVHInternalData@2@@Z 0000000180001b3b f   PhysXCommon_64:PhysXCommon_64.dll
 0001:00000b47       ??0BVH@Gu@physx@@QEAA@AEBUPxBVHInternalData@2@@Z 0000000180001b47 f   PhysXCommon_64:PhysXCommon_64.dll
 0001:00000b4d       __imp_load_??0BV4TriangleMesh@Gu@physx@@QEAA@AEBUPxTriangleMeshInternalData@2@@Z 0000000180001b4d f   PhysXCommon_64:PhysXCommon_64.dll
 0001:00000b59       ??0BV4TriangleMesh@Gu@physx@@QEAA@AEBUPxTriangleMeshInternalData@2@@Z 0000000180001b59 f   PhysXCommon_64:PhysXCommon_64.dll
 0001:00000b5f       __imp_load_PxGetBroadcastAllocator 0000000180001b5f f   PhysXFoundation_64:PhysXFoundation_64.dll
 0001:00000b6b       PxGetBroadcastAllocator    0000000180001b6b f   PhysXFoundation_64:PhysXFoundation_64.dll
 0001:00000b71       __tailMerge_physxfoundation_64_dll 0000000180001b71     PhysXFoundation_64:PhysXFoundation_64.dll
 0001:00000bec       ?DloadAcquireSectionWriteAccess@@YAXXZ 0000000180001bec f i Delayimp:delayhlp.obj
 0001:00000c98       ?DloadGetSRWLockFunctionPointers@@YAEXZ 0000000180001c98 f i Delayimp:delayhlp.obj
 0001:00000d34       ?DloadMakePermanentImageCommit@@YAXPEAX_K@Z 0000000180001d34 f i Delayimp:delayhlp.obj
 0001:00000dcc       ?DloadObtainSection@@YAPEAXPEAK0@Z 0000000180001dcc f i Delayimp:delayhlp.obj
 0001:00000e68       ?DloadProtectSection@@YAXKPEAK@Z 0000000180001e68 f i Delayimp:delayhlp.obj
 0001:00000ef8       ?DloadReleaseSectionWriteAccess@@YAXXZ 0000000180001ef8 f i Delayimp:delayhlp.obj
 0001:00000f8c       __delayLoadHelper2         0000000180001f8c f   Delayimp:delayhlp.obj
 0001:00001260       ??3@YAXPEAX@Z              0000000180002260 f   LIBCMT:delete_scalar.obj
 0001:00001268       ??3@YAXPEAX_K@Z            0000000180002268 f   LIBCMT:delete_scalar_size.obj
 0001:00001268       ??_V@YAXPEAX@Z             0000000180002268 f   LIBCMT:delete_array.obj
 0001:00001270       ??_V@YAXPEAX_K@Z           0000000180002270 f   LIBCMT:delete_array_size.obj
 0001:00001278       ??_Gtype_info@@UEAAPEAXI@Z 0000000180002278 f i LIBCMT:std_type_info_static.obj
 0001:00001278       ??_Etype_info@@UEAAPEAXI@Z 0000000180002278 f i LIBCMT:std_type_info_static.obj
 0001:000012a4       ?__scrt_initialize_type_info@@YAXXZ 00000001800022a4 f   LIBCMT:tncleanup.obj
 0001:000012b4       ?__scrt_uninitialize_type_info@@YAXXZ 00000001800022b4 f   LIBCMT:tncleanup.obj
 0001:000015e0       _DllMainCRTStartup         00000001800025e0 f   LIBCMT:dll_dllmain.obj
 0001:00001620       __security_init_cookie     0000000180002620 f   LIBCMT:gs_support.obj
 0001:000016cc       _get_startup_argv_mode     00000001800026cc f   LIBCMT:argv_mode.obj
 0001:000016cc       DllMain                    00000001800026cc f   LIBCMT:dll_dllmain_stub.obj
 0001:000016cc       ?raw_length@charNode@@UEBAHXZ 00000001800026cc f   libvcruntime:undname.obj
 0001:000016cc       ?length@charNode@@UEBAHXZ  00000001800026cc f   libvcruntime:undname.obj
 0001:000016d4       __local_stdio_printf_options 00000001800026d4 f i LIBCMT:default_local_stdio_options.obj
 0001:000016dc       __local_stdio_scanf_options 00000001800026dc f i LIBCMT:default_local_stdio_options.obj
 0001:000016e4       __scrt_initialize_default_local_stdio_options 00000001800026e4 f   LIBCMT:default_local_stdio_options.obj
 0001:00001700       __scrt_acquire_startup_lock 0000000180002700 f   LIBCMT:utility.obj
 0001:0000173c       __scrt_dllmain_after_initialize_c 000000018000273c f   LIBCMT:utility.obj
 0001:00001770       __scrt_dllmain_before_initialize_c 0000000180002770 f   LIBCMT:utility.obj
 0001:00001788       __scrt_dllmain_crt_thread_attach 0000000180002788 f   LIBCMT:utility.obj
 0001:000017b0       __scrt_dllmain_crt_thread_detach 00000001800027b0 f   LIBCMT:utility.obj
 0001:000017c8       __scrt_dllmain_exception_filter 00000001800027c8 f   LIBCMT:utility.obj
 0001:00001828       __scrt_dllmain_uninitialize_c 0000000180002828 f   LIBCMT:utility.obj
 0001:00001858       __scrt_dllmain_uninitialize_critical 0000000180002858 f   LIBCMT:utility.obj
 0001:0000186c       __scrt_initialize_crt      000000018000286c f   LIBCMT:utility.obj
 0001:000018b8       __scrt_initialize_onexit_tables 00000001800028b8 f   LIBCMT:utility.obj
 0001:00001944       __scrt_is_nonwritable_in_current_image 0000000180002944 f   LIBCMT:utility.obj
 0001:000019dc       __scrt_release_startup_lock 00000001800029dc f   LIBCMT:utility.obj
 0001:00001a00       __scrt_uninitialize_crt    0000000180002a00 f   LIBCMT:utility.obj
 0001:00001a2c       __scrt_get_dyn_tls_init_callback 0000000180002a2c f   LIBCMT:dyn_tls_init.obj
 0001:00001a34       __crt_debugger_hook        0000000180002a34 f   LIBCMT:utility_desktop.obj
 0001:00001a3c       __scrt_fastfail            0000000180002a3c f   LIBCMT:utility_desktop.obj
 0001:00001b88       _RTC_Initialize            0000000180002b88 f   LIBCMT:initsect.obj
 0001:00001bc4       _RTC_Terminate             0000000180002bc4 f   LIBCMT:initsect.obj
 0001:00001c00       __isa_available_init       0000000180002c00 f   LIBCMT:cpu_disp.obj
 0001:00001da4       __scrt_is_ucrt_dll_in_use  0000000180002da4 f   LIBCMT:ucrt_detection.obj
 0001:00001db0       _get_purecall_handler      0000000180002db0 f   libvcruntime:purevirt.obj
 0001:00001dbc       _purecall                  0000000180002dbc f   libvcruntime:purevirt.obj
 0001:00001de0       __std_type_info_compare    0000000180002de0 f   libvcruntime:std_type_info.obj
 0001:00001e08       __std_type_info_destroy_list 0000000180002e08 f   libvcruntime:std_type_info.obj
 0001:00001e34       __std_type_info_name       0000000180002e34 f   libvcruntime:std_type_info.obj
 0001:00001f4c       strstr                     0000000180002f4c f   libvcruntime:strstr.obj
 0001:00002148       __C_specific_handler       0000000180003148 f   libvcruntime:riscchandler.obj
 0001:00002354       __vcrt_initialize          0000000180003354 f   libvcruntime:initialization.obj
 0001:0000237c       __vcrt_thread_attach       000000018000337c f   libvcruntime:initialization.obj
 0001:00002390       __vcrt_thread_detach       0000000180003390 f   libvcruntime:initialization.obj
 0001:000023a4       __vcrt_uninitialize        00000001800033a4 f   libvcruntime:initialization.obj
 0001:000023c0       __vcrt_uninitialize_critical 00000001800033c0 f   libvcruntime:initialization.obj
 0001:000023d0       __DestructExceptionObject  00000001800033d0 f   libvcruntime:ehhelpers.obj
 0001:00002440       ?_CallMemberFunction0@@YAXQEAX0@Z 0000000180003440 f i libvcruntime:ehhelpers.obj
 0001:00002444       _IsExceptionObjectToBeDestroyed 0000000180003444 f   libvcruntime:ehhelpers.obj
 0001:00002474       __AdjustPointer            0000000180003474 f   libvcruntime:ehhelpers.obj
 0001:00002498       __FrameUnwindFilter        0000000180003498 f   libvcruntime:ehhelpers.obj
 0001:00002500       __std_terminate            0000000180003500 f   libvcruntime:ehhelpers.obj
 0001:00002520       memset_repmovs             0000000180003520 f   libvcruntime:memset.obj
 0001:00002540       memset                     0000000180003540 f   libvcruntime:memset.obj
 0001:000026d0       ??$?0$00@DName@@QEAA@PEBDU?$StringLifeSelector@$00@@@Z 00000001800036d0 f i libvcruntime:undname.obj
 0001:00002710       ??$?0$0A@@DName@@QEAA@PEBDU?$StringLifeSelector@$0A@@@@Z 0000000180003710 f i libvcruntime:undname.obj
 0001:00002710       ??$?0$01@DName@@QEAA@PEBDU?$StringLifeSelector@$01@@@Z 0000000180003710 f i libvcruntime:undname.obj
 0001:00002750       ??$?0$01@pcharNode@@QEAA@PEBDHU?$StringLifeSelector@$01@@@Z 0000000180003750 f i libvcruntime:undname.obj
 0001:00002750       ??$?0$0A@@pcharNode@@QEAA@PEBDHU?$StringLifeSelector@$0A@@@@Z 0000000180003750 f i libvcruntime:undname.obj
 0001:000027c4       ??$append@VDNameNode@@@DName@@AEAAXPEBVDNameNode@@@Z 00000001800037c4 f i libvcruntime:undname.obj
 0001:000027c4       ??$append@VDNameStatusNode@@@DName@@AEAAXPEBVDNameStatusNode@@@Z 00000001800037c4 f i libvcruntime:undname.obj
 0001:000027c4       ??$append@VcharNode@@@DName@@AEAAXPEBVcharNode@@@Z 00000001800037c4 f i libvcruntime:undname.obj
 0001:000027c4       ??$append@VpcharNode@@@DName@@AEAAXPEBVpcharNode@@@Z 00000001800037c4 f i libvcruntime:undname.obj
 0001:00002828       ??$doPchar@$00@DName@@AEAAXPEBDH@Z 0000000180003828 f i libvcruntime:undname.obj
 0001:000028cc       ??$doPchar@$0A@@DName@@AEAAXPEBDH@Z 00000001800038cc f i libvcruntime:undname.obj
 0001:000028cc       ??$doPchar@$01@DName@@AEAAXPEBDH@Z 00000001800038cc f i libvcruntime:undname.obj
 0001:00002964       ??0DName@@QEAA@AEAPEBDD@Z  0000000180003964 f   libvcruntime:undname.obj
 0001:00002a14       ??0DName@@QEAA@AEBUStringLiteral@@@Z 0000000180003a14 f   libvcruntime:undname.obj
 0001:00002a40       ??0DName@@QEAA@PEAV0@@Z    0000000180003a40 f   libvcruntime:undname.obj
 0001:00002ac4       ??0DName@@QEAA@_J@Z        0000000180003ac4 f   libvcruntime:undname.obj
 0001:00002b6c       ??0DName@@QEAA@_K@Z        0000000180003b6c f   libvcruntime:undname.obj
 0001:00002bfc       ??2@YAPEAX_KAEAV_HeapManager@@H@Z 0000000180003bfc f   libvcruntime:undname.obj
 0001:00002c28       ??AReplicator@@QEBA?AVDName@@H@Z 0000000180003c28 f   libvcruntime:undname.obj
 0001:00002c68       ??HDName@@QEBA?AV0@AEBUStringLiteral@@@Z 0000000180003c68 f   libvcruntime:undname.obj
 0001:00002c94       ??HDName@@QEBA?AV0@AEBV0@@Z 0000000180003c94 f   libvcruntime:undname.obj
 0001:00002cc0       ??HDName@@QEBA?AV0@D@Z     0000000180003cc0 f   libvcruntime:undname.obj
 0001:00002cec       ??HDName@@QEBA?AV0@W4DNameStatus@@@Z 0000000180003cec f   libvcruntime:undname.obj
 0001:00002d18       ??YDName@@QEAAAEAV0@AEBUStringLiteral@@@Z 0000000180003d18 f   libvcruntime:undname.obj
 0001:00002d98       ??YDName@@QEAAAEAV0@AEBV0@@Z 0000000180003d98 f   libvcruntime:undname.obj
 0001:00002e4c       ??YDName@@QEAAAEAV0@D@Z    0000000180003e4c f   libvcruntime:undname.obj
 0001:00002eb8       ??YDName@@QEAAAEAV0@W4DNameStatus@@@Z 0000000180003eb8 f   libvcruntime:undname.obj
 0001:00002f24       ??YReplicator@@QEAAAEAV0@AEBVDName@@@Z 0000000180003f24 f   libvcruntime:undname.obj
 0001:00002f7c       ?UScore@UnDecorator@@SA?AUStringLiteral@@W4Tokens@@@Z 0000000180003f7c f   libvcruntime:undname.obj
 0001:00002fc8       ?composeDeclaration@UnDecorator@@CA?AVDName@@AEBV2@@Z 0000000180003fc8 f i libvcruntime:undname.obj
 0001:00003e70       ?doPchar@DName@@AEAAXD@Z   0000000180004e70 f   libvcruntime:undname.obj
 0001:00003ec0       ?getAddressOf@UnDecorator@@CA?AVDName@@XZ 0000000180004ec0 f   libvcruntime:undname.obj
 0001:00003f50       ?getArgumentList@UnDecorator@@CA?AVDName@@XZ 0000000180004f50 f   libvcruntime:undname.obj
 0001:000040e4       ?getArgumentTypes@UnDecorator@@CA?AVDName@@XZ 00000001800050e4 f   libvcruntime:undname.obj
 0001:00004230       ?getArrayAccess@UnDecorator@@CA?AVDName@@XZ 0000000180005230 f   libvcruntime:undname.obj
 0001:000042cc       ?getArrayObject@UnDecorator@@CA?AVDName@@XZ 00000001800052cc f   libvcruntime:undname.obj
 0001:000043a0       ?getArrayType@UnDecorator@@CA?AVDName@@AEBV2@@Z 00000001800053a0 f i libvcruntime:undname.obj
 0001:000045e8       ?getBasedType@UnDecorator@@CA?AVDName@@XZ 00000001800055e8 f   libvcruntime:undname.obj
 0001:000046e0       ?getBasicDataType@UnDecorator@@CA?AVDName@@AEBV2@@Z 00000001800056e0 f   libvcruntime:undname.obj
 0001:00004c84       ?getCallingConvention@UnDecorator@@CA?AVDName@@XZ 0000000180005c84 f   libvcruntime:undname.obj
 0001:00004dc4       ?getDataIndirectType@UnDecorator@@CA?AVDName@@AEBV2@W4IndirectionKind@@0H@Z 0000000180005dc4 f   libvcruntime:undname.obj
 0001:0000565c       ?getDataType@UnDecorator@@CA?AVDName@@PEAV2@@Z 000000018000665c f   libvcruntime:undname.obj
 0001:00005770       ?getDecoratedName@UnDecorator@@CA?AVDName@@XZ 0000000180006770 f   libvcruntime:undname.obj
 0001:00005a54       ?getDimension@UnDecorator@@CA?AVDName@@_N@Z 0000000180006a54 f   libvcruntime:undname.obj
 0001:00005b9c       ?getDispatchTarget@UnDecorator@@CA?AVDName@@XZ 0000000180006b9c f   libvcruntime:undname.obj
 0001:00005c00       ?getECSUDataType@UnDecorator@@CA?AVDName@@XZ 0000000180006c00 f   libvcruntime:undname.obj
 0001:00005df8       ?getEnumType@UnDecorator@@CA?AVDName@@XZ 0000000180006df8 f i libvcruntime:undname.obj
 0001:00005f28       ?getExtendedDataIndirectType@UnDecorator@@CA?AVDName@@AEAW4IndirectionKind@@AEA_NH@Z 0000000180006f28 f   libvcruntime:undname.obj
 0001:00006130       ?getExternalDataType@UnDecorator@@CA?AVDName@@AEBV2@@Z 0000000180007130 f i libvcruntime:undname.obj
 0001:000061f0       ?getFloatingPoint@UnDecorator@@CA?AVDName@@H@Z 00000001800071f0 f   libvcruntime:undname.obj
 0001:00006318       ?getFunctionIndirectType@UnDecorator@@CA?AVDName@@AEBV2@@Z 0000000180007318 f   libvcruntime:undname.obj
 0001:00006850       ?getLastChar@DNameStatusNode@@UEBADXZ 0000000180007850 f i libvcruntime:undname.obj
 0001:0000685c       ?getLastChar@charNode@@UEBADXZ 000000018000785c f i libvcruntime:undname.obj
 0001:00006860       ?getLastChar@pDNameNode@@UEBADXZ 0000000180007860 f i libvcruntime:undname.obj
 0001:0000688c       ?getLastChar@pairNode@@UEBADXZ 000000018000788c f i libvcruntime:undname.obj
 0001:000068c4       ?getLastChar@pcharNode@@UEBADXZ 00000001800078c4 f i libvcruntime:undname.obj
 0001:000068d8       ?getLexicalFrame@UnDecorator@@CA?AVDName@@XZ 00000001800078d8 f i libvcruntime:undname.obj
 0001:0000693c       ?getMemberAccess@UnDecorator@@CA?AVDName@@XZ 000000018000793c f   libvcruntime:undname.obj
 0001:000069d0       ?getMemoryWithBuffer@_HeapManager@@QEAAPEAX_K@Z 00000001800079d0 f   libvcruntime:undname.obj
 0001:00006a60       ?getNoexcept@UnDecorator@@CA?AVDName@@XZ 0000000180007a60 f   libvcruntime:undname.obj
 0001:00006ac4       ?getNumberOfDimensions@UnDecorator@@CAHXZ 0000000180007ac4 f   libvcruntime:undname.obj
 0001:00006b24       ?getOperatorName@UnDecorator@@CA?AVDName@@_NPEA_N@Z 0000000180007b24 f i libvcruntime:undname.obj
 0001:000074d4       ?getPointerToMember@UnDecorator@@CA?AVDName@@XZ 00000001800084d4 f   libvcruntime:undname.obj
 0001:000075cc       ?getPrimaryDataType@UnDecorator@@CA?AVDName@@AEBV2@@Z 00000001800085cc f   libvcruntime:undname.obj
 0001:00007880       ?getPtrRefDataType@UnDecorator@@CA?AVDName@@AEBV2@H@Z 0000000180008880 f   libvcruntime:undname.obj
 0001:00007a4c       ?getPtrRefType@UnDecorator@@CA?AVDName@@AEBV2@0W4IndirectionKind@@@Z 0000000180008a4c f   libvcruntime:undname.obj
 0001:00007c24       ?getRestrictionSpec@UnDecorator@@CA?AVDName@@XZ 0000000180008c24 f   libvcruntime:undname.obj
 0001:00007df0       ?getReturnType@UnDecorator@@CA?AVDName@@PEAV2@@Z 0000000180008df0 f   libvcruntime:undname.obj
 0001:00007e24       ?getScope@UnDecorator@@CA?AVDName@@XZ 0000000180008e24 f   libvcruntime:undname.obj
 0001:000082d8       ?getScopedName@UnDecorator@@CA?AVDName@@XZ 00000001800092d8 f   libvcruntime:undname.obj
 0001:00008414       ?getSignedDimension@UnDecorator@@CA?AVDName@@XZ 0000000180009414 f   libvcruntime:undname.obj
 0001:0000849c       ?getString@DNameStatusNode@@UEBAPEADPEAD0@Z 000000018000949c f i libvcruntime:undname.obj
 0001:000084e4       ?getString@charNode@@UEBAPEADPEAD0@Z 00000001800094e4 f i libvcruntime:undname.obj
 0001:000084f8       ?getString@pDNameNode@@UEBAPEADPEAD0@Z 00000001800094f8 f i libvcruntime:undname.obj
 0001:00008528       ?getString@pairNode@@UEBAPEADPEAD0@Z 0000000180009528 f i libvcruntime:undname.obj
 0001:00008574       ?getString@pcharNode@@UEBAPEADPEAD0@Z 0000000180009574 f i libvcruntime:undname.obj
 0001:000085ac       ?getStringEncoding@UnDecorator@@CA?AVDName@@W4PrefixKind@@H@Z 00000001800095ac f   libvcruntime:undname.obj
 0001:000086a4       ?getStringObject@UnDecorator@@CA?AVDName@@XZ 00000001800096a4 f   libvcruntime:undname.obj
 0001:0000870c       ?getSymbolName@UnDecorator@@CA?AVDName@@XZ 000000018000970c f i libvcruntime:undname.obj
 0001:00008758       ?getTemplateArgumentList@UnDecorator@@CA?AVDName@@XZ 0000000180009758 f   libvcruntime:undname.obj
 0001:000089cc       ?getTemplateName@UnDecorator@@CA?AVDName@@_N@Z 00000001800099cc f   libvcruntime:undname.obj
 0001:00008c60       ?getTemplateNonTypeArgument@UnDecorator@@CA?AVDName@@XZ 0000000180009c60 f   libvcruntime:undname.obj
 0001:00009190       ?getTemplateTypeArgument@UnDecorator@@CA?AVDName@@XZ 000000018000a190 f   libvcruntime:undname.obj
 0001:000092f8       ?getThrowTypes@UnDecorator@@CA?AVDName@@XZ 000000018000a2f8 f   libvcruntime:undname.obj
 0001:0000931c       ?getTypeEncoding@UnDecorator@@CAHXZ 000000018000a31c f i libvcruntime:undname.obj
 0001:000096d0       ?getUndecoratedName@UnDecorator@@QEAAPEADPEADH@Z 000000018000a6d0 f i libvcruntime:undname.obj
 0001:00009824       ?getUnionObject@UnDecorator@@CA?AVDName@@XZ 000000018000a824 f   libvcruntime:undname.obj
 0001:000098fc       ?getVCallThunkType@UnDecorator@@CA?AVDName@@XZ 000000018000a8fc f i libvcruntime:undname.obj
 0001:00009974       ?getValue@UnDecorator@@CA?AV?$optional@_K@std@@XZ 000000018000a974 f   libvcruntime:undname.obj
 0001:000099e8       ?getValueObject@UnDecorator@@CA?AVDName@@XZ 000000018000a9e8 f   libvcruntime:undname.obj
 0001:00009b4c       ?getVdispMapType@UnDecorator@@CA?AVDName@@AEBV2@@Z 000000018000ab4c f i libvcruntime:undname.obj
 0001:00009bc8       ?getVfTableType@UnDecorator@@CA?AVDName@@AEBV2@@Z 000000018000abc8 f i libvcruntime:undname.obj
 0001:00009dd0       ?getZName@UnDecorator@@CA?AVDName@@_N0@Z 000000018000add0 f   libvcruntime:undname.obj
 0001:0000a0ac       ?raw_length@DNameStatusNode@@UEBAHXZ 000000018000b0ac f i libvcruntime:undname.obj
 0001:0000a0ac       ?length@DNameStatusNode@@UEBAHXZ 000000018000b0ac f i libvcruntime:undname.obj
 0001:0000a0b0       ?length@pDNameNode@@UEBAHXZ 000000018000b0b0 f i libvcruntime:undname.obj
 0001:0000a0d8       ?length@pairNode@@UEBAHXZ  000000018000b0d8 f i libvcruntime:undname.obj
 0001:0000a120       ?raw_length@pcharNode@@UEBAHXZ 000000018000b120 f i libvcruntime:undname.obj
 0001:0000a120       ?length@pcharNode@@UEBAHXZ 000000018000b120 f i libvcruntime:undname.obj
 0001:0000a124       ?parseDecoratedName@UnDecorator@@CA?AVDName@@XZ 000000018000b124 f   libvcruntime:undname.obj
 0001:0000a23c       ?raw_length@pDNameNode@@UEBAHXZ 000000018000b23c f i libvcruntime:undname.obj
 0001:0000a240       ?raw_length@pairNode@@UEBAHXZ 000000018000b240 f i libvcruntime:undname.obj
 0001:0000a244       __unDName                  000000018000b244 f   libvcruntime:undname.obj
 0001:0000a26c       __unDNameEx                000000018000b26c f   libvcruntime:undname.obj
 0001:0000a3a0       sprintf_s                  000000018000b3a0 f i libvcruntime:undname.obj
 0001:0000a410       _NLG_Notify                000000018000b410 f   libvcruntime:notify.obj
 0001:0000a430       __NLG_Dispatch2            000000018000b430 f   libvcruntime:notify.obj
 0001:0000a440       __NLG_Return2              000000018000b440 f   libvcruntime:notify.obj
 0001:0000a444       __except_validate_context_record 000000018000b444 f   libvcruntime:jbcxrval.obj
 0001:0000a47c       __vcrt_freefls             000000018000b47c f   libvcruntime:per_thread_data.obj
 0001:0000a49c       __vcrt_freeptd             000000018000b49c f   libvcruntime:per_thread_data.obj
 0001:0000a4ec       __vcrt_getptd              000000018000b4ec f   libvcruntime:per_thread_data.obj
 0001:0000a508       __vcrt_getptd_noexit       000000018000b508 f   libvcruntime:per_thread_data.obj
 0001:0000a5c8       __vcrt_initialize_ptd      000000018000b5c8 f   libvcruntime:per_thread_data.obj
 0001:0000a610       __vcrt_uninitialize_ptd    000000018000b610 f   libvcruntime:per_thread_data.obj
 0001:0000a634       __vcrt_initialize_locks    000000018000b634 f   libvcruntime:locks.obj
 0001:0000a668       __vcrt_lock                000000018000b668 f   libvcruntime:locks.obj
 0001:0000a684       __vcrt_uninitialize_locks  000000018000b684 f   libvcruntime:locks.obj
 0001:0000a6bc       __vcrt_unlock              000000018000b6bc f   libvcruntime:locks.obj
 0001:0000a6d8       ??$_CallSETranslator@V__FrameHandler3@@@@YAHPEAUEHExceptionRecord@@PEA_KPEAU_CONTEXT@@PEAU_xDISPATCHER_CONTEXT@@PEBU_s_FuncInfo@@K1H@Z 000000018000b6d8 f i libvcruntime:risctrnsctrl.obj
 0001:0000a72c       ??$_CallSETranslator@V__FrameHandler4@@@@YAHPEAUEHExceptionRecord@@PEA_KPEAU_CONTEXT@@PEAU_xDISPATCHER_CONTEXT@@PEAUFuncInfo4@FH4@@K1H@Z 000000018000b72c f i libvcruntime:risctrnsctrl.obj
 0001:0000a780       ?CatchTryBlock@__FrameHandler3@@SAPEBU_s_TryBlockMapEntry@@PEBU_s_FuncInfo@@H@Z 000000018000b780 f   libvcruntime:risctrnsctrl.obj
 0001:0000a7d4       ?DecompFuncInfo@FH4@@YA_JPEAEAEAUFuncInfo4@1@_KH_N@Z 000000018000b7d4 f i libvcruntime:risctrnsctrl.obj
 0001:0000a8f8       ?ExecutionInCatch@__FrameHandler3@@SA_NPEAU_xDISPATCHER_CONTEXT@@PEBU_s_FuncInfo@@@Z 000000018000b8f8 f   libvcruntime:risctrnsctrl.obj
 0001:0000a924       ?ExecutionInCatch@__FrameHandler4@@SA_NPEAU_xDISPATCHER_CONTEXT@@PEAUFuncInfo4@FH4@@@Z 000000018000b924 f   libvcruntime:risctrnsctrl.obj
 0001:0000a92c       ?FrameUnwindToEmptyState@__FrameHandler3@@SAXPEA_KPEAU_xDISPATCHER_CONTEXT@@PEBU_s_FuncInfo@@@Z 000000018000b92c f   libvcruntime:risctrnsctrl.obj
 0001:0000a990       ?FrameUnwindToEmptyState@__FrameHandler4@@SAXPEA_KPEAU_xDISPATCHER_CONTEXT@@PEAUFuncInfo4@FH4@@@Z 000000018000b990 f   libvcruntime:risctrnsctrl.obj
 0001:0000a9c4       ?GetEstablisherFrame@__FrameHandler3@@SAPEA_KPEA_KPEAU_xDISPATCHER_CONTEXT@@PEBU_s_FuncInfo@@0@Z 000000018000b9c4 f   libvcruntime:risctrnsctrl.obj
 0001:0000aa90       ?GetEstablisherFrame@__FrameHandler4@@SAPEA_KPEA_KPEAU_xDISPATCHER_CONTEXT@@PEAUFuncInfo4@FH4@@0@Z 000000018000ba90 f   libvcruntime:risctrnsctrl.obj
 0001:0000aab4       ?GetRangeOfTrysToCheck@__FrameHandler3@@SA?AU?$pair@Viterator@TryBlockMap@__FrameHandler3@@V123@@std@@AEAVTryBlockMap@1@HPEAU_xDISPATCHER_CONTEXT@@PEBU_s_FuncInfo@@H@Z 000000018000bab4 f   libvcruntime:risctrnsctrl.obj
 0001:0000abf4       ?GetRangeOfTrysToCheck@__FrameHandler4@@SA?AU?$pair@Viterator@TryBlockMap4@FH4@@V123@@std@@AEAVTryBlockMap4@FH4@@HPEAU_xDISPATCHER_CONTEXT@@PEAUFuncInfo4@5@H@Z 000000018000bbf4 f   libvcruntime:risctrnsctrl.obj
 0001:0000ad5c       ?UnwindNestedFrames@__FrameHandler3@@SAXPEA_KPEAUEHExceptionRecord@@PEAU_CONTEXT@@0PEAXPEBU_s_FuncInfo@@HHPEBU_s_HandlerType@@PEAU_xDISPATCHER_CONTEXT@@E@Z 000000018000bd5c f   libvcruntime:risctrnsctrl.obj
 0001:0000ae60       ?UnwindNestedFrames@__FrameHandler4@@SAXPEA_KPEAUEHExceptionRecord@@PEAU_CONTEXT@@0PEAXPEAUFuncInfo4@FH4@@HHPEAUHandlerType4@5@PEAU_xDISPATCHER_CONTEXT@@E@Z 000000018000be60 f   libvcruntime:risctrnsctrl.obj
 0001:0000af80       ?setBuffer@TryBlockMap4@FH4@@QEAAXViterator@12@@Z 000000018000bf80 f i libvcruntime:risctrnsctrl.obj
 0001:0000b140       _CreateFrameInfo           000000018000c140 f   libvcruntime:risctrnsctrl.obj
 0001:0000b17c       _FindAndUnlinkFrame        000000018000c17c f   libvcruntime:risctrnsctrl.obj
 0001:0000b1d0       _GetImageBase              000000018000c1d0 f   libvcruntime:risctrnsctrl.obj
 0001:0000b1e4       _GetThrowImageBase         000000018000c1e4 f   libvcruntime:risctrnsctrl.obj
 0001:0000b1f8       _SetImageBase              000000018000c1f8 f   libvcruntime:risctrnsctrl.obj
 0001:0000b210       _SetThrowImageBase         000000018000c210 f   libvcruntime:risctrnsctrl.obj
 0001:0000b228       __CxxFrameHandler3         000000018000c228 f   libvcruntime:risctrnsctrl.obj
 0001:0000b2b0       __CxxFrameHandler4         000000018000c2b0 f   libvcruntime:risctrnsctrl.obj
 0001:0000b380       memcpy_repmovs             000000018000c380 f   libvcruntime:memcpy.obj
 0001:0000b3a0       memcpy                     000000018000c3a0 f   libvcruntime:memcpy.obj
 0001:0000b3a0       memmove                    000000018000c3a0 f   libvcruntime:memcpy.obj
 0001:0000bb68       __vcrt_FlsAlloc            000000018000cb68 f   libvcruntime:winapi_downlevel.obj
 0001:0000bbb0       __vcrt_FlsFree             000000018000cbb0 f   libvcruntime:winapi_downlevel.obj
 0001:0000bbf8       __vcrt_FlsGetValue         000000018000cbf8 f   libvcruntime:winapi_downlevel.obj
 0001:0000bc40       __vcrt_FlsSetValue         000000018000cc40 f   libvcruntime:winapi_downlevel.obj
 0001:0000bc94       __vcrt_InitializeCriticalSectionEx 000000018000cc94 f   libvcruntime:winapi_downlevel.obj
 0001:0000bcf8       ?GetCurrentState@__FrameHandler3@@SAHPEA_KPEAU_xDISPATCHER_CONTEXT@@PEBU_s_FuncInfo@@@Z 000000018000ccf8 f   libvcruntime:ehstate.obj
 0001:0000bd20       ?GetUnwindTryBlock@__FrameHandler3@@SAHPEA_KPEAU_xDISPATCHER_CONTEXT@@PEBU_s_FuncInfo@@@Z 000000018000cd20 f   libvcruntime:ehstate.obj
 0001:0000bd4c       ?SetState@__FrameHandler3@@SAXPEA_KPEBU_s_FuncInfo@@H@Z 000000018000cd4c f   libvcruntime:ehstate.obj
 0001:0000bd58       ?SetUnwindTryBlock@__FrameHandler3@@SAXPEA_KPEAU_xDISPATCHER_CONTEXT@@PEBU_s_FuncInfo@@H@Z 000000018000cd58 f   libvcruntime:ehstate.obj
 0001:0000bd94       ?StateFromControlPc@__FrameHandler3@@SAHPEBU_s_FuncInfo@@PEAU_xDISPATCHER_CONTEXT@@@Z 000000018000cd94 f   libvcruntime:ehstate.obj
 0001:0000bd9c       ?StateFromControlPc@__FrameHandler4@@SAHPEAUFuncInfo4@FH4@@PEAU_xDISPATCHER_CONTEXT@@@Z 000000018000cd9c f   libvcruntime:ehstate.obj
 0001:0000bda4       ?StateFromIp@__FrameHandler3@@SAHPEBU_s_FuncInfo@@PEAU_xDISPATCHER_CONTEXT@@_K@Z 000000018000cda4 f   libvcruntime:ehstate.obj
 0001:0000be0c       ?StateFromIp@__FrameHandler4@@SAHPEAUFuncInfo4@FH4@@PEAU_xDISPATCHER_CONTEXT@@_K@Z 000000018000ce0c f   libvcruntime:ehstate.obj
 0001:0000d4f0       ??$TypeMatchHelper@V__FrameHandler3@@@@YAHPEBU_s_HandlerType@@PEBU_s_CatchableType@@PEBU_s_ThrowInfo@@@Z 000000018000e4f0 f i libvcruntime:frame.obj
 0001:0000d630       ??$TypeMatchHelper@V__FrameHandler4@@@@YAHPEAUHandlerType4@FH4@@PEBU_s_CatchableType@@PEBU_s_ThrowInfo@@@Z 000000018000e630 f i libvcruntime:frame.obj
 0001:0000d774       ??$__InternalCxxFrameHandler@V__FrameHandler3@@@@YA?AW4_EXCEPTION_DISPOSITION@@PEAUEHExceptionRecord@@PEA_KPEAU_CONTEXT@@PEAU_xDISPATCHER_CONTEXT@@PEBU_s_FuncInfo@@H1E@Z 000000018000e774 f i libvcruntime:frame.obj
 0001:0000d9ac       ??$__InternalCxxFrameHandler@V__FrameHandler4@@@@YA?AW4_EXCEPTION_DISPOSITION@@PEAUEHExceptionRecord@@PEA_KPEAU_CONTEXT@@PEAU_xDISPATCHER_CONTEXT@@PEAUFuncInfo4@FH4@@H1E@Z 000000018000e9ac f i libvcruntime:frame.obj
 0001:0000dc40       ??0HandlerMap4@FH4@@QEAA@PEBUTryBlockMapEntry4@1@_KH@Z 000000018000ec40 f i libvcruntime:frame.obj
 0001:0000dcbc       ??0TryBlockMap4@FH4@@QEAA@PEBUFuncInfo4@1@_K@Z 000000018000ecbc f i libvcruntime:frame.obj
 0001:0000dd94       ??0bad_exception@std@@QEAA@AEBV01@@Z 000000018000ed94 f i libvcruntime:frame.obj
 0001:0000ddd0       ??0bad_exception@std@@QEAA@XZ 000000018000edd0 f i libvcruntime:frame.obj
 0001:0000ddf0       ??0exception@std@@QEAA@AEBV01@@Z 000000018000edf0 f i libvcruntime:frame.obj
 0001:0000de24       ??1bad_exception@std@@UEAA@XZ 000000018000ee24 f i libvcruntime:frame.obj
 0001:0000de38       ??_Ebad_exception@std@@UEAAPEAXI@Z 000000018000ee38 f i libvcruntime:frame.obj
 0001:0000de38       ??_Eexception@std@@UEAAPEAXI@Z 000000018000ee38 f i libvcruntime:frame.obj
 0001:0000de38       ??_Gexception@std@@UEAAPEAXI@Z 000000018000ee38 f i libvcruntime:frame.obj
 0001:0000de38       ??_Gbad_exception@std@@UEAAPEAXI@Z 000000018000ee38 f i libvcruntime:frame.obj
 0001:0000de7c       ?CxxCallCatchBlock@__FrameHandler3@@SAPEAXPEAU_EXCEPTION_RECORD@@@Z 000000018000ee7c f   libvcruntime:frame.obj
 0001:0000e068       ?CxxCallCatchBlock@__FrameHandler4@@SAPEAXPEAU_EXCEPTION_RECORD@@@Z 000000018000f068 f   libvcruntime:frame.obj
 0001:0000e2b8       ?DecompHandler@HandlerMap4@FH4@@AEAAXXZ 000000018000f2b8 f i libvcruntime:frame.obj
 0001:0000e4f8       ?FrameUnwindToState@__FrameHandler3@@SAXPEA_KPEAU_xDISPATCHER_CONTEXT@@PEBU_s_FuncInfo@@H@Z 000000018000f4f8 f   libvcruntime:frame.obj
 0001:0000e684       ?FrameUnwindToState@__FrameHandler4@@SAXPEA_KPEAU_xDISPATCHER_CONTEXT@@PEAUFuncInfo4@FH4@@H@Z 000000018000f684 f   libvcruntime:frame.obj
 0001:0000e96c       ?GetHandlerSearchState@__FrameHandler3@@SAHPEA_KPEAU_xDISPATCHER_CONTEXT@@PEBU_s_FuncInfo@@@Z 000000018000f96c f i libvcruntime:frame.obj
 0001:0000eb7c       ?ReadEntry@UWMap4@FH4@@AEAAXPEAPEAE@Z 000000018000fb7c f i libvcruntime:frame.obj
 0001:0000ec1c       ?_CallMemberFunction1@@YAXQEAX00@Z 000000018000fc1c f i libvcruntime:frame.obj
 0001:0000ec28       ?_CallMemberFunction2@@YAXQEAX00H@Z 000000018000fc28 f i libvcruntime:frame.obj
 0001:0000ec38       ?getStartStop@UWMap4@FH4@@QEAAXHHAEAViterator@12@0@Z 000000018000fc38 f i libvcruntime:frame.obj
 0001:0000ed08       ?getStateFromIterators@UWMap4@FH4@@SAHAEBViterator@12@H0H0@Z 000000018000fd08 f i libvcruntime:frame.obj
 0001:0000edd0       ?what@exception@std@@UEBAPEBDXZ 000000018000fdd0 f i libvcruntime:frame.obj
 0001:0000ee00       _CallSettingFrame          000000018000fe00 f   libvcruntime:handlers.obj
 0001:0000ee50       _CallSettingFrame_LookupContinuationIndex 000000018000fe50 f   libvcruntime:handlers.obj
 0001:0000ee80       _CallSettingFrame_NotifyContinuationAddr 000000018000fe80 f   libvcruntime:handlers.obj
 0001:0000eeb0       _CallSettingFrameEncoded   000000018000feb0 f   libvcruntime:handlers.obj
 0001:0000eef8       __std_exception_copy       000000018000fef8 f   libvcruntime:std_exception.obj
 0001:0000ef88       __std_exception_destroy    000000018000ff88 f   libvcruntime:std_exception.obj
 0001:0000efb0       _CxxThrowException         000000018000ffb0 f   libvcruntime:throw.obj
 0001:0000f050       free                       0000000180010050 f   libucrt:free.obj
 0001:0000f064       _initterm                  0000000180010064 f   libucrt:initterm.obj
 0001:0000f0a8       _initterm_e                00000001800100a8 f   libucrt:initterm.obj
 0001:0000f0f0       _seh_filter_dll            00000001800100f0 f   libucrt:exception_filter.obj
 0001:0000f104       _seh_filter_exe            0000000180010104 f   libucrt:exception_filter.obj
 0001:0000f51c       __acrt_initialize_thread_local_exit_callback 000000018001051c f   libucrt:exit.obj
 0001:0000f524       _cexit                     0000000180010524 f   libucrt:exit.obj
 0001:0000f534       _exit                      0000000180010534 f   libucrt:exit.obj
 0001:0000f540       _is_c_termination_complete 0000000180010540 f   libucrt:exit.obj
 0001:0000f710       __acrt_allocate_buffer_for_argv 0000000180010710 f   libucrt:argv_parsing.obj
 0001:0000f770       _configure_narrow_argv     0000000180010770 f   libucrt:argv_parsing.obj
 0001:0000faf8       __dcrt_uninitialize_environments_nolock 0000000180010af8 f   libucrt:environment_initialization.obj
 0001:0000fb3c       _initialize_narrow_environment 0000000180010b3c f   libucrt:environment_initialization.obj
 0001:0000fca0       _execute_onexit_table      0000000180010ca0 f   libucrt:onexit.obj
 0001:0000fce4       _initialize_onexit_table   0000000180010ce4 f   libucrt:onexit.obj
 0001:0000fd44       __acrt_uninitialize_command_line 0000000180010d44 f   libucrt:argv_data.obj
 0001:0000fe3c       __acrt_initialize          0000000180010e3c f   libucrt:initialization.obj
 0001:0000fe50       __acrt_thread_attach       0000000180010e50 f   libucrt:initialization.obj
 0001:0000fe64       __acrt_thread_detach       0000000180010e64 f   libucrt:initialization.obj
 0001:0000fe74       __acrt_uninitialize        0000000180010e74 f   libucrt:initialization.obj
 0001:0000feac       __acrt_uninitialize_critical 0000000180010eac f   libucrt:initialization.obj
 0001:0000febc       terminate                  0000000180010ebc f   libucrt:terminate.obj
 0001:0000fee8       abort                      0000000180010ee8 f   libucrt:abort.obj
 0001:0000ff40       malloc                     0000000180010f40 f   libucrt:malloc.obj
 0001:0000ff48       strcpy_s                   0000000180010f48 f   libucrt:strcpy_s.obj
 0001:00010158       ??$ensure_buffer_is_big_enough@D@formatting_buffer@__crt_stdio_output@@QEAA_N_KAEAV__crt_cached_ptd_host@@@Z 0000000180011158 f i libucrt:output.obj
 0001:00010200       ??$parse_integer@KV?$c_string_character_source@D@__crt_strtox@@$0A@@__crt_strtox@@YAKAEAV__crt_cached_ptd_host@@V?$c_string_character_source@D@0@H_N@Z 0000000180011200 f i libucrt:output.obj
 0001:000104b4       ??$type_case_integer@$07@?$output_processor@DV?$string_output_adapter@D@__crt_stdio_output@@V?$format_validation_base@DV?$string_output_adapter@D@__crt_stdio_output@@@2@@__crt_stdio_output@@AEAA_N_N@Z 00000001800114b4 f i libucrt:output.obj
 0001:000106b8       ??$type_case_integer@$09@?$output_processor@DV?$string_output_adapter@D@__crt_stdio_output@@V?$format_validation_base@DV?$string_output_adapter@D@__crt_stdio_output@@@2@@__crt_stdio_output@@AEAA_N_N@Z 00000001800116b8 f i libucrt:output.obj
 0001:000108bc       ??$type_case_integer@$0BA@@?$output_processor@DV?$string_output_adapter@D@__crt_stdio_output@@V?$format_validation_base@DV?$string_output_adapter@D@__crt_stdio_output@@@2@@__crt_stdio_output@@AEAA_N_N@Z 00000001800118bc f i libucrt:output.obj
 0001:00010ac0       ??$type_case_integer_parse_into_buffer@I$07@?$output_processor@DV?$string_output_adapter@D@__crt_stdio_output@@V?$format_validation_base@DV?$string_output_adapter@D@__crt_stdio_output@@@2@@__crt_stdio_output@@AEAAXI_N@Z 0000000180011ac0 f i libucrt:output.obj
 0001:00010b30       ??$type_case_integer_parse_into_buffer@I$09@?$output_processor@DV?$string_output_adapter@D@__crt_stdio_output@@V?$format_validation_base@DV?$string_output_adapter@D@__crt_stdio_output@@@2@@__crt_stdio_output@@AEAAXI_N@Z 0000000180011b30 f i libucrt:output.obj
 0001:00010bdc       ??$type_case_integer_parse_into_buffer@I$0BA@@?$output_processor@DV?$string_output_adapter@D@__crt_stdio_output@@V?$format_validation_base@DV?$string_output_adapter@D@__crt_stdio_output@@@2@@__crt_stdio_output@@AEAAXI_N@Z 0000000180011bdc f i libucrt:output.obj
 0001:00010c60       ??$type_case_integer_parse_into_buffer@_K$07@?$output_processor@DV?$string_output_adapter@D@__crt_stdio_output@@V?$format_validation_base@DV?$string_output_adapter@D@__crt_stdio_output@@@2@@__crt_stdio_output@@AEAAX_K_N@Z 0000000180011c60 f i libucrt:output.obj
 0001:00010cd0       ??$type_case_integer_parse_into_buffer@_K$09@?$output_processor@DV?$string_output_adapter@D@__crt_stdio_output@@V?$format_validation_base@DV?$string_output_adapter@D@__crt_stdio_output@@@2@@__crt_stdio_output@@AEAAX_K_N@Z 0000000180011cd0 f i libucrt:output.obj
 0001:00010d80       ??$type_case_integer_parse_into_buffer@_K$0BA@@?$output_processor@DV?$string_output_adapter@D@__crt_stdio_output@@V?$format_validation_base@DV?$string_output_adapter@D@__crt_stdio_output@@@2@@__crt_stdio_output@@AEAAX_K_N@Z 0000000180011d80 f i libucrt:output.obj
 0001:00010e04       ?crop_zeroes@__crt_stdio_output@@YAXPEADQEAU__crt_locale_pointers@@@Z 0000000180011e04 f i libucrt:output.obj
 0001:00010e70       ?get_raw_ptd@__crt_cached_ptd_host@@QEAAPEAU__acrt_ptd@@XZ 0000000180011e70 f i libucrt:output.obj
 0001:00010ed8       ?parse_int_from_format_string@?$output_processor@DV?$string_output_adapter@D@__crt_stdio_output@@V?$format_validation_base@DV?$string_output_adapter@D@__crt_stdio_output@@@2@@__crt_stdio_output@@AEAA_NQEAH@Z 0000000180011ed8 f i libucrt:output.obj
 0001:00010f68       ?process@?$output_processor@DV?$string_output_adapter@D@__crt_stdio_output@@V?$format_validation_base@DV?$string_output_adapter@D@__crt_stdio_output@@@2@@__crt_stdio_output@@QEAAHXZ 0000000180011f68 f i libucrt:output.obj
 0001:000112ec       ?state_case_size@?$output_processor@DV?$string_output_adapter@D@__crt_stdio_output@@V?$format_validation_base@DV?$string_output_adapter@D@__crt_stdio_output@@@2@@__crt_stdio_output@@AEAA_NXZ 00000001800122ec f i libucrt:output.obj
 0001:00011474       ?state_case_type@?$output_processor@DV?$string_output_adapter@D@__crt_stdio_output@@V?$format_validation_base@DV?$string_output_adapter@D@__crt_stdio_output@@@2@@__crt_stdio_output@@AEAA_NXZ 0000000180012474 f i libucrt:output.obj
 0001:00011878       ?type_case_Z@?$output_processor@DV?$string_output_adapter@D@__crt_stdio_output@@V?$format_validation_base@DV?$string_output_adapter@D@__crt_stdio_output@@@2@@__crt_stdio_output@@AEAA_NXZ 0000000180012878 f i libucrt:output.obj
 0001:000118f4       ?type_case_a@?$output_processor@DV?$string_output_adapter@D@__crt_stdio_output@@V?$format_validation_base@DV?$string_output_adapter@D@__crt_stdio_output@@@2@@__crt_stdio_output@@AEAA_NXZ 00000001800128f4 f i libucrt:output.obj
 0001:00011b48       ?type_case_c_tchar@?$output_processor@DV?$string_output_adapter@D@__crt_stdio_output@@V?$format_validation_base@DV?$string_output_adapter@D@__crt_stdio_output@@@2@@__crt_stdio_output@@AEAA_ND@Z 0000000180012b48 f i libucrt:output.obj
 0001:00011c1c       ?type_case_n@?$output_processor@DV?$string_output_adapter@D@__crt_stdio_output@@V?$format_validation_base@DV?$string_output_adapter@D@__crt_stdio_output@@@2@@__crt_stdio_output@@AEAA_NXZ 0000000180012c1c f i libucrt:output.obj
 0001:00011cd4       ?type_case_s@?$output_processor@DV?$string_output_adapter@D@__crt_stdio_output@@V?$format_validation_base@DV?$string_output_adapter@D@__crt_stdio_output@@@2@@__crt_stdio_output@@AEAA_NXZ 0000000180012cd4 f i libucrt:output.obj
 0001:00011d70       ?update_locale_slow@__crt_cached_ptd_host@@AEAAXXZ 0000000180012d70 f i libucrt:output.obj
 0001:00011de8       ?write_string@?$string_output_adapter@D@__crt_stdio_output@@QEBAXQEBDHQEAHAEAV__crt_cached_ptd_host@@@Z 0000000180012de8 f i libucrt:output.obj
 0001:00011e8c       __stdio_common_vsprintf_s  0000000180012e8c f   libucrt:output.obj
 0001:00011fa0       ??$parse_integer@KV?$c_string_character_source@D@__crt_strtox@@$00@__crt_strtox@@YAKAEAV__crt_cached_ptd_host@@V?$c_string_character_source@D@0@H_N@Z 0000000180012fa0 f i libucrt:atox.obj
 0001:00012290       _ischartype_l              0000000180013290 f i libucrt:atox.obj
 0001:00012308       atol                       0000000180013308 f   libucrt:atox.obj
 0001:000123d0       strncmp                    00000001800133d0 f   libucrt:strncmp.obj
 0001:00012450       calloc                     0000000180013450 f   libucrt:calloc.obj
 0001:00012458       wcsncmp                    0000000180013458 f   libucrt:wcsncmp.obj
 0001:00012484       _free_base                 0000000180013484 f   libucrt:free_base.obj
 0001:00012838       __acrt_freeptd             0000000180013838 f   libucrt:per_thread_data.obj
 0001:0001287c       __acrt_getptd              000000018001387c f   libucrt:per_thread_data.obj
 0001:00012950       __acrt_getptd_head         0000000180013950 f   libucrt:per_thread_data.obj
 0001:000129f4       __acrt_getptd_noexit       00000001800139f4 f   libucrt:per_thread_data.obj
 0001:00012abc       __acrt_getptd_noexit_explicit 0000000180013abc f   libucrt:per_thread_data.obj
 0001:00012b7c       __acrt_initialize_ptd      0000000180013b7c f   libucrt:per_thread_data.obj
 0001:00012bb8       __acrt_uninitialize_ptd    0000000180013bb8 f   libucrt:per_thread_data.obj
 0001:00012bdc       __acrt_initialize_locks    0000000180013bdc f   libucrt:locks.obj
 0001:00012c24       __acrt_lock                0000000180013c24 f   libucrt:locks.obj
 0001:00012c40       __acrt_uninitialize_locks  0000000180013c40 f   libucrt:locks.obj
 0001:00012c78       __acrt_unlock              0000000180013c78 f   libucrt:locks.obj
 0001:00012c94       __acrt_app_verifier_enabled 0000000180013c94 f   libucrt:peb_access.obj
 0001:00012cb0       __acrt_is_secure_process   0000000180013cb0 f   libucrt:peb_access.obj
 0001:00012cc8       __acrt_get_process_end_policy 0000000180013cc8 f   libucrt:win_policies.obj
 0001:00012cf8       ?get_raw_ptd_noexit@__crt_cached_ptd_host@@QEAAPEAU__acrt_ptd@@XZ 0000000180013cf8 f i libucrt:invalid_parameter.obj
 0001:00012d64       ?value@?$dual_state_global@P6AXPEB_W00I_K@Z@__crt_state_management@@QEAAAEAP6AXPEB_W00I_K@ZAEAV__crt_cached_ptd_host@@@Z 0000000180013d64 f i libucrt:invalid_parameter.obj
 0001:00012db0       __acrt_call_reportfault    0000000180013db0 f   libucrt:invalid_parameter.obj
 0001:00012f0c       __acrt_initialize_invalid_parameter_handler 0000000180013f0c f   libucrt:invalid_parameter.obj
 0001:00012f14       _invalid_parameter         0000000180013f14 f   libucrt:invalid_parameter.obj
 0001:00012fb0       _invalid_parameter_internal 0000000180013fb0 f   libucrt:invalid_parameter.obj
 0001:0001307c       _invalid_parameter_noinfo  000000018001407c f   libucrt:invalid_parameter.obj
 0001:0001309c       _invoke_watson             000000018001409c f   libucrt:invalid_parameter.obj
 0001:000130e4       __acrt_errno_from_os_error 00000001800140e4 f   libucrt:errno.obj
 0001:0001312c       __acrt_errno_map_os_error  000000018001412c f   libucrt:errno.obj
 0001:00013174       __acrt_errno_map_os_error_ptd 0000000180014174 f   libucrt:errno.obj
 0001:00013198       __doserrno                 0000000180014198 f   libucrt:errno.obj
 0001:000131b8       _errno                     00000001800141b8 f   libucrt:errno.obj
 0001:000131d8       _calloc_base               00000001800141d8 f   libucrt:calloc_base.obj
 0001:00013264       ??$__acrt_convert_wcs_mbs_cp@D_WV<lambda_7c9dea7b4ca7285d2cdb541a38da6275>@@U__crt_win32_buffer_internal_dynamic_resizing@@@@YAHQEBDAEAV?$__crt_win32_buffer@_WU__crt_win32_buffer_internal_dynamic_resizing@@@@AEBV<lambda_7c9dea7b4ca7285d2cdb541a38da6275>@@I@Z 0000000180014264 f i libucrt:argv_wildcards.obj
 0001:000133e0       ??$__acrt_convert_wcs_mbs_cp@_WDV<lambda_d8593a27d1aa8c02be35c86a17d324c4>@@U__crt_win32_buffer_internal_dynamic_resizing@@@@YAHQEB_WAEAV?$__crt_win32_buffer@DU__crt_win32_buffer_internal_dynamic_resizing@@@@AEBV<lambda_d8593a27d1aa8c02be35c86a17d324c4>@@I@Z 00000001800143e0 f i libucrt:argv_wildcards.obj
 0001:00013c84       ??0_LocaleUpdate@@QEAA@QEAU__crt_locale_pointers@@@Z 0000000180014c84 f i libucrt:argv_wildcards.obj
 0001:00013d20       __acrt_expand_narrow_argv_wildcards 0000000180014d20 f   libucrt:argv_wildcards.obj
 0001:00013d28       ??$__acrt_convert_wcs_mbs_cp@_WDV<lambda_f788ae46380686e8b737efdd8c720d07>@@U__crt_win32_buffer_no_resizing@@@@YAHQEB_WAEAV?$__crt_win32_buffer@DU__crt_win32_buffer_no_resizing@@@@AEBV<lambda_f788ae46380686e8b737efdd8c720d07>@@I@Z 0000000180014d28 f i libucrt:getmodulefilenamea.obj
 0001:00013e44       __acrt_GetModuleFileNameA  0000000180014e44 f   libucrt:getmodulefilenamea.obj
 0001:00014760       __acrt_initialize_multibyte 0000000180015760 f   libucrt:mbctype.obj
 0001:000147c0       __acrt_update_thread_multibyte_data 00000001800157c0 f   libucrt:mbctype.obj
 0001:000147dc       _setmbcp_nolock            00000001800157dc f   libucrt:mbctype.obj
 0001:00014b10       _ismbblead                 0000000180015b10 f   libucrt:ismbbyte.obj
 0001:00014b24       __acrt_initialize_command_line 0000000180015b24 f   libucrt:argv_data.obj
 0001:00014b4c       __acrt_MultiByteToWideChar 0000000180015b4c f   libucrt:multibytetowidechar.obj
 0001:00014bdc       __acrt_WideCharToMultiByte 0000000180015bdc f   libucrt:widechartomultibyte.obj
 0001:00014cbc       __dcrt_get_narrow_environment_from_os 0000000180015cbc f   libucrt:get_environment_from_os.obj
 0001:00014dcc       _recalloc_base             0000000180015dcc f   libucrt:recalloc.obj
 0001:00015020       __acrt_AppPolicyGetProcessTerminationMethodInternal 0000000180016020 f   libucrt:winapi_thunks.obj
 0001:00015078       __acrt_AreFileApisANSI     0000000180016078 f   libucrt:winapi_thunks.obj
 0001:000150bc       __acrt_FlsAlloc            00000001800160bc f   libucrt:winapi_thunks.obj
 0001:000150c4       __acrt_FlsFree             00000001800160c4 f   libucrt:winapi_thunks.obj
 0001:000150cc       __acrt_FlsGetValue         00000001800160cc f   libucrt:winapi_thunks.obj
 0001:000150d4       __acrt_FlsSetValue         00000001800160d4 f   libucrt:winapi_thunks.obj
 0001:000150dc       __acrt_InitializeCriticalSectionEx 00000001800160dc f   libucrt:winapi_thunks.obj
 0001:0001514c       __acrt_LCMapStringEx       000000018001614c f   libucrt:winapi_thunks.obj
 0001:00015238       __acrt_LocaleNameToLCID    0000000180016238 f   libucrt:winapi_thunks.obj
 0001:00015298       __acrt_initialize_winapi_thunks 0000000180016298 f   libucrt:winapi_thunks.obj
 0001:000152bc       __acrt_uninitialize_winapi_thunks 00000001800162bc f   libucrt:winapi_thunks.obj
 0001:00015300       __acrt_initialize_heap     0000000180016300 f   libucrt:heap_handle.obj
 0001:0001531c       __acrt_uninitialize_heap   000000018001631c f   libucrt:heap_handle.obj
 0001:00015520       __acrt_initialize_lowio    0000000180016520 f   libucrt:ioinit.obj
 0001:0001555c       __acrt_uninitialize_lowio  000000018001655c f   libucrt:ioinit.obj
 0001:0001559c       __acrt_execute_initializers 000000018001659c f   libucrt:shared_initialization.obj
 0001:00015630       __acrt_execute_uninitializers 0000000180016630 f   libucrt:shared_initialization.obj
 0001:00015678       __acrt_initialize_new_handler 0000000180016678 f   libucrt:new_handler.obj
 0001:00015680       _callnewh                  0000000180016680 f   libucrt:new_handler.obj
 0001:000156c0       _query_new_handler         00000001800166c0 f   libucrt:new_handler.obj
 0001:00015740       __acrt_get_sigabrt_handler 0000000180016740 f   libucrt:signal.obj
 0001:00015770       __acrt_initialize_signal_handlers 0000000180016770 f   libucrt:signal.obj
 0001:00015790       raise                      0000000180016790 f   libucrt:signal.obj
 0001:00015a0c       __acrt_has_user_matherr    0000000180016a0c f   libucrt:matherr.obj
 0001:00015a2c       __acrt_initialize_user_matherr 0000000180016a2c f   libucrt:matherr.obj
 0001:00015a34       __acrt_invoke_user_matherr 0000000180016a34 f   libucrt:matherr.obj
 0001:00015c50       __acrt_stdio_flush_nolock  0000000180016c50 f   libucrt:fflush.obj
 0001:00015cdc       _fflush_nolock             0000000180016cdc f   libucrt:fflush.obj
 0001:00015db0       _flushall                  0000000180016db0 f   libucrt:fflush.obj
 0001:00015db8       __acrt_initialize_stdio    0000000180016db8 f   libucrt:_file.obj
 0001:00015ed8       __acrt_uninitialize_stdio  0000000180016ed8 f   libucrt:_file.obj
 0001:00015f34       _lock_file                 0000000180016f34 f   libucrt:_file.obj
 0001:00015f40       _unlock_file               0000000180016f40 f   libucrt:_file.obj
 0001:00015f4c       _malloc_base               0000000180016f4c f   libucrt:malloc_base.obj
 0001:00015fac       strnlen                    0000000180016fac f   libucrt:strnlen.obj
 0001:000160fc       wcsnlen                    00000001800170fc f   libucrt:strnlen.obj
 0001:000162d4       __acrt_update_locale_info  00000001800172d4 f   libucrt:locale_update.obj
 0001:00016308       __acrt_update_locale_info_explicit 0000000180017308 f   libucrt:locale_update.obj
 0001:00016340       __acrt_update_multibyte_info 0000000180017340 f   libucrt:locale_update.obj
 0001:00016374       __acrt_update_multibyte_info_explicit 0000000180017374 f   libucrt:locale_update.obj
 0001:00016ec0       __acrt_fp_format           0000000180017ec0 f   libucrt:cvt.obj
 0001:000171a8       _wctomb_internal           00000001800181a8 f   libucrt:wctomb.obj
 0001:00017358       _mbtowc_internal           0000000180018358 f   libucrt:mbtowc.obj
 0001:000174d0       _fileno                    00000001800184d0 f   libucrt:fileno.obj
 0001:000174f8       _get_printf_count_output   00000001800184f8 f   libucrt:printf_count_output.obj
 0001:00017580       __acrt_set_locale_changed  0000000180018580 f   libucrt:wsetlocale.obj
 0001:0001758c       __acrt_uninitialize_locale 000000018001858c f   libucrt:wsetlocale.obj
 0001:000175bc       __pctype_func              00000001800185bc f   libucrt:ctype.obj
 0001:000175ec       _isctype_l                 00000001800185ec f   libucrt:isctype.obj
 0001:000176f4       __acrt_add_locale_ref      00000001800186f4 f   libucrt:locale_refcounting.obj
 0001:00017780       __acrt_free_locale         0000000180018780 f   libucrt:locale_refcounting.obj
 0001:000178f8       __acrt_locale_add_lc_time_reference 00000001800188f8 f   libucrt:locale_refcounting.obj
 0001:00017920       __acrt_locale_free_lc_time_if_unreferenced 0000000180018920 f   libucrt:locale_refcounting.obj
 0001:00017958       __acrt_locale_release_lc_time_reference 0000000180018958 f   libucrt:locale_refcounting.obj
 0001:00017980       __acrt_release_locale_ref  0000000180018980 f   libucrt:locale_refcounting.obj
 0001:00017a28       __acrt_update_thread_locale_data 0000000180018a28 f   libucrt:locale_refcounting.obj
 0001:00017a98       _updatetlocinfoEx_nolock   0000000180018a98 f   libucrt:locale_refcounting.obj
 0001:00017b00       _query_new_mode            0000000180018b00 f   libucrt:new_mode.obj
 0001:00017b10       qsort                      0000000180018b10 f   libucrt:qsort.obj
 0001:00017f20       strncpy_s                  0000000180018f20 f   libucrt:strncpy_s.obj
 0001:000180b0       strpbrk                    00000001800190b0 f   libucrt:strpbrk.obj
 0001:00018478       _mbsdec                    0000000180019478 f   libucrt:mbsdec.obj
 0001:00018480       _mbsdec_l                  0000000180019480 f   libucrt:mbsdec.obj
 0001:00018514       __acrt_GetStringTypeA      0000000180019514 f   libucrt:getstringtypea.obj
 0001:000189d8       __acrt_LCMapStringA        00000001800199d8 f   libucrt:lcmapstringa.obj
 0001:00018a88       _msize_base                0000000180019a88 f   libucrt:msize.obj
 0001:00018ac4       _realloc_base              0000000180019ac4 f   libucrt:realloc_base.obj
 0001:00018b40       __acrt_DownlevelLocaleNameToLCID 0000000180019b40 f   libucrt:lcidtoname_downlevel.obj
 0001:00018be4       __acrt_lowio_create_handle_array 0000000180019be4 f   libucrt:osfinfo.obj
 0001:00018c8c       __acrt_lowio_destroy_handle_array 0000000180019c8c f   libucrt:osfinfo.obj
 0001:00018cdc       __acrt_lowio_ensure_fh_exists 0000000180019cdc f   libucrt:osfinfo.obj
 0001:00018d84       __acrt_lowio_lock_fh       0000000180019d84 f   libucrt:osfinfo.obj
 0001:00018dac       __acrt_lowio_unlock_fh     0000000180019dac f   libucrt:osfinfo.obj
 0001:00018dd4       _free_osfhnd               0000000180019dd4 f   libucrt:osfinfo.obj
 0001:00018e90       _get_osfhandle             0000000180019e90 f   libucrt:osfinfo.obj
 0001:00018f94       _commit                    0000000180019f94 f   libucrt:commit.obj
 0001:00019830       _write_internal            000000018001a830 f   libucrt:write.obj
 0001:00019950       _write_nolock              000000018001a950 f   libucrt:write.obj
 0001:00019c58       _fcloseall                 000000018001ac58 f   libucrt:closeall.obj
 0001:00019d0c       __acrt_stdio_free_buffer_nolock 000000018001ad0c f   libucrt:_freebuf.obj
 0001:00019d50       _isatty                    000000018001ad50 f   libucrt:isatty.obj
 0001:00019e80       __acrt_fp_strflt_to_string 000000018001ae80 f   libucrt:_fptostr.obj
 0001:00019f90       ?divide@__crt_strtox@@YA_KAEAUbig_integer@1@AEBU21@@Z 000000018001af90 f i libucrt:cfout.obj
 0001:0001a42c       __acrt_fltout              000000018001b42c f   libucrt:cfout.obj
 0001:0001b744       fegetround                 000000018001c744 f   libucrt:fegetround.obj
 0001:0001b758       ?__c32rtomb_utf8@__crt_mbstring@@YA_KPEAD_UPEAU_Mbstatet@@AEAV__crt_cached_ptd_host@@@Z 000000018001c758 f   libucrt:c32rtomb.obj
 0001:0001b7fc       ?__mbrtowc_utf8@__crt_mbstring@@YA_KPEA_WPEBD_KPEAU_Mbstatet@@AEAV__crt_cached_ptd_host@@@Z 000000018001c7fc f   libucrt:mbrtowc.obj
 0001:0001b840       ?__mbsrtowcs_utf8@__crt_mbstring@@YA_KPEA_WPEAPEBD_KPEAU_Mbstatet@@AEAV__crt_cached_ptd_host@@@Z 000000018001c840 f   libucrt:mbrtowc.obj
 0001:0001b9e4       __acrt_locale_free_monetary 000000018001c9e4 f   libucrt:initmon.obj
 0001:0001baf0       __acrt_locale_free_numeric 000000018001caf0 f   libucrt:initnum.obj
 0001:0001bb90       __acrt_locale_free_time    000000018001cb90 f   libucrt:inittime.obj
 0001:0001bc98       __strncnt                  000000018001cc98 f   libucrt:strncnt.obj
 0001:0001bcb0       __ascii_wcsnicmp           000000018001ccb0 f   libucrt:wcsnicmp.obj
 0001:0001bcfc       _query_app_type            000000018001ccfc f   libucrt:report_runtime_error.obj
 0001:0001bdb0       _lseeki64_nolock_internal  000000018001cdb0 f   libucrt:lseek.obj
 0001:0001bdb8       _putwch_nolock             000000018001cdb8 f   libucrt:putwch.obj
 0001:0001bf18       fclose                     000000018001cf18 f   libucrt:fclose.obj
 0001:0001bfb0       _controlfp_s               000000018001cfb0 f   libucrt:contrlfp.obj
 0001:0001c014       fegetenv                   000000018001d014 f   libucrt:fegetenv.obj
 0001:0001c034       fesetenv                   000000018001d034 f   libucrt:fesetenv.obj
 0001:0001c08c       feholdexcept               000000018001d08c f   libucrt:feholdexcept.obj
 0001:0001c0dc       ceil                       000000018001d0dc f   libucrt:ceil.obj
 0001:0001c1a0       log10                      000000018001d1a0 f   libucrt:log10.obj
 0001:0001c74c       __acrt_fenv_get_common_round_control 000000018001d74c f   libucrt:_fenvutils.obj
 0001:0001c758       __acrt_fenv_get_control    000000018001d758 f   libucrt:_fenvutils.obj
 0001:0001c83c       __acrt_fenv_get_status     000000018001d83c f   libucrt:_fenvutils.obj
 0001:0001c894       __acrt_fenv_set_control    000000018001d894 f   libucrt:_fenvutils.obj
 0001:0001c9cc       __acrt_fenv_set_status     000000018001d9cc f   libucrt:_fenvutils.obj
 0001:0001ca40       ?reset_and_return@__crt_mbstring@@YA_K_KPEAU_Mbstatet@@@Z 000000018001da40 f   libucrt:common_utf8.obj
 0001:0001ca48       ?return_illegal_sequence@__crt_mbstring@@YA_KPEAU_Mbstatet@@AEAV__crt_cached_ptd_host@@@Z 000000018001da48 f   libucrt:common_utf8.obj
 0001:0001ca5c       ?__mbrtoc32_utf8@__crt_mbstring@@YA_KPEA_UPEBD_KPEAU_Mbstatet@@AEAV__crt_cached_ptd_host@@@Z 000000018001da5c f   libucrt:mbrtoc32.obj
 0001:0001cc38       __dcrt_lowio_ensure_console_output_initialized 000000018001dc38 f   libucrt:initcon.obj
 0001:0001cc8c       __dcrt_terminate_console_output 000000018001dc8c f   libucrt:initcon.obj
 0001:0001cca8       __dcrt_write_console       000000018001dca8 f   libucrt:initcon.obj
 0001:0001cde0       _close_internal            000000018001dde0 f   libucrt:close.obj
 0001:0001cea4       _close_nolock_internal     000000018001dea4 f   libucrt:close.obj
 0001:0001cf74       ?__acrt_stdio_free_stream@@YAXV__crt_stdio_stream@@@Z 000000018001df74 f   libucrt:stream.obj
 0001:0001cf90       _clearfp                   000000018001df90 f   libucrt:ieee.obj
 0001:0001cffc       _control87                 000000018001dffc f   libucrt:ieee.obj
 0001:0001d3c4       _handle_error              000000018001e3c4 f   libucrt:libm_error.obj
 0001:0001d4ec       _handle_nan                000000018001e4ec f   libucrt:libm_error.obj
 0001:0001d510       __acrt_initialize_fma3     000000018001e510 f   libucrt:fma3_available.obj
 0001:0001d580       _log10_special             000000018001e580 f   libucrt:log_special.obj
 0001:0001d650       _get_fpsr                  000000018001e650 f   libucrt:fpsr.obj
 0001:0001d660       _set_fpsr                  000000018001e660 f   libucrt:fpsr.obj
 0001:0001d66a       _fclrf                     000000018001e66a f   libucrt:fpsr.obj
 0001:0001d67e       _frnd                      000000018001e67e f   libucrt:fpsr.obj
 0001:0001d6a0       _raise_exc                 000000018001e6a0 f   libucrt:fpexcept.obj
 0001:0001d6c8       _raise_exc_ex              000000018001e6c8 f   libucrt:fpexcept.obj
 0001:0001d9d0       _set_errno_from_matherr    000000018001e9d0 f   libucrt:fpexcept.obj
 0001:0001da00       _clrfp                     000000018001ea00 f   libucrt:fpctrl.obj
 0001:0001da20       _ctrlfp                    000000018001ea20 f   libucrt:fpctrl.obj
 0001:0001da9c       _set_statfp                000000018001ea9c f   libucrt:fpctrl.obj
 0001:0001dabc       _statfp                    000000018001eabc f   libucrt:fpctrl.obj
 0001:0001dad0       _FindPESection             000000018001ead0 f   LIBCMT:pesect.obj
 0001:0001db20       _IsNonwritableInCurrentImage 000000018001eb20 f   LIBCMT:pesect.obj
 0001:0001db70       _ValidateImageBase         000000018001eb70 f   LIBCMT:pesect.obj
 0001:0001dba0       __GSHandlerCheck           000000018001eba0 f   LIBCMT:gshandler.obj
 0001:0001dbc0       __GSHandlerCheckCommon     000000018001ebc0 f   LIBCMT:gshandler.obj
 0001:0001dc30       __security_check_cookie    000000018001ec30 f   LIBCMT:amdsecgs.obj
 0001:0001dc50       __GSHandlerCheck_SEH       000000018001ec50 f   LIBCMT:gshandlerseh.obj
 0001:0001dcd8       __raise_securityfailure    000000018001ecd8 f   LIBCMT:gs_report.obj
 0001:0001dd0c       __report_gsfailure         000000018001ed0c f   LIBCMT:gs_report.obj
 0001:0001dde0       __report_rangecheckfailure 000000018001ede0 f   LIBCMT:gs_report.obj
 0001:0001ddf4       __report_securityfailure   000000018001edf4 f   LIBCMT:gs_report.obj
 0001:0001df90       _alloca_probe              000000018001ef90 f   LIBCMT:chkstk.obj
 0001:0001df90       __chkstk                   000000018001ef90 f   LIBCMT:chkstk.obj
 0001:0001dfe0       __GSHandlerCheck_EH        000000018001efe0 f   LIBCMT:gshandlereh.obj
 0001:0001e060       __C_specific_handler_noexcept 000000018001f060 f   libvcruntime:chandler_noexcept.obj
 0001:0001e0ac       strrchr                    000000018001f0ac f   libvcruntime:strrchr.obj
 0001:0001e1f0       memcmp                     000000018001f1f0 f   libvcruntime:memcmp.obj
 0001:0001e2d0       _guard_dispatch_icall_nop  000000018001f2d0 f   LIBCMT:guard_dispatch.obj
 0001:0001e2f0       _guard_xfg_dispatch_icall_nop 000000018001f2f0 f   LIBCMT:guard_xfg_dispatch.obj
 0002:00000000       __imp_LoadLibraryA         0000000180020000     kernel32:KERNEL32.dll
 0002:00000008       __imp_WriteConsoleW        0000000180020008     kernel32:KERNEL32.dll
 0002:00000010       __imp_RaiseException       0000000180020010     kernel32:KERNEL32.dll
 0002:00000018       __imp_GetLastError         0000000180020018     kernel32:KERNEL32.dll
 0002:00000020       __imp_GetSystemInfo        0000000180020020     kernel32:KERNEL32.dll
 0002:00000028       __imp_VirtualProtect       0000000180020028     kernel32:KERNEL32.dll
 0002:00000030       __imp_VirtualQuery         0000000180020030     kernel32:KERNEL32.dll
 0002:00000038       __imp_FreeLibrary          0000000180020038     kernel32:KERNEL32.dll
 0002:00000040       __imp_GetModuleHandleW     0000000180020040     kernel32:KERNEL32.dll
 0002:00000048       __imp_GetProcAddress       0000000180020048     kernel32:KERNEL32.dll
 0002:00000050       __imp_LoadLibraryExA       0000000180020050     kernel32:KERNEL32.dll
 0002:00000058       __imp_InitializeSListHead  0000000180020058     kernel32:KERNEL32.dll
 0002:00000060       __imp_QueryPerformanceCounter 0000000180020060     kernel32:KERNEL32.dll
 0002:00000068       __imp_GetCurrentProcessId  0000000180020068     kernel32:KERNEL32.dll
 0002:00000070       __imp_GetCurrentThreadId   0000000180020070     kernel32:KERNEL32.dll
 0002:00000078       __imp_GetSystemTimeAsFileTime 0000000180020078     kernel32:KERNEL32.dll
 0002:00000080       __imp_RtlCaptureContext    0000000180020080     kernel32:KERNEL32.dll
 0002:00000088       __imp_RtlLookupFunctionEntry 0000000180020088     kernel32:KERNEL32.dll
 0002:00000090       __imp_RtlVirtualUnwind     0000000180020090     kernel32:KERNEL32.dll
 0002:00000098       __imp_IsDebuggerPresent    0000000180020098     kernel32:KERNEL32.dll
 0002:000000a0       __imp_UnhandledExceptionFilter 00000001800200a0     kernel32:KERNEL32.dll
 0002:000000a8       __imp_SetUnhandledExceptionFilter 00000001800200a8     kernel32:KERNEL32.dll
 0002:000000b0       __imp_GetStartupInfoW      00000001800200b0     kernel32:KERNEL32.dll
 0002:000000b8       __imp_IsProcessorFeaturePresent 00000001800200b8     kernel32:KERNEL32.dll
 0002:000000c0       __imp_InterlockedPushEntrySList 00000001800200c0     kernel32:KERNEL32.dll
 0002:000000c8       __imp_InterlockedFlushSList 00000001800200c8     kernel32:KERNEL32.dll
 0002:000000d0       __imp_RtlUnwindEx          00000001800200d0     kernel32:KERNEL32.dll
 0002:000000d8       __imp_SetLastError         00000001800200d8     kernel32:KERNEL32.dll
 0002:000000e0       __imp_EnterCriticalSection 00000001800200e0     kernel32:KERNEL32.dll
 0002:000000e8       __imp_LeaveCriticalSection 00000001800200e8     kernel32:KERNEL32.dll
 0002:000000f0       __imp_DeleteCriticalSection 00000001800200f0     kernel32:KERNEL32.dll
 0002:000000f8       __imp_InitializeCriticalSectionAndSpinCount 00000001800200f8     kernel32:KERNEL32.dll
 0002:00000100       __imp_TlsAlloc             0000000180020100     kernel32:KERNEL32.dll
 0002:00000108       __imp_TlsGetValue          0000000180020108     kernel32:KERNEL32.dll
 0002:00000110       __imp_TlsSetValue          0000000180020110     kernel32:KERNEL32.dll
 0002:00000118       __imp_TlsFree              0000000180020118     kernel32:KERNEL32.dll
 0002:00000120       __imp_LoadLibraryExW       0000000180020120     kernel32:KERNEL32.dll
 0002:00000128       __imp_EncodePointer        0000000180020128     kernel32:KERNEL32.dll
 0002:00000130       __imp_RtlPcToFileHeader    0000000180020130     kernel32:KERNEL32.dll
 0002:00000138       __imp_GetCurrentProcess    0000000180020138     kernel32:KERNEL32.dll
 0002:00000140       __imp_ExitProcess          0000000180020140     kernel32:KERNEL32.dll
 0002:00000148       __imp_TerminateProcess     0000000180020148     kernel32:KERNEL32.dll
 0002:00000150       __imp_GetModuleHandleExW   0000000180020150     kernel32:KERNEL32.dll
 0002:00000158       __imp_GetModuleFileNameW   0000000180020158     kernel32:KERNEL32.dll
 0002:00000160       __imp_HeapFree             0000000180020160     kernel32:KERNEL32.dll
 0002:00000168       __imp_HeapAlloc            0000000180020168     kernel32:KERNEL32.dll
 0002:00000170       __imp_FindClose            0000000180020170     kernel32:KERNEL32.dll
 0002:00000178       __imp_FindFirstFileExW     0000000180020178     kernel32:KERNEL32.dll
 0002:00000180       __imp_FindNextFileW        0000000180020180     kernel32:KERNEL32.dll
 0002:00000188       __imp_IsValidCodePage      0000000180020188     kernel32:KERNEL32.dll
 0002:00000190       __imp_GetACP               0000000180020190     kernel32:KERNEL32.dll
 0002:00000198       __imp_GetOEMCP             0000000180020198     kernel32:KERNEL32.dll
 0002:000001a0       __imp_GetCPInfo            00000001800201a0     kernel32:KERNEL32.dll
 0002:000001a8       __imp_GetCommandLineA      00000001800201a8     kernel32:KERNEL32.dll
 0002:000001b0       __imp_GetCommandLineW      00000001800201b0     kernel32:KERNEL32.dll
 0002:000001b8       __imp_MultiByteToWideChar  00000001800201b8     kernel32:KERNEL32.dll
 0002:000001c0       __imp_WideCharToMultiByte  00000001800201c0     kernel32:KERNEL32.dll
 0002:000001c8       __imp_GetEnvironmentStringsW 00000001800201c8     kernel32:KERNEL32.dll
 0002:000001d0       __imp_FreeEnvironmentStringsW 00000001800201d0     kernel32:KERNEL32.dll
 0002:000001d8       __imp_FlsAlloc             00000001800201d8     kernel32:KERNEL32.dll
 0002:000001e0       __imp_FlsGetValue          00000001800201e0     kernel32:KERNEL32.dll
 0002:000001e8       __imp_FlsSetValue          00000001800201e8     kernel32:KERNEL32.dll
 0002:000001f0       __imp_FlsFree              00000001800201f0     kernel32:KERNEL32.dll
 0002:000001f8       __imp_LCMapStringW         00000001800201f8     kernel32:KERNEL32.dll
[...]
 0002:0000aa6c       $unwind$__acrt_fp_format   000000018002aa6c     libucrt:cvt.obj
 0002:0000aa7c       $unwind$?fp_format_e_internal@@YAHQEAD_KH_NIQEAU_strflt@@2AEAV__crt_cached_ptd_host@@@Z 000000018002aa7c     libucrt:cvt.obj
 0002:0000aa98       $unwind$?should_round_up@@YA_NQEBN_KFW4__acrt_rounding_mode@@@Z 000000018002aa98     libucrt:cvt.obj
 0002:0000aab4       $unwind$?fp_format_a@@YAHQEBNPEAD_KQEAD2H_NIW4__acrt_rounding_mode@@AEAV__crt_cached_ptd_host@@@Z 000000018002aab4     libucrt:cvt.obj
 0002:0000aad0       $unwind$?fp_format_g@@YAHQEBNQEAD_K12H_NIW4__acrt_rounding_mode@@AEAV__crt_cached_ptd_host@@@Z 000000018002aad0     libucrt:cvt.obj
 0002:0000aae8       $unwind$_wctomb_internal   000000018002aae8     libucrt:wctomb.obj
 0002:0000aafc       $unwind$??$?RV<lambda_410d79af7f07d98d83a3f525b3859a53>@@AEAV<lambda_3e16ef9562a7dcce91392c22ab16ea36>@@V<lambda_38119f0e861e05405d8a144b9b982f0a>@@@?$__crt_seh_guarded_call@X@@QEAAX$$QEAV<lambda_410d79af7f07d98d83a3f525b3859a53>@@AEAV<lambda_3e16ef9562a7dcce91392c22ab16ea36>@@$$QEAV<lambda_38119f0e861e05405d8a144b9b982f0a>@@@Z 000000018002aafc     libucrt:wsetlocale.obj
 0002:0000ab24       $unwind$_isctype_l         000000018002ab24     libucrt:isctype.obj
 0002:0000ab40       $unwind$__acrt_update_thread_locale_data 000000018002ab40     libucrt:locale_refcounting.obj
 0002:0000ab64       $unwind$qsort              000000018002ab64     libucrt:qsort.obj
 0002:0000ab7c       $chain$4$qsort             000000018002ab7c     libucrt:qsort.obj
 0002:0000aba0       $chain$5$qsort             000000018002aba0     libucrt:qsort.obj
 0002:0000abb0       $unwind$strpbrk            000000018002abb0     libucrt:strpbrk.obj
 0002:0000abc0       $unwind$fallbackMethod     000000018002abc0     libucrt:strpbrk.obj
 0002:0000abd0       $unwind$__acrt_GetStringTypeA 000000018002abd0     libucrt:getstringtypea.obj
 0002:0000abf8       $unwind$__acrt_LCMapStringA 000000018002abf8     libucrt:lcmapstringa.obj
 0002:0000ac08       $unwind$?__acrt_LCMapStringA_stat@@YAHPEAU__crt_locale_pointers@@PEB_WKPEBDHPEADHHH@Z 000000018002ac08     libucrt:lcmapstringa.obj
 0002:0000ac30       $unwind$__acrt_lowio_destroy_handle_array 000000018002ac30     libucrt:osfinfo.obj
 0002:0000ac40       $unwind$__acrt_lowio_ensure_fh_exists 000000018002ac40     libucrt:osfinfo.obj
 0002:0000ac6c       $unwind$_commit            000000018002ac6c     libucrt:commit.obj
 0002:0000ac74       $unwind$??$?RV<lambda_a37b2b86f63e897a80ea819b0eb08c01>@@AEAV<lambda_38ce7e780aa69e748d6df282ebc68efe>@@V<lambda_99fb1378e971ab6e7edea83e3a7a83a2>@@@?$__crt_seh_guarded_call@H@@QEAAH$$QEAV<lambda_a37b2b86f63e897a80ea819b0eb08c01>@@AEAV<lambda_38ce7e780aa69e748d6df282ebc68efe>@@$$QEAV<lambda_99fb1378e971ab6e7edea83e3a7a83a2>@@@Z 000000018002ac74     libucrt:commit.obj
 0002:0000ac98       $unwind$_write_nolock      000000018002ac98     libucrt:write.obj
 0002:0000acb0       $unwind$_write_internal    000000018002acb0     libucrt:write.obj
 0002:0000acdc       $unwind$?write_double_translated_ansi_nolock@@YA?AUwrite_result@?A0x17268360@@HQEBDIAEAV__crt_cached_ptd_host@@@Z 000000018002acdc     libucrt:write.obj
 0002:0000ad08       $ip2state$?write_double_translated_ansi_nolock@@YA?AUwrite_result@?A0x17268360@@HQEBDIAEAV__crt_cached_ptd_host@@@Z 000000018002ad08     libucrt:write.obj
 0002:0000ad10       $unwind$?write_text_ansi_nolock@@YA?AUwrite_result@?A0x17268360@@HQEBDI@Z 000000018002ad10     libucrt:write.obj
 0002:0000ad10       $unwind$?write_text_utf16le_nolock@@YA?AUwrite_result@?A0x17268360@@HQEBDI@Z 000000018002ad10     libucrt:write.obj
 0002:0000ad30       $unwind$?write_text_utf8_nolock@@YA?AUwrite_result@?A0x17268360@@HQEBDI@Z 000000018002ad30     libucrt:write.obj
 0002:0000ad54       $unwind$_fcloseall         000000018002ad54     libucrt:closeall.obj
 0002:0000ad78       $unwind$__acrt_fltout      000000018002ad78     libucrt:cfout.obj
 0002:0000ad98       $unwind$?divide@__crt_strtox@@YA_KAEAUbig_integer@1@AEBU21@@Z 000000018002ad98     libucrt:cfout.obj
 0002:0000adb0       $chain$0$?divide@__crt_strtox@@YA_KAEAUbig_integer@1@AEBU21@@Z 000000018002adb0     libucrt:cfout.obj
 0002:0000adc4       $chain$1$?divide@__crt_strtox@@YA_KAEAUbig_integer@1@AEBU21@@Z 000000018002adc4     libucrt:cfout.obj
 0002:0000add4       $unwind$?__mbsrtowcs_utf8@__crt_mbstring@@YA_KPEA_WPEAPEBD_KPEAU_Mbstatet@@AEAV__crt_cached_ptd_host@@@Z 000000018002add4     libucrt:mbrtowc.obj
 0002:0000adec       $unwind$__acrt_locale_free_monetary 000000018002adec     libucrt:initmon.obj
 0002:0000adf4       $unwind$__acrt_locale_free_time 000000018002adf4     libucrt:inittime.obj
 0002:0000ae04       $unwind$_putwch_nolock     000000018002ae04     libucrt:putwch.obj
 0002:0000ae0c       $unwind$?_fclose_nolock_internal@@YAHQEAU_iobuf@@AEAV__crt_cached_ptd_host@@@Z 000000018002ae0c     libucrt:fclose.obj
 0002:0000ae1c       $unwind$?_fclose_internal@@YAHQEAU_iobuf@@AEAV__crt_cached_ptd_host@@@Z 000000018002ae1c     libucrt:fclose.obj
 0002:0000ae40       $unwind$fesetenv           000000018002ae40     libucrt:fesetenv.obj
 0002:0000ae50       $xdatasym                  000000018002ae50     libucrt:log10.obj
 0002:0000ae5c       $unwind$__acrt_fenv_get_control 000000018002ae5c     libucrt:_fenvutils.obj
 0002:0000ae64       $unwind$__acrt_fenv_set_control 000000018002ae64     libucrt:_fenvutils.obj
 0002:0000ae74       $unwind$?__mbrtoc32_utf8@__crt_mbstring@@YA_KPEA_UPEBD_KPEAU_Mbstatet@@AEAV__crt_cached_ptd_host@@@Z 000000018002ae74     libucrt:mbrtoc32.obj
 0002:0000ae90       $unwind$_close_internal    000000018002ae90     libucrt:close.obj
 0002:0000ae98       $unwind$??$?RV<lambda_ad8af0d99a0adf03d037d7dffe354bb5>@@AEAV<lambda_c9ba49e555ba839a7b07aa3fbecb7617>@@V<lambda_2f1ebd5d68526518146ae959c9e734c8>@@@?$__crt_seh_guarded_call@H@@QEAAH$$QEAV<lambda_ad8af0d99a0adf03d037d7dffe354bb5>@@AEAV<lambda_c9ba49e555ba839a7b07aa3fbecb7617>@@$$QEAV<lambda_2f1ebd5d68526518146ae959c9e734c8>@@@Z 000000018002ae98     libucrt:close.obj
 0002:0000aebc       $unwind$common_control87   000000018002aebc     libucrt:ieee.obj
 0002:0000aee8       $unwind$_call_matherr      000000018002aee8     libucrt:libm_error.obj
 0002:0000aef0       $unwind$_handle_error      000000018002aef0     libucrt:libm_error.obj
 0002:0000af10       $unwind$__acrt_initialize_fma3 000000018002af10     libucrt:fma3_available.obj
 0002:0000af18       $unwind$_log_special_common 000000018002af18     libucrt:log_special.obj
 0002:0000af28       $xdatasym                  000000018002af28     libucrt:fpsr.obj
 0002:0000af30       $unwind$_raise_exc_ex      000000018002af30     libucrt:fpexcept.obj
 0002:0000af44       $unwind$_ctrlfp            000000018002af44     libucrt:fpctrl.obj
 0002:0000af6c       $unwind$_IsNonwritableInCurrentImage 000000018002af6c     LIBCMT:pesect.obj
 0002:0000af90       $unwind$__GSHandlerCheckCommon 000000018002af90     LIBCMT:gshandler.obj
 0002:0000af98       $xdatasym                  000000018002af98     LIBCMT:amdsecgs.obj
 0002:0000af9c       $unwind$__report_securityfailure 000000018002af9c     LIBCMT:gs_report.obj
 0002:0000afa4       $unwind$__report_gsfailure 000000018002afa4     LIBCMT:gs_report.obj
 0002:0000afac       $unwind$capture_current_context 000000018002afac     LIBCMT:gs_report.obj
 0002:0000afb8       $unwind$capture_previous_context 000000018002afb8     LIBCMT:gs_report.obj
 0002:0000afc8       $xdatasym                  000000018002afc8     LIBCMT:chkstk.obj
 0002:0000afd0       $xdatasym                  000000018002afd0     libvcruntime:memcmp.obj
 0002:0000b4e0       .edata                     000000018002b4e0     PhysXCooking_64.exp
 0002:0000b508       rgpv                       000000018002b508     PhysXCooking_64.exp
 0002:0000b5ec       rgszName                   000000018002b5ec     PhysXCooking_64.exp
 0002:0000b6d0       rgwOrd                     000000018002b6d0     PhysXCooking_64.exp
 0002:0000b742       szName                     000000018002b742     PhysXCooking_64.exp
 0002:0000b756       $N00001                    000000018002b756     PhysXCooking_64.exp
 0002:0000b77a       $N00002                    000000018002b77a     PhysXCooking_64.exp
 0002:0000b7a9       $N00003                    000000018002b7a9     PhysXCooking_64.exp
 0002:0000b7d0       $N00004                    000000018002b7d0     PhysXCooking_64.exp
 0002:0000b827       $N00005                    000000018002b827     PhysXCooking_64.exp
 0002:0000b852       $N00006                    000000018002b852     PhysXCooking_64.exp
 0002:0000b878       $N00007                    000000018002b878     PhysXCooking_64.exp
 0002:0000b897       $N00008                    000000018002b897     PhysXCooking_64.exp
 0002:0000b8bb       $N00009                    000000018002b8bb     PhysXCooking_64.exp
 0002:0000b8e2       $N00010                    000000018002b8e2     PhysXCooking_64.exp
 0002:0000b90b       $N00011                    000000018002b90b     PhysXCooking_64.exp
 0002:0000b92a       $N00012                    000000018002b92a     PhysXCooking_64.exp
 0002:0000b95d       $N00013                    000000018002b95d     PhysXCooking_64.exp
 0002:0000b993       $N00014                    000000018002b993     PhysXCooking_64.exp
 0002:0000b9cb       $N00015                    000000018002b9cb     PhysXCooking_64.exp
 0002:0000b9fd       $N00016                    000000018002b9fd     PhysXCooking_64.exp
 0002:0000ba29       $N00017                    000000018002ba29     PhysXCooking_64.exp
 0002:0000ba45       $N00018                    000000018002ba45     PhysXCooking_64.exp
 0002:0000ba6f       $N00019                    000000018002ba6f     PhysXCooking_64.exp
 0002:0000baab       $N00020                    000000018002baab     PhysXCooking_64.exp
 0002:0000bae6       $N00021                    000000018002bae6     PhysXCooking_64.exp
 0002:0000bb21       $N00022                    000000018002bb21     PhysXCooking_64.exp
 0002:0000bb56       $N00023                    000000018002bb56     PhysXCooking_64.exp
 0002:0000bb92       $N00024                    000000018002bb92     PhysXCooking_64.exp
 0002:0000bbc5       $N00025                    000000018002bbc5     PhysXCooking_64.exp
 0002:0000bbf8       $N00026                    000000018002bbf8     PhysXCooking_64.exp
 0002:0000bc32       $N00027                    000000018002bc32     PhysXCooking_64.exp
 0002:0000bc6c       $N00028                    000000018002bc6c     PhysXCooking_64.exp
 0002:0000bc99       $N00029                    000000018002bc99     PhysXCooking_64.exp
 0002:0000bccc       $N00030                    000000018002bccc     PhysXCooking_64.exp
 0002:0000bcfa       $N00031                    000000018002bcfa     PhysXCooking_64.exp
 0002:0000bd27       $N00032                    000000018002bd27     PhysXCooking_64.exp
 0002:0000bd63       $N00033                    000000018002bd63     PhysXCooking_64.exp
 0002:0000bda0       $N00034                    000000018002bda0     PhysXCooking_64.exp
 0002:0000bdd0       $N00035                    000000018002bdd0     PhysXCooking_64.exp
 0002:0000bdef       $N00036                    000000018002bdef     PhysXCooking_64.exp
 0002:0000be06       $N00037                    000000018002be06     PhysXCooking_64.exp
 0002:0000be1c       $N00038                    000000018002be1c     PhysXCooking_64.exp
 0002:0000be33       $N00039                    000000018002be33     PhysXCooking_64.exp
 0002:0000be4b       $N00040                    000000018002be4b     PhysXCooking_64.exp
 0002:0000be55       $N00041                    000000018002be55     PhysXCooking_64.exp
 0002:0000be66       $N00042                    000000018002be66     PhysXCooking_64.exp
 0002:0000be81       $N00043                    000000018002be81     PhysXCooking_64.exp
 0002:0000be93       $N00044                    000000018002be93     PhysXCooking_64.exp
 0002:0000bea9       $N00045                    000000018002bea9     PhysXCooking_64.exp
 0002:0000bebc       $N00046                    000000018002bebc     PhysXCooking_64.exp
 0002:0000bec8       $N00047                    000000018002bec8     PhysXCooking_64.exp
 0002:0000bedc       $N00048                    000000018002bedc     PhysXCooking_64.exp
 0002:0000beef       $N00049                    000000018002beef     PhysXCooking_64.exp
 0002:0000bf0c       $N00050                    000000018002bf0c     PhysXCooking_64.exp
 0002:0000bf20       $N00051                    000000018002bf20     PhysXCooking_64.exp
 0002:0000bf38       $N00052                    000000018002bf38     PhysXCooking_64.exp
 0002:0000bf4d       $N00053                    000000018002bf4d     PhysXCooking_64.exp
 0002:0000bf6a       $N00054                    000000018002bf6a     PhysXCooking_64.exp
 0002:0000bf8b       $N00055                    000000018002bf8b     PhysXCooking_64.exp
 0002:0000bfaa       $N00056                    000000018002bfaa     PhysXCooking_64.exp
 0002:0000bfbf       $N00057                    000000018002bfbf     PhysXCooking_64.exp
 0002:0000c288       .idata$6                   000000018002c288     kernel32:KERNEL32.dll
 0003:00000040       ?prefix@?1??getDimension@UnDecorator@@CA?AVDName@@_N@Z@4UStringLiteral@@A 000000018002d040     libvcruntime:undname.obj
 0003:00000050       ?__vcrt_flsindex@@3KA      000000018002d050     libvcruntime:per_thread_data.obj
 0003:00000070       ?__acrt_flsindex@@3KA      000000018002d070     libucrt:per_thread_data.obj
 0003:00000074       ?errno_no_memory@@3HA      000000018002d074     libucrt:errno.obj
 0003:00000078       ?doserrno_no_memory@@3KA   000000018002d078     libucrt:errno.obj
 0003:000002b0       _mbctypes                  000000018002d2b0     libucrt:mbctype.obj
 0003:000003c0       _mbcasemaps                000000018002d3c0     libucrt:mbctype.obj
 0003:000004c0       ?__rgctypeflag@@3PADA      000000018002d4c0     libucrt:mbctype.obj
 0003:000004d0       ?__rgcode_page_info@@3PAUcode_page_info@@A 000000018002d4d0     libucrt:mbctype.obj
 0003:000009e0       ?__dcrt_lowio_console_output_handle@@3PEAXEA 000000018002d9e0     libucrt:initcon.obj
 0003:000009e8       ?dazSupported@?1??common_control87@@9@9 000000018002d9e8     libucrt:ieee.obj
 0003:000009f0       ?dazSupported@?1??_ctrlfp@@9@9 000000018002d9f0     libucrt:fpctrl.obj
 0003:00000ca0       ?maxV3Error@vecMathTests@aos@physx@@3T__m128@@B 000000018002dca0     Cooking.obj
 0003:00000cb0       ?minFError@vecMathTests@aos@physx@@3T__m128@@B 000000018002dcb0     Cooking.obj
 0003:00000cc0       ?maxV4Error@vecMathTests@aos@physx@@3T__m128@@B 000000018002dcc0     Cooking.obj
 0003:00000cd0       ?minV4Error@vecMathTests@aos@physx@@3T__m128@@B 000000018002dcd0     Cooking.obj
 0003:00000ce0       ?minV3Error@vecMathTests@aos@physx@@3T__m128@@B 000000018002dce0     Cooking.obj
 0003:00000cf0       ?maxFError@vecMathTests@aos@physx@@3T__m128@@B 000000018002dcf0     Cooking.obj
 0003:00000d00       ?gCookingDelayLoadHook@@3PEBVPxDelayLoadHook@physx@@EB 000000018002dd00     WindowsCookingDelayLoadHook.obj
 0003:00000d60       ?__proc_attached@@3HA      000000018002dd60     LIBCMT:dll_dllmain.obj
 0003:00000d90       ?is_initialized_as_dll@@3_NA 000000018002dd90     LIBCMT:utility.obj
 0003:00000d91       ?module_local_atexit_table_initialized@@3_NA 000000018002dd91     LIBCMT:utility.obj
 0003:00000d98       ?module_local_atexit_table@@3U_onexit_table_t@@A 000000018002dd98     LIBCMT:utility.obj
 0003:00000db0       ?module_local_at_quick_exit_table@@3U_onexit_table_t@@A 000000018002ddb0     LIBCMT:utility.obj
 0003:00000e20       ?heap@@3V_HeapManager@@A   000000018002de20     libvcruntime:undname.obj
 0003:00000e50       ?__vcrt_startup_thread_ptd@@3U__vcrt_ptd@@A 000000018002de50     libvcruntime:per_thread_data.obj
 0003:00000ed0       __vcrt_lock_table          000000018002ded0     libvcruntime:locks.obj
 0003:00000ef8       __vcrt_locks_initialized   000000018002def8     libvcruntime:locks.obj
 0003:00000f00       ?module_handles@@3PAPEAUHINSTANCE__@@A 000000018002df00     libvcruntime:winapi_downlevel.obj
 0003:00000f18       ?function_pointers@@3PAPEAXA 000000018002df18     libvcruntime:winapi_downlevel.obj
 0003:00000f40       ?c_termination_complete@@3JA 000000018002df40     libucrt:exit.obj
 0003:00000f48       ?thread_local_exit_callback_func@@3P6AXPEAXK0@ZEA 000000018002df48     libucrt:exit.obj
 0003:00000f50       ?c_exit_complete@?1???R<lambda_6e4b09c48022b2350581041d5f6b0c4c>@@QEBA@XZ@4_NA 000000018002df50     libucrt:exit.obj
 0003:00000f60       ?program_name@?1???$common_configure_argv@D@@YAHW4_crt_argv_mode@@@Z@4PADA 000000018002df60     libucrt:argv_parsing.obj
 0003:000010c0       ?__acrt_lock_table@@3PAU_RTL_CRITICAL_SECTION@@A 000000018002e0c0     libucrt:locks.obj
 0003:000012f0       ?__acrt_locks_initialized@@3IA 000000018002e2f0     libucrt:locks.obj
 0003:000012f8       ?__acrt_invalid_parameter_handler@@3V?$dual_state_global@P6AXPEB_W00I_K@Z@__crt_state_management@@A 000000018002e2f8     libucrt:invalid_parameter.obj
 0003:00001318       ?fSystemSet@@3HA           000000018002e318     libucrt:mbctype.obj
 0003:0000131c       ?initialized@?1??__acrt_initialize_multibyte@@9@4_NA 000000018002e31c     libucrt:mbctype.obj
 0003:00001350       ?module_handles@@3PAPEAUHINSTANCE__@@A 000000018002e350     libucrt:winapi_thunks.obj
 0003:00001400       ?encoded_function_pointers@@3PAPEAXA 000000018002e400     libucrt:winapi_thunks.obj
 0003:00001908       ?__acrt_new_handler@@3V?$dual_state_global@P6AH_K@Z@__crt_state_management@@A 000000018002e908     libucrt:new_handler.obj
 0003:00001910       ?ctrlc_action@@3V?$dual_state_global@P6AXH@Z@__crt_state_management@@A 000000018002e910     libucrt:signal.obj
 0003:00001918       ?ctrlbreak_action@@3V?$dual_state_global@P6AXH@Z@__crt_state_management@@A 000000018002e918     libucrt:signal.obj
 0003:00001920       ?abort_action@@3V?$dual_state_global@P6AXH@Z@__crt_state_management@@A 000000018002e920     libucrt:signal.obj
 0003:00001928       ?term_action@@3V?$dual_state_global@P6AXH@Z@__crt_state_management@@A 000000018002e928     libucrt:signal.obj
 0003:00001930       ?user_matherr@@3V?$dual_state_global@P6AHPEAU_exception@@@Z@__crt_state_management@@A 000000018002e930     libucrt:matherr.obj
 0003:00001960       ?internal_state@?1??_mbtowc_internal@@9@4U_Mbstatet@@A 000000018002e960     libucrt:mbtowc.obj
 0003:00001968       ?enable_percent_n@@3_KA    000000018002e968     libucrt:printf_count_output.obj
 0003:00001974       ?__acrt_global_new_mode@@3V?$dual_state_global@J@__crt_state_management@@A 000000018002e974     libucrt:new_mode.obj
 0003:00001980       ?__acrt_app_type@@3W4_crt_app_type@@A 000000018002e980     libucrt:report_runtime_error.obj
 0003:00001988       ?internal_pst@?1??__mbrtoc32_utf8@__crt_mbstring@@YA_KPEA_UPEBD_KPEAU_Mbstatet@@AEAV__crt_cached_ptd_host@@@Z@4U3@A 000000018002e988     libucrt:mbrtoc32.obj
 0003:000019a0       GS_ExceptionRecord         000000018002e9a0     LIBCMT:gs_report.obj
 0003:00001a40       GS_ContextRecord           000000018002ea40     LIBCMT:gs_report.obj
 0005:00000000       MsetTab                    0000000180031000     libvcruntime:memset.obj
 0005:00000050       MoveSmall                  0000000180031050     libvcruntime:memcpy.obj
 0005:00000090       MoveSmallYmm               0000000180031090     libvcruntime:memcpy.obj
 0005:000000b4       MoveSmallYmmNT             00000001800310b4     libvcruntime:memcpy.obj
 0005:000000d8       MoveSmallXmm               00000001800310d8     libvcruntime:memcpy.obj
 0006:000000a0       $R000000                   00000001800320a0     PhysXCooking.res
 0006:000003d0       $R000330                   00000001800323d0     PhysXCooking.res
